Archive member included to satisfy reference by file (symbol)

C:/Program Files/SEGGER/SEGGER Embedded Studio for ARM 7.10a/lib/libc_v7em_fpv4_sp_d16_hard_t_le_eabi_balanced.a(floatasmops_arm.o)
                              Output/Debug/Obj/saadc_pca10040/main.o (__aeabi_dmul)
C:/Program Files/SEGGER/SEGGER Embedded Studio for ARM 7.10a/lib/libc_v7em_fpv4_sp_d16_hard_t_le_eabi_balanced.a(mbops.o)
                              Output/Debug/Obj/saadc_pca10040/nrf_log_str_formatter.o (isprint)
C:/Program Files/SEGGER/SEGGER Embedded Studio for ARM 7.10a/lib/libc_v7em_fpv4_sp_d16_hard_t_le_eabi_balanced.a(sortops.o)
                              C:/Program Files/SEGGER/SEGGER Embedded Studio for ARM 7.10a/lib/libc_v7em_fpv4_sp_d16_hard_t_le_eabi_balanced.a(mbops.o) (bsearch)
C:/Program Files/SEGGER/SEGGER Embedded Studio for ARM 7.10a/lib/libc_v7em_fpv4_sp_d16_hard_t_le_eabi_balanced.a(strasmops_arm.o)
                              Output/Debug/Obj/saadc_pca10040/nrf_fprintf_format.o (strlen)
C:/Program Files/SEGGER/SEGGER Embedded Studio for ARM 7.10a/lib/libc_v7em_fpv4_sp_d16_hard_t_le_eabi_balanced.a(strops.o)
                              C:/Program Files/SEGGER/SEGGER Embedded Studio for ARM 7.10a/lib/libc_v7em_fpv4_sp_d16_hard_t_le_eabi_balanced.a(mbops.o) (strcat)
C:/Program Files/SEGGER/SEGGER Embedded Studio for ARM 7.10a/lib/libc_v7em_fpv4_sp_d16_hard_t_le_eabi_balanced.a(timeops.o)
                              C:/Program Files/SEGGER/SEGGER Embedded Studio for ARM 7.10a/lib/libc_v7em_fpv4_sp_d16_hard_t_le_eabi_balanced.a(mbops.o) (__SEGGER_RTL_string_list_encode)
C:/Program Files/SEGGER/SEGGER Embedded Studio for ARM 7.10a/lib/libc_v7em_fpv4_sp_d16_hard_t_le_eabi_balanced.a(__SEGGER_RTL_vfprintf_long.o)
                              (__SEGGER_RTL_vfprintf_long)
C:/Program Files/SEGGER/SEGGER Embedded Studio for ARM 7.10a/lib/libc_v7em_fpv4_sp_d16_hard_t_le_eabi_balanced.a(__SEGGER_RTL_vfscanf_int.o)
                              (__SEGGER_RTL_vfscanf_int)
C:/Program Files/SEGGER/SEGGER Embedded Studio for ARM 7.10a/lib/libc_v7em_fpv4_sp_d16_hard_t_le_eabi_balanced.a(errno.o)
                              C:/Program Files/SEGGER/SEGGER Embedded Studio for ARM 7.10a/lib/libc_v7em_fpv4_sp_d16_hard_t_le_eabi_balanced.a(mbops.o) (__aeabi_errno_addr)
C:/Program Files/SEGGER/SEGGER Embedded Studio for ARM 7.10a/lib/libc_v7em_fpv4_sp_d16_hard_t_le_eabi_balanced.a(execops.o)
                              C:/Program Files/SEGGER/SEGGER Embedded Studio for ARM 7.10a/lib/libc_v7em_fpv4_sp_d16_hard_t_le_eabi_balanced.a(strops.o) (__SEGGER_RTL_constraint_violation)
C:/Program Files/SEGGER/SEGGER Embedded Studio for ARM 7.10a/lib/libc_v7em_fpv4_sp_d16_hard_t_le_eabi_balanced.a(execops_arm.o)
                              C:/Program Files/SEGGER/SEGGER Embedded Studio for ARM 7.10a/lib/libc_v7em_fpv4_sp_d16_hard_t_le_eabi_balanced.a(execops.o) (__aeabi_SIGABRT)
C:/Program Files/SEGGER/SEGGER Embedded Studio for ARM 7.10a/lib/libc_v7em_fpv4_sp_d16_hard_t_le_eabi_balanced.a(intasmops_arm.o)
                              C:/Program Files/SEGGER/SEGGER Embedded Studio for ARM 7.10a/lib/libc_v7em_fpv4_sp_d16_hard_t_le_eabi_balanced.a(__SEGGER_RTL_vfprintf_long.o) (__aeabi_uldivmod)
C:/Program Files/SEGGER/SEGGER Embedded Studio for ARM 7.10a/lib/libc_v7em_fpv4_sp_d16_hard_t_le_eabi_balanced.a(intops.o)
                              C:/Program Files/SEGGER/SEGGER Embedded Studio for ARM 7.10a/lib/libc_v7em_fpv4_sp_d16_hard_t_le_eabi_balanced.a(timeops.o) (div)
C:/Program Files/SEGGER/SEGGER Embedded Studio for ARM 7.10a/lib/libc_v7em_fpv4_sp_d16_hard_t_le_eabi_balanced.a(utilops.o)
                              C:/Program Files/SEGGER/SEGGER Embedded Studio for ARM 7.10a/lib/libc_v7em_fpv4_sp_d16_hard_t_le_eabi_balanced.a(__SEGGER_RTL_vfscanf_int.o) (__SEGGER_RTL_digit)
C:/Program Files/SEGGER/SEGGER Embedded Studio for ARM 7.10a/lib/libc_v7em_fpv4_sp_d16_hard_t_le_eabi_balanced.a(prinops.o)
                              C:/Program Files/SEGGER/SEGGER Embedded Studio for ARM 7.10a/lib/libc_v7em_fpv4_sp_d16_hard_t_le_eabi_balanced.a(__SEGGER_RTL_vfprintf_long.o) (__SEGGER_RTL_putc)
C:/Program Files/SEGGER/SEGGER Embedded Studio for ARM 7.10a/lib/libc_v7em_fpv4_sp_d16_hard_t_le_eabi_balanced.a(convops.o)
                              C:/Program Files/SEGGER/SEGGER Embedded Studio for ARM 7.10a/lib/libc_v7em_fpv4_sp_d16_hard_t_le_eabi_balanced.a(execops.o) (itoa)
C:/Program Files/SEGGER/SEGGER Embedded Studio for ARM 7.10a/lib/libc_v7em_fpv4_sp_d16_hard_t_le_eabi_balanced.a(fileops.o)
                              C:/Program Files/SEGGER/SEGGER Embedded Studio for ARM 7.10a/lib/libc_v7em_fpv4_sp_d16_hard_t_le_eabi_balanced.a(prinops.o) (fwrite)
C:/Program Files/SEGGER/SEGGER Embedded Studio for ARM 7.10a/lib/libc_v7em_fpv4_sp_d16_hard_t_le_eabi_balanced.a(floatops.o)
[...]
Memory Configuration

Name             Origin             Length             Attributes
UNPLACED_SECTIONS 0x0000000100000000 0x0000000000000000 xw
RAM              0x0000000020000000 0x0000000000010000 xw
FLASH            0x0000000000000000 0x0000000000080000 xw
*default*        0x0000000000000000 0xffffffffffffffff

Linker script and memory map

                0x0000000000000000                __SEGGER_RTL_vfprintf = __SEGGER_RTL_vfprintf_long
                0x0000000000000000                __SEGGER_RTL_vfscanf = __SEGGER_RTL_vfscanf_int
                0x0000000020000000                __RAM_segment_start__ = 0x20000000
                0x0000000020010000                __RAM_segment_end__ = 0x20010000
                0x0000000000010000                __RAM_segment_size__ = 0x10000
                0x0000000000000000                __FLASH_segment_start__ = 0x0
                0x0000000000080000                __FLASH_segment_end__ = 0x80000
                0x0000000000080000                __FLASH_segment_size__ = 0x80000
                0x0000000000002000                __HEAPSIZE__ = 0x2000
                0x0000000000000000                __STACKSIZE_PROCESS__ = 0x0
                0x0000000000002000                __STACKSIZE__ = 0x2000
                0x0000000020000000                __vectors_ram_load_start__ = 0x20000000

.vectors_ram    0x0000000020000000        0x0
                0x0000000020000000                __vectors_ram_start__ = .
                0x0000000020000000                __app_ram_start__ = __vectors_ram_start__
 *(.vectors_ram .vectors_ram.*)
                0x0000000020000000                __vectors_ram_end__ = (__vectors_ram_start__ + SIZEOF (.vectors_ram))
                0x0000000000000000                __vectors_ram_size__ = SIZEOF (.vectors_ram)
                0x0000000020000000                __vectors_ram_load_end__ = __vectors_ram_end__
                0x0000000000000001                . = ASSERT (((__vectors_ram_start__ == __vectors_ram_end__) || ((__vectors_ram_end__ - __RAM_segment_start__) <= __RAM_segment_size__)), error: .vectors_ram is too large to fit in RAM memory segment)
                0x0000000020000000                __nrf_sections_run_load_start__ = ALIGN (__vectors_ram_end__, 0x4)

.nrf_sections_run
                0x0000000020000000        0x0
                0x0000000020000000                __nrf_sections_run_start__ = .
                0x0000000020000000                __start_nrf_sections_run = __nrf_sections_run_start__
 *(.nrf_sections_run .nrf_sections_run.*)
                0x0000000020000000                __nrf_sections_run_end__ = (__nrf_sections_run_start__ + SIZEOF (.nrf_sections_run))
                0x0000000000000000                __nrf_sections_run_size__ = SIZEOF (.nrf_sections_run)
                0x0000000020000000                __nrf_sections_run_load_end__ = __nrf_sections_run_end__
                0x0000000000000001                . = ASSERT (((__nrf_sections_run_start__ == __nrf_sections_run_end__) || ((__nrf_sections_run_end__ - __RAM_segment_start__) <= __RAM_segment_size__)), error: .nrf_sections_run is too large to fit in RAM memory segment)
                0x0000000000000000                __vectors_load_start__ = 0x0

.vectors        0x0000000000000000       0xdc
                0x0000000000000000                __vectors_start__ = .
 *(.vectors .vectors.*)
 .vectors       0x0000000000000000       0xdc Output/Debug/Obj/saadc_pca10040/ses_nrf52_Vectors.o
                0x0000000000000000                _vectors
                0x00000000000000dc                __vectors_end__ = (__vectors_start__ + SIZEOF (.vectors))
                0x00000000000000dc                __vectors_size__ = SIZEOF (.vectors)
                0x00000000000000dc                __vectors_load_end__ = __vectors_end__
                0x0000000000000001                . = ASSERT (((__vectors_start__ == __vectors_end__) || ((__vectors_end__ - __FLASH_segment_start__) <= __FLASH_segment_size__)), error: .vectors is too large to fit in FLASH memory segment)
                0x00000000000000dc                __init_load_start__ = ALIGN (__vectors_end__, 0x4)

.init           0x00000000000000dc      0x210
                0x00000000000000dc                __init_start__ = .
 *(.init .init.*)
 .init          0x00000000000000dc       0x58 Output/Debug/Obj/saadc_pca10040/ses_nRF_Startup.o
                0x00000000000000dc                Reset_Handler
                0x0000000000000100                InitializeUserMemorySections
 .init          0x0000000000000134       0x60 Output/Debug/Obj/saadc_pca10040/ses_nrf52_Vectors.o
                0x0000000000000134                NMI_Handler
                0x0000000000000136                HardFault_Handler
                0x0000000000000138                MemoryManagement_Handler
                0x000000000000013a                BusFault_Handler
                0x000000000000013c                UsageFault_Handler
                0x000000000000013e                SVC_Handler
                0x0000000000000140                DebugMon_Handler
                0x0000000000000142                PendSV_Handler
                0x0000000000000144                SysTick_Handler
                0x0000000000000148                POWER_CLOCK_IRQHandler
                0x000000000000014a                RADIO_IRQHandler
                0x000000000000014e                SPIM0_SPIS0_TWIM0_TWIS0_SPI0_TWI0_IRQHandler
                0x0000000000000150                SPIM1_SPIS1_TWIM1_TWIS1_SPI1_TWI1_IRQHandler
                0x0000000000000152                NFCT_IRQHandler
                0x0000000000000154                GPIOTE_IRQHandler
                0x000000000000015c                TIMER2_IRQHandler
                0x000000000000015e                RTC0_IRQHandler
                0x0000000000000160                TEMP_IRQHandler
                0x0000000000000162                RNG_IRQHandler
                0x0000000000000164                ECB_IRQHandler
                0x0000000000000166                CCM_AAR_IRQHandler
                0x0000000000000168                WDT_IRQHandler
                0x000000000000016a                RTC1_IRQHandler
                0x000000000000016c                QDEC_IRQHandler
                0x000000000000016e                COMP_LPCOMP_IRQHandler
                0x0000000000000170                SWI0_EGU0_IRQHandler
                0x0000000000000172                SWI1_EGU1_IRQHandler
                0x0000000000000174                SWI2_EGU2_IRQHandler
                0x0000000000000176                SWI3_EGU3_IRQHandler
                0x0000000000000178                SWI4_EGU4_IRQHandler
                0x000000000000017a                SWI5_EGU5_IRQHandler
                0x000000000000017c                TIMER3_IRQHandler
                0x000000000000017e                TIMER4_IRQHandler
                0x0000000000000180                PWM0_IRQHandler
                0x0000000000000182                PDM_IRQHandler
                0x0000000000000184                MWU_IRQHandler
                0x0000000000000186                PWM1_IRQHandler
                0x0000000000000188                PWM2_IRQHandler
                0x000000000000018a                SPIM2_SPIS2_SPI2_IRQHandler
                0x000000000000018c                RTC2_IRQHandler
                0x000000000000018e                I2S_IRQHandler
                0x0000000000000190                FPU_IRQHandler
 .init          0x0000000000000194      0x158 Output/Debug/Obj/saadc_pca10040/thumb_crt0.o
                0x0000000000000194                _start
                0x0000000000000242                exit
                0x00000000000002ec                __init_end__ = (__init_start__ + SIZEOF (.init))
                0x0000000000000210                __init_size__ = SIZEOF (.init)
                0x00000000000002ec                __init_load_end__ = __init_end__
                0x0000000000000001                . = ASSERT (((__init_start__ == __init_end__) || ((__init_end__ - __FLASH_segment_start__) <= __FLASH_segment_size__)), error: .init is too large to fit in FLASH memory segment)
                0x00000000000002ec                __init_rodata_load_start__ = ALIGN (__init_end__, 0x4)

.init_rodata    0x00000000000002ec        0x0
                0x00000000000002ec                __init_rodata_start__ = .
 *(.init_rodata .init_rodata.*)
                0x00000000000002ec                __init_rodata_end__ = (__init_rodata_start__ + SIZEOF (.init_rodata))
                0x0000000000000000                __init_rodata_size__ = SIZEOF (.init_rodata)
                0x00000000000002ec                __init_rodata_load_end__ = __init_rodata_end__
                0x0000000000000001                . = ASSERT (((__init_rodata_start__ == __init_rodata_end__) || ((__init_rodata_end__ - __FLASH_segment_start__) <= __FLASH_segment_size__)), error: .init_rodata is too large to fit in FLASH memory segment)
                0x00000000000002ec                __text_load_start__ = ALIGN (__init_rodata_end__, 0x4)

.text           0x00000000000002ec     0x60c8
                0x00000000000002ec                __text_start__ = .
 *(.text .text.* .gnu.linkonce.t.* .glue_7t .glue_7 .gcc_except_table .ARM.extab* .gnu.linkonce.armextab.*)
 .glue_7        0x00000000000002ec        0x0 linker stubs
 .glue_7t       0x00000000000002ec        0x0 linker stubs
 .text.nrf_drv_saadc_init
                0x00000000000002ec       0x28 Output/Debug/Obj/saadc_pca10040/main.o
 .text.nrf_timer_event_address_get
                0x0000000000000314       0x18 Output/Debug/Obj/saadc_pca10040/main.o
 .text.nrf_timer_frequency_get
                0x000000000000032c       0x12 Output/Debug/Obj/saadc_pca10040/main.o
 .text.nrf_timer_compare_event_get
                0x000000000000033e       0x16 Output/Debug/Obj/saadc_pca10040/main.o
 .text.nrf_timer_ms_to_ticks
                0x0000000000000354       0x44 Output/Debug/Obj/saadc_pca10040/main.o
 .text.nrfx_timer_compare_event_address_get
                0x0000000000000398       0x40 Output/Debug/Obj/saadc_pca10040/main.o
 .text.nrfx_timer_ms_to_ticks
                0x00000000000003d8       0x26 Output/Debug/Obj/saadc_pca10040/main.o
 .text.timer_handler
                0x00000000000003fe       0x10 Output/Debug/Obj/saadc_pca10040/main.o
                0x00000000000003fe                timer_handler
 *fill*         0x000000000000040e        0x2 
 .text.timer_with_ppi_init
                0x0000000000000410       0xec Output/Debug/Obj/saadc_pca10040/main.o
                0x0000000000000410                timer_with_ppi_init
 *fill*         0x00000000000004fc        0x4 
 .text.saadc_callback_handler
                0x0000000000000500      0x17c Output/Debug/Obj/saadc_pca10040/main.o
                0x0000000000000500                saadc_callback_handler
 .text.saadc_init
                0x000000000000067c       0xa4 Output/Debug/Obj/saadc_pca10040/main.o
                0x000000000000067c                saadc_init
 .text.main     0x0000000000000720       0x70 Output/Debug/Obj/saadc_pca10040/main.o
                0x0000000000000720                main
 .text.NVIC_SystemReset
                0x0000000000000790       0x2c Output/Debug/Obj/saadc_pca10040/system_nrf52.o
 .text.SystemCoreClockUpdate
                0x00000000000007bc       0x14 Output/Debug/Obj/saadc_pca10040/system_nrf52.o
                0x00000000000007bc                SystemCoreClockUpdate
 .text.SystemInit
                0x00000000000007d0      0x2d8 Output/Debug/Obj/saadc_pca10040/system_nrf52.o
                0x00000000000007d0                SystemInit
 .text.errata_12
                0x0000000000000aa8       0x58 Output/Debug/Obj/saadc_pca10040/system_nrf52.o
 .text.errata_16
                0x0000000000000b00       0x38 Output/Debug/Obj/saadc_pca10040/system_nrf52.o
 .text.errata_31
                0x0000000000000b38       0x58 Output/Debug/Obj/saadc_pca10040/system_nrf52.o
 .text.errata_32
                0x0000000000000b90       0x38 Output/Debug/Obj/saadc_pca10040/system_nrf52.o
 .text.errata_36
                0x0000000000000bc8       0x58 Output/Debug/Obj/saadc_pca10040/system_nrf52.o
 .text.errata_37
                0x0000000000000c20       0x38 Output/Debug/Obj/saadc_pca10040/system_nrf52.o
 .text.errata_57
                0x0000000000000c58       0x38 Output/Debug/Obj/saadc_pca10040/system_nrf52.o
 .text.errata_66
                0x0000000000000c90       0x38 Output/Debug/Obj/saadc_pca10040/system_nrf52.o
 .text.errata_108
                0x0000000000000cc8       0x58 Output/Debug/Obj/saadc_pca10040/system_nrf52.o
 .text.errata_136
                0x0000000000000d20       0x58 Output/Debug/Obj/saadc_pca10040/system_nrf52.o
 .text.errata_182
                0x0000000000000d78       0x24 Output/Debug/Obj/saadc_pca10040/system_nrf52.o
 .text.nrf_drv_ppi_init
                0x0000000000000d9c       0x1c Output/Debug/Obj/saadc_pca10040/nrf_drv_ppi.o
                0x0000000000000d9c                nrf_drv_ppi_init
 .text.uarte_evt_handler
                0x0000000000000db8       0x50 Output/Debug/Obj/saadc_pca10040/nrf_drv_uart.o
 .text.uart_evt_handler
                0x0000000000000e08       0x50 Output/Debug/Obj/saadc_pca10040/nrf_drv_uart.o
 .text.nrf_drv_uart_init
                0x0000000000000e58       0xc0 Output/Debug/Obj/saadc_pca10040/nrf_drv_uart.o
                0x0000000000000e58                nrf_drv_uart_init
 .text.nrf_ppi_channel_enable
                0x0000000000000f18       0x24 Output/Debug/Obj/saadc_pca10040/nrfx_ppi.o
 .text.nrf_ppi_channel_endpoint_setup
                0x0000000000000f3c       0x34 Output/Debug/Obj/saadc_pca10040/nrfx_ppi.o
 .text.nrfx_ppi_channel_to_mask
                0x0000000000000f70       0x18 Output/Debug/Obj/saadc_pca10040/nrfx_ppi.o
 .text.is_programmable_app_channel
                0x0000000000000f88       0x2c Output/Debug/Obj/saadc_pca10040/nrfx_ppi.o
 .text.are_app_channels
                0x0000000000000fb4        0xc Output/Debug/Obj/saadc_pca10040/nrfx_ppi.o
 .text.is_app_channel
                0x0000000000000fc0       0x26 Output/Debug/Obj/saadc_pca10040/nrfx_ppi.o
 *fill*         0x0000000000000fe6        0x2 
 .text.is_allocated_channel
                0x0000000000000fe8       0x34 Output/Debug/Obj/saadc_pca10040/nrfx_ppi.o
 .text.channel_allocated_set
                0x000000000000101c       0x2c Output/Debug/Obj/saadc_pca10040/nrfx_ppi.o
 .text.nrfx_ppi_channel_alloc
                0x0000000000001048       0xec Output/Debug/Obj/saadc_pca10040/nrfx_ppi.o
                0x0000000000001048                nrfx_ppi_channel_alloc
 .text.nrfx_ppi_channel_assign
                0x0000000000001134       0xbc Output/Debug/Obj/saadc_pca10040/nrfx_ppi.o
                0x0000000000001134                nrfx_ppi_channel_assign
 .text.nrfx_ppi_channel_enable
                0x00000000000011f0       0x94 Output/Debug/Obj/saadc_pca10040/nrfx_ppi.o
                0x00000000000011f0                nrfx_ppi_channel_enable
 .text.UARTE0_UART0_IRQHandler
                0x0000000000001284       0x24 Output/Debug/Obj/saadc_pca10040/nrfx_prs.o
                0x0000000000001284                UARTE0_UART0_IRQHandler
 .text.prs_box_get
                0x00000000000012a8       0x20 Output/Debug/Obj/saadc_pca10040/nrfx_prs.o
 .text.nrfx_prs_acquire
                0x00000000000012c8       0x74 Output/Debug/Obj/saadc_pca10040/nrfx_prs.o
                0x00000000000012c8                nrfx_prs_acquire
 .text.nrfx_prs_release
                0x000000000000133c       0x3c Output/Debug/Obj/saadc_pca10040/nrfx_prs.o
                0x000000000000133c                nrfx_prs_release
 .text.NVIC_EnableIRQ
                0x0000000000001378       0x2c Output/Debug/Obj/saadc_pca10040/nrfx_saadc.o
 .text.NVIC_ClearPendingIRQ
                0x00000000000013a4       0x30 Output/Debug/Obj/saadc_pca10040/nrfx_saadc.o
 .text.NVIC_SetPriority
                0x00000000000013d4       0x50 Output/Debug/Obj/saadc_pca10040/nrfx_saadc.o
 .text._NRFX_IRQ_PRIORITY_SET
                0x0000000000001424       0x40 Output/Debug/Obj/saadc_pca10040/nrfx_saadc.o
 .text._NRFX_IRQ_ENABLE
                0x0000000000001464       0x26 Output/Debug/Obj/saadc_pca10040/nrfx_saadc.o
 .text.nrf_saadc_task_trigger
                0x000000000000148a       0x1e Output/Debug/Obj/saadc_pca10040/nrfx_saadc.o
 .text.nrf_saadc_task_address_get
                0x00000000000014a8       0x1a Output/Debug/Obj/saadc_pca10040/nrfx_saadc.o
 .text.nrf_saadc_event_check
                0x00000000000014c2       0x26 Output/Debug/Obj/saadc_pca10040/nrfx_saadc.o
 .text.nrf_saadc_event_clear
                0x00000000000014e8       0x30 Output/Debug/Obj/saadc_pca10040/nrfx_saadc.o
 .text.nrf_saadc_channel_input_set
                0x0000000000001518       0x44 Output/Debug/Obj/saadc_pca10040/nrfx_saadc.o
 .text.nrf_saadc_int_enable
                0x000000000000155c       0x18 Output/Debug/Obj/saadc_pca10040/nrfx_saadc.o
 .text.nrf_saadc_int_disable
                0x0000000000001574       0x18 Output/Debug/Obj/saadc_pca10040/nrfx_saadc.o
 .text.nrf_saadc_enable
                0x000000000000158c       0x10 Output/Debug/Obj/saadc_pca10040/nrfx_saadc.o
 .text.nrf_saadc_disable
                0x000000000000159c       0x10 Output/Debug/Obj/saadc_pca10040/nrfx_saadc.o
 .text.nrf_saadc_buffer_init
                0x00000000000015ac       0x20 Output/Debug/Obj/saadc_pca10040/nrfx_saadc.o
 .text.nrf_saadc_resolution_set
                0x00000000000015cc       0x1c Output/Debug/Obj/saadc_pca10040/nrfx_saadc.o
 .text.nrf_saadc_oversample_set
                0x00000000000015e8       0x1c Output/Debug/Obj/saadc_pca10040/nrfx_saadc.o
 .text.nrf_saadc_oversample_get
                0x0000000000001604       0x10 Output/Debug/Obj/saadc_pca10040/nrfx_saadc.o
 .text.nrf_saadc_channel_init
                0x0000000000001614       0x8c Output/Debug/Obj/saadc_pca10040/nrfx_saadc.o
 .text.SAADC_IRQHandler
                0x00000000000016a0      0x250 Output/Debug/Obj/saadc_pca10040/nrfx_saadc.o
                0x00000000000016a0                SAADC_IRQHandler
 .text.nrfx_saadc_init
                0x00000000000018f0       0xd8 Output/Debug/Obj/saadc_pca10040/nrfx_saadc.o
                0x00000000000018f0                nrfx_saadc_init
 .text.nrfx_saadc_channel_init
                0x00000000000019c8      0x134 Output/Debug/Obj/saadc_pca10040/nrfx_saadc.o
                0x00000000000019c8                nrfx_saadc_channel_init
 .text.nrfx_saadc_sample_task_get
                0x0000000000001afc       0x24 Output/Debug/Obj/saadc_pca10040/nrfx_saadc.o
                0x0000000000001afc                nrfx_saadc_sample_task_get
 .text.nrfx_saadc_buffer_convert
                0x0000000000001b20      0x148 Output/Debug/Obj/saadc_pca10040/nrfx_saadc.o
                0x0000000000001b20                nrfx_saadc_buffer_convert
 .text.NVIC_EnableIRQ
                0x0000000000001c68       0x2c Output/Debug/Obj/saadc_pca10040/nrfx_timer.o
 .text.NVIC_ClearPendingIRQ
                0x0000000000001c94       0x30 Output/Debug/Obj/saadc_pca10040/nrfx_timer.o
 .text.NVIC_SetPriority
                0x0000000000001cc4       0x50 Output/Debug/Obj/saadc_pca10040/nrfx_timer.o
 .text.nrfx_get_irq_number
                0x0000000000001d14       0x16 Output/Debug/Obj/saadc_pca10040/nrfx_timer.o
 *fill*         0x0000000000001d2a        0x2 
 .text._NRFX_IRQ_PRIORITY_SET
                0x0000000000001d2c       0x40 Output/Debug/Obj/saadc_pca10040/nrfx_timer.o
 .text._NRFX_IRQ_ENABLE
                0x0000000000001d6c       0x26 Output/Debug/Obj/saadc_pca10040/nrfx_timer.o
 .text.nrf_timer_task_trigger
                0x0000000000001d92       0x1c Output/Debug/Obj/saadc_pca10040/nrfx_timer.o
 .text.nrf_timer_event_clear
                0x0000000000001dae       0x2a Output/Debug/Obj/saadc_pca10040/nrfx_timer.o
 .text.nrf_timer_event_check
                0x0000000000001dd8       0x24 Output/Debug/Obj/saadc_pca10040/nrfx_timer.o
 .text.nrf_timer_shorts_enable
                0x0000000000001dfc       0x1c Output/Debug/Obj/saadc_pca10040/nrfx_timer.o
 .text.nrf_timer_shorts_disable
                0x0000000000001e18       0x1e Output/Debug/Obj/saadc_pca10040/nrfx_timer.o
 .text.nrf_timer_int_enable
                0x0000000000001e36       0x14 Output/Debug/Obj/saadc_pca10040/nrfx_timer.o
 .text.nrf_timer_int_disable
                0x0000000000001e4a       0x14 Output/Debug/Obj/saadc_pca10040/nrfx_timer.o
 .text.nrf_timer_int_enable_check
                0x0000000000001e5e       0x20 Output/Debug/Obj/saadc_pca10040/nrfx_timer.o
 .text.nrf_timer_mode_set
                0x0000000000001e7e       0x2a Output/Debug/Obj/saadc_pca10040/nrfx_timer.o
 .text.nrf_timer_bit_width_set
                0x0000000000001ea8       0x2a Output/Debug/Obj/saadc_pca10040/nrfx_timer.o
 .text.nrf_timer_frequency_set
                0x0000000000001ed2       0x2a Output/Debug/Obj/saadc_pca10040/nrfx_timer.o
 .text.nrf_timer_cc_write
                0x0000000000001efc       0x22 Output/Debug/Obj/saadc_pca10040/nrfx_timer.o
 .text.nrf_timer_compare_event_get
                0x0000000000001f1e       0x16 Output/Debug/Obj/saadc_pca10040/nrfx_timer.o
 .text.nrf_timer_compare_int_get
                0x0000000000001f34       0x14 Output/Debug/Obj/saadc_pca10040/nrfx_timer.o
 .text.nrfx_timer_init
                0x0000000000001f48      0x1f4 Output/Debug/Obj/saadc_pca10040/nrfx_timer.o
                0x0000000000001f48                nrfx_timer_init
 .text.nrfx_timer_enable
                0x000000000000213c       0x5c Output/Debug/Obj/saadc_pca10040/nrfx_timer.o
                0x000000000000213c                nrfx_timer_enable
 .text.nrfx_timer_compare
                0x0000000000002198       0x72 Output/Debug/Obj/saadc_pca10040/nrfx_timer.o
                0x0000000000002198                nrfx_timer_compare
 .text.nrfx_timer_extended_compare
                0x000000000000220a       0x5e Output/Debug/Obj/saadc_pca10040/nrfx_timer.o
                0x000000000000220a                nrfx_timer_extended_compare
 .text.irq_handler
                0x0000000000002268       0x8e Output/Debug/Obj/saadc_pca10040/nrfx_timer.o
 *fill*         0x00000000000022f6        0x2 
 .text.TIMER0_IRQHandler
                0x00000000000022f8       0x18 Output/Debug/Obj/saadc_pca10040/nrfx_timer.o
                0x00000000000022f8                TIMER0_IRQHandler
 .text.TIMER1_IRQHandler
                0x0000000000002310       0x18 Output/Debug/Obj/saadc_pca10040/nrfx_timer.o
                0x0000000000002310                TIMER1_IRQHandler
 .text.NVIC_EnableIRQ
                0x0000000000002328       0x2c Output/Debug/Obj/saadc_pca10040/nrfx_uart.o
 .text.NVIC_DisableIRQ
                0x0000000000002354       0x30 Output/Debug/Obj/saadc_pca10040/nrfx_uart.o
 .text.NVIC_ClearPendingIRQ
                0x0000000000002384       0x30 Output/Debug/Obj/saadc_pca10040/nrfx_uart.o
 .text.NVIC_SetPriority
                0x00000000000023b4       0x50 Output/Debug/Obj/saadc_pca10040/nrfx_uart.o
 .text.nrfx_get_irq_number
                0x0000000000002404       0x16 Output/Debug/Obj/saadc_pca10040/nrfx_uart.o
 *fill*         0x000000000000241a        0x2 
 .text._NRFX_IRQ_PRIORITY_SET
                0x000000000000241c       0x40 Output/Debug/Obj/saadc_pca10040/nrfx_uart.o
 .text._NRFX_IRQ_ENABLE
                0x000000000000245c       0x26 Output/Debug/Obj/saadc_pca10040/nrfx_uart.o
 .text._NRFX_IRQ_DISABLE
                0x0000000000002482       0x1c Output/Debug/Obj/saadc_pca10040/nrfx_uart.o
 .text.nrf_uart_event_clear
                0x000000000000249e       0x2a Output/Debug/Obj/saadc_pca10040/nrfx_uart.o
 .text.nrf_uart_event_check
                0x00000000000024c8       0x24 Output/Debug/Obj/saadc_pca10040/nrfx_uart.o
 .text.nrf_uart_int_enable
                0x00000000000024ec       0x14 Output/Debug/Obj/saadc_pca10040/nrfx_uart.o
 .text.nrf_uart_int_enable_check
                0x0000000000002500       0x20 Output/Debug/Obj/saadc_pca10040/nrfx_uart.o
 .text.nrf_uart_int_disable
                0x0000000000002520       0x14 Output/Debug/Obj/saadc_pca10040/nrfx_uart.o
 .text.nrf_uart_errorsrc_get_and_clear
                0x0000000000002534       0x1c Output/Debug/Obj/saadc_pca10040/nrfx_uart.o
 .text.nrf_uart_enable
                0x0000000000002550       0x12 Output/Debug/Obj/saadc_pca10040/nrfx_uart.o
 .text.nrf_uart_disable
                0x0000000000002562       0x12 Output/Debug/Obj/saadc_pca10040/nrfx_uart.o
 .text.nrf_uart_txrx_pins_set
                0x0000000000002574       0x1e Output/Debug/Obj/saadc_pca10040/nrfx_uart.o
 .text.nrf_uart_txrx_pins_disconnect
                0x0000000000002592       0x1c Output/Debug/Obj/saadc_pca10040/nrfx_uart.o
 .text.nrf_uart_tx_pin_get
                0x00000000000025ae       0x10 Output/Debug/Obj/saadc_pca10040/nrfx_uart.o
 .text.nrf_uart_rx_pin_get
                0x00000000000025be       0x10 Output/Debug/Obj/saadc_pca10040/nrfx_uart.o
 .text.nrf_uart_rts_pin_get
                0x00000000000025ce       0x10 Output/Debug/Obj/saadc_pca10040/nrfx_uart.o
 .text.nrf_uart_cts_pin_get
                0x00000000000025de       0x10 Output/Debug/Obj/saadc_pca10040/nrfx_uart.o
 .text.nrf_uart_hwfc_pins_set
                0x00000000000025ee       0x1e Output/Debug/Obj/saadc_pca10040/nrfx_uart.o
 .text.nrf_uart_hwfc_pins_disconnect
                0x000000000000260c       0x1c Output/Debug/Obj/saadc_pca10040/nrfx_uart.o
 .text.nrf_uart_rxd_get
                0x0000000000002628       0x12 Output/Debug/Obj/saadc_pca10040/nrfx_uart.o
 .text.nrf_uart_txd_set
                0x000000000000263a       0x1a Output/Debug/Obj/saadc_pca10040/nrfx_uart.o
 .text.nrf_uart_task_trigger
                0x0000000000002654       0x1c Output/Debug/Obj/saadc_pca10040/nrfx_uart.o
 .text.nrf_uart_configure
                0x0000000000002670       0x2a Output/Debug/Obj/saadc_pca10040/nrfx_uart.o
 .text.nrf_uart_baudrate_set
                0x000000000000269a       0x14 Output/Debug/Obj/saadc_pca10040/nrfx_uart.o
 *fill*         0x00000000000026ae        0x2 
 .text.nrf_gpio_pin_port_decode
                0x00000000000026b0       0x28 Output/Debug/Obj/saadc_pca10040/nrfx_uart.o
 .text.nrf_gpio_cfg
                0x00000000000026d8       0x62 Output/Debug/Obj/saadc_pca10040/nrfx_uart.o
 .text.nrf_gpio_cfg_output
                0x000000000000273a       0x22 Output/Debug/Obj/saadc_pca10040/nrfx_uart.o
 .text.nrf_gpio_cfg_input
                0x000000000000275c       0x2a Output/Debug/Obj/saadc_pca10040/nrfx_uart.o
 .text.nrf_gpio_cfg_default
                0x0000000000002786       0x22 Output/Debug/Obj/saadc_pca10040/nrfx_uart.o
 .text.nrf_gpio_pin_set
                0x00000000000027a8       0x28 Output/Debug/Obj/saadc_pca10040/nrfx_uart.o
 .text.nrf_gpio_port_out_set
                0x00000000000027d0       0x14 Output/Debug/Obj/saadc_pca10040/nrfx_uart.o
 .text.apply_config
                0x00000000000027e4       0xc6 Output/Debug/Obj/saadc_pca10040/nrfx_uart.o
 *fill*         0x00000000000028aa        0x2 
 .text.interrupts_enable
                0x00000000000028ac       0x6c Output/Debug/Obj/saadc_pca10040/nrfx_uart.o
 .text.interrupts_disable
                0x0000000000002918       0x30 Output/Debug/Obj/saadc_pca10040/nrfx_uart.o
 .text.pins_to_default
                0x0000000000002948       0x8a Output/Debug/Obj/saadc_pca10040/nrfx_uart.o
 *fill*         0x00000000000029d2        0x2 
 .text.nrfx_uart_init
                0x00000000000029d4       0xd4 Output/Debug/Obj/saadc_pca10040/nrfx_uart.o
                0x00000000000029d4                nrfx_uart_init
 .text.nrfx_uart_uninit
                0x0000000000002aa8       0x5c Output/Debug/Obj/saadc_pca10040/nrfx_uart.o
                0x0000000000002aa8                nrfx_uart_uninit
 .text.tx_byte  0x0000000000002b04       0x40 Output/Debug/Obj/saadc_pca10040/nrfx_uart.o
 .text.tx_blocking
                0x0000000000002b44       0x4e Output/Debug/Obj/saadc_pca10040/nrfx_uart.o
 *fill*         0x0000000000002b92        0x2 
 .text.nrfx_uart_tx
                0x0000000000002b94      0x110 Output/Debug/Obj/saadc_pca10040/nrfx_uart.o
                0x0000000000002b94                nrfx_uart_tx
 .text.nrfx_uart_tx_in_progress
                0x0000000000002ca4       0x2c Output/Debug/Obj/saadc_pca10040/nrfx_uart.o
                0x0000000000002ca4                nrfx_uart_tx_in_progress
 .text.rx_byte  0x0000000000002cd0       0x4e Output/Debug/Obj/saadc_pca10040/nrfx_uart.o
 .text.rx_done_event
                0x0000000000002d1e       0x2e Output/Debug/Obj/saadc_pca10040/nrfx_uart.o
 .text.tx_done_event
                0x0000000000002d4c       0x34 Output/Debug/Obj/saadc_pca10040/nrfx_uart.o
 .text.uart_irq_handler
                0x0000000000002d80      0x1da Output/Debug/Obj/saadc_pca10040/nrfx_uart.o
 *fill*         0x0000000000002f5a        0x2 
 .text.nrfx_uart_0_irq_handler
                0x0000000000002f5c       0x18 Output/Debug/Obj/saadc_pca10040/nrfx_uart.o
                0x0000000000002f5c                nrfx_uart_0_irq_handler
 .text.NVIC_EnableIRQ
                0x0000000000002f74       0x2c Output/Debug/Obj/saadc_pca10040/nrfx_uarte.o
 .text.NVIC_DisableIRQ
                0x0000000000002fa0       0x30 Output/Debug/Obj/saadc_pca10040/nrfx_uarte.o
 .text.NVIC_ClearPendingIRQ
                0x0000000000002fd0       0x30 Output/Debug/Obj/saadc_pca10040/nrfx_uarte.o
 .text.NVIC_SetPriority
                0x0000000000003000       0x50 Output/Debug/Obj/saadc_pca10040/nrfx_uarte.o
 .text.nrfx_is_in_ram
                0x0000000000003050       0x1c Output/Debug/Obj/saadc_pca10040/nrfx_uarte.o
 .text.nrfx_get_irq_number
                0x000000000000306c       0x16 Output/Debug/Obj/saadc_pca10040/nrfx_uarte.o
 *fill*         0x0000000000003082        0x2 
 .text._NRFX_IRQ_PRIORITY_SET
                0x0000000000003084       0x40 Output/Debug/Obj/saadc_pca10040/nrfx_uarte.o
 .text._NRFX_IRQ_ENABLE
                0x00000000000030c4       0x26 Output/Debug/Obj/saadc_pca10040/nrfx_uarte.o
 .text._NRFX_IRQ_DISABLE
                0x00000000000030ea       0x1c Output/Debug/Obj/saadc_pca10040/nrfx_uarte.o
 .text.nrf_uarte_event_clear
                0x0000000000003106       0x2a Output/Debug/Obj/saadc_pca10040/nrfx_uarte.o
 .text.nrf_uarte_event_check
                0x0000000000003130       0x24 Output/Debug/Obj/saadc_pca10040/nrfx_uarte.o
 .text.nrf_uarte_shorts_disable
                0x0000000000003154       0x1e Output/Debug/Obj/saadc_pca10040/nrfx_uarte.o
 .text.nrf_uarte_int_enable
                0x0000000000003172       0x14 Output/Debug/Obj/saadc_pca10040/nrfx_uarte.o
 .text.nrf_uarte_int_disable
                0x0000000000003186       0x14 Output/Debug/Obj/saadc_pca10040/nrfx_uarte.o
 .text.nrf_uarte_errorsrc_get_and_clear
                0x000000000000319a       0x1c Output/Debug/Obj/saadc_pca10040/nrfx_uarte.o
 .text.nrf_uarte_enable
                0x00000000000031b6       0x12 Output/Debug/Obj/saadc_pca10040/nrfx_uarte.o
 .text.nrf_uarte_disable
                0x00000000000031c8       0x12 Output/Debug/Obj/saadc_pca10040/nrfx_uarte.o
 .text.nrf_uarte_txrx_pins_set
                0x00000000000031da       0x1e Output/Debug/Obj/saadc_pca10040/nrfx_uarte.o
 .text.nrf_uarte_txrx_pins_disconnect
                0x00000000000031f8       0x1c Output/Debug/Obj/saadc_pca10040/nrfx_uarte.o
 .text.nrf_uarte_tx_pin_get
                0x0000000000003214       0x10 Output/Debug/Obj/saadc_pca10040/nrfx_uarte.o
 .text.nrf_uarte_rx_pin_get
                0x0000000000003224       0x10 Output/Debug/Obj/saadc_pca10040/nrfx_uarte.o
 .text.nrf_uarte_rts_pin_get
                0x0000000000003234       0x10 Output/Debug/Obj/saadc_pca10040/nrfx_uarte.o
 .text.nrf_uarte_cts_pin_get
                0x0000000000003244       0x10 Output/Debug/Obj/saadc_pca10040/nrfx_uarte.o
 .text.nrf_uarte_hwfc_pins_set
                0x0000000000003254       0x1e Output/Debug/Obj/saadc_pca10040/nrfx_uarte.o
 .text.nrf_uarte_hwfc_pins_disconnect
                0x0000000000003272       0x1c Output/Debug/Obj/saadc_pca10040/nrfx_uarte.o
 .text.nrf_uarte_task_trigger
                0x000000000000328e       0x1c Output/Debug/Obj/saadc_pca10040/nrfx_uarte.o
 .text.nrf_uarte_configure
                0x00000000000032aa       0x2a Output/Debug/Obj/saadc_pca10040/nrfx_uarte.o
 .text.nrf_uarte_baudrate_set
                0x00000000000032d4       0x14 Output/Debug/Obj/saadc_pca10040/nrfx_uarte.o
 .text.nrf_uarte_tx_buffer_set
                0x00000000000032e8       0x1e Output/Debug/Obj/saadc_pca10040/nrfx_uarte.o
 .text.nrf_uarte_tx_amount_get
                0x0000000000003306       0x10 Output/Debug/Obj/saadc_pca10040/nrfx_uarte.o
 .text.nrf_uarte_rx_amount_get
                0x0000000000003316       0x10 Output/Debug/Obj/saadc_pca10040/nrfx_uarte.o
 *fill*         0x0000000000003326        0x2 
 .text.nrf_gpio_pin_port_decode
                0x0000000000003328       0x28 Output/Debug/Obj/saadc_pca10040/nrfx_uarte.o
 .text.nrf_gpio_cfg
                0x0000000000003350       0x62 Output/Debug/Obj/saadc_pca10040/nrfx_uarte.o
 .text.nrf_gpio_cfg_output
                0x00000000000033b2       0x22 Output/Debug/Obj/saadc_pca10040/nrfx_uarte.o
 .text.nrf_gpio_cfg_input
                0x00000000000033d4       0x2a Output/Debug/Obj/saadc_pca10040/nrfx_uarte.o
 .text.nrf_gpio_cfg_default
                0x00000000000033fe       0x22 Output/Debug/Obj/saadc_pca10040/nrfx_uarte.o
 .text.nrf_gpio_pin_set
                0x0000000000003420       0x28 Output/Debug/Obj/saadc_pca10040/nrfx_uarte.o
 .text.nrf_gpio_port_out_set
                0x0000000000003448       0x14 Output/Debug/Obj/saadc_pca10040/nrfx_uarte.o
 .text.apply_config
                0x000000000000345c       0xc6 Output/Debug/Obj/saadc_pca10040/nrfx_uarte.o
 *fill*         0x0000000000003522        0x2 
 .text.interrupts_enable
                0x0000000000003524       0x88 Output/Debug/Obj/saadc_pca10040/nrfx_uarte.o
 .text.interrupts_disable
                0x00000000000035ac       0x30 Output/Debug/Obj/saadc_pca10040/nrfx_uarte.o
 .text.pins_to_default
                0x00000000000035dc       0x8a Output/Debug/Obj/saadc_pca10040/nrfx_uarte.o
 *fill*         0x0000000000003666        0x2 
 .text.nrfx_uarte_init
                0x0000000000003668       0xcc Output/Debug/Obj/saadc_pca10040/nrfx_uarte.o
                0x0000000000003668                nrfx_uarte_init
 .text.nrfx_uarte_uninit
                0x0000000000003734       0x5c Output/Debug/Obj/saadc_pca10040/nrfx_uarte.o
                0x0000000000003734                nrfx_uarte_uninit
 .text.nrfx_uarte_tx
                0x0000000000003790      0x154 Output/Debug/Obj/saadc_pca10040/nrfx_uarte.o
                0x0000000000003790                nrfx_uarte_tx
 .text.nrfx_uarte_tx_in_progress
                0x00000000000038e4       0x30 Output/Debug/Obj/saadc_pca10040/nrfx_uarte.o
                0x00000000000038e4                nrfx_uarte_tx_in_progress
 .text.rx_done_event
                0x0000000000003914       0x32 Output/Debug/Obj/saadc_pca10040/nrfx_uarte.o
 .text.tx_done_event
                0x0000000000003946       0x38 Output/Debug/Obj/saadc_pca10040/nrfx_uarte.o
 .text.uarte_irq_handler
                0x000000000000397e      0x150 Output/Debug/Obj/saadc_pca10040/nrfx_uarte.o
 *fill*         0x0000000000003ace        0x2 
 .text.nrfx_uarte_0_irq_handler
                0x0000000000003ad0       0x18 Output/Debug/Obj/saadc_pca10040/nrfx_uarte.o
                0x0000000000003ad0                nrfx_uarte_0_irq_handler
 .text.app_error_save_and_stop
                0x0000000000003ae8       0x9c Output/Debug/Obj/saadc_pca10040/app_error.o
                0x0000000000003ae8                app_error_save_and_stop
 .text.app_error_handler
                0x0000000000003b84       0x1c Output/Debug/Obj/saadc_pca10040/app_error_handler_gcc.o
                0x0000000000003b84                app_error_handler
 .text.app_error_fault_handler
                0x0000000000003ba0       0xf4 Output/Debug/Obj/saadc_pca10040/app_error_weak.o
                0x0000000000003ba0                app_error_fault_handler
 .text.app_util_disable_irq
                0x0000000000003c94       0x18 Output/Debug/Obj/saadc_pca10040/app_util_platform.o
                0x0000000000003c94                app_util_disable_irq
 .text.app_util_enable_irq
                0x0000000000003cac       0x20 Output/Debug/Obj/saadc_pca10040/app_util_platform.o
                0x0000000000003cac                app_util_enable_irq
 .text.app_util_critical_region_enter
                0x0000000000003ccc       0x28 Output/Debug/Obj/saadc_pca10040/app_util_platform.o
                0x0000000000003ccc                app_util_critical_region_enter
 .text.app_util_critical_region_exit
                0x0000000000003cf4       0x2c Output/Debug/Obj/saadc_pca10040/app_util_platform.o
                0x0000000000003cf4                app_util_critical_region_exit
 .text.privilege_level_get
                0x0000000000003d20       0x3a Output/Debug/Obj/saadc_pca10040/app_util_platform.o
                0x0000000000003d20                privilege_level_get
 .text.assert_nrf_callback
                0x0000000000003d5a       0x2e Output/Debug/Obj/saadc_pca10040/nrf_assert.o
                0x0000000000003d5a                assert_nrf_callback
 .text.nrf_atomic_u32_fetch_store
                0x0000000000003d88       0x2e Output/Debug/Obj/saadc_pca10040/nrf_atomic.o
                0x0000000000003d88                nrf_atomic_u32_fetch_store
 .text.nrf_atomic_u32_or
                0x0000000000003db6       0x30 Output/Debug/Obj/saadc_pca10040/nrf_atomic.o
                0x0000000000003db6                nrf_atomic_u32_or
 .text.nrf_atomic_u32_fetch_and
                0x0000000000003de6       0x30 Output/Debug/Obj/saadc_pca10040/nrf_atomic.o
                0x0000000000003de6                nrf_atomic_u32_fetch_and
 .text.nrf_atomic_u32_add
                0x0000000000003e16       0x30 Output/Debug/Obj/saadc_pca10040/nrf_atomic.o
                0x0000000000003e16                nrf_atomic_u32_add
 .text.nrf_atomic_u32_sub
                0x0000000000003e46       0x30 Output/Debug/Obj/saadc_pca10040/nrf_atomic.o
                0x0000000000003e46                nrf_atomic_u32_sub
 .text.nrf_atomic_flag_set
                0x0000000000003e76       0x18 Output/Debug/Obj/saadc_pca10040/nrf_atomic.o
                0x0000000000003e76                nrf_atomic_flag_set
 .text.nrf_atomic_flag_clear_fetch
                0x0000000000003e8e       0x18 Output/Debug/Obj/saadc_pca10040/nrf_atomic.o
                0x0000000000003e8e                nrf_atomic_flag_clear_fetch
 *fill*         0x0000000000003ea6        0x2 
 .text.nrf_balloc_idx2block
                0x0000000000003ea8       0x38 Output/Debug/Obj/saadc_pca10040/nrf_balloc.o
 .text.nrf_balloc_block2idx
                0x0000000000003ee0       0x34 Output/Debug/Obj/saadc_pca10040/nrf_balloc.o
 .text.nrf_balloc_init
                0x0000000000003f14       0xb8 Output/Debug/Obj/saadc_pca10040/nrf_balloc.o
                0x0000000000003f14                nrf_balloc_init
 .text.nrf_balloc_alloc
                0x0000000000003fcc       0x84 Output/Debug/Obj/saadc_pca10040/nrf_balloc.o
                0x0000000000003fcc                nrf_balloc_alloc
 .text.nrf_balloc_free
                0x0000000000004050       0x58 Output/Debug/Obj/saadc_pca10040/nrf_balloc.o
                0x0000000000004050                nrf_balloc_free
 .text.nrf_fprintf_buffer_flush
                0x00000000000040a8       0x44 Output/Debug/Obj/saadc_pca10040/nrf_fprintf.o
                0x00000000000040a8                nrf_fprintf_buffer_flush
 .text.nrf_fprintf
                0x00000000000040ec       0x74 Output/Debug/Obj/saadc_pca10040/nrf_fprintf.o
                0x00000000000040ec                nrf_fprintf
 .text.buffer_add
                0x0000000000004160       0x3c Output/Debug/Obj/saadc_pca10040/nrf_fprintf_format.o
 .text.string_print
                0x000000000000419c       0xc2 Output/Debug/Obj/saadc_pca10040/nrf_fprintf_format.o
 *fill*         0x000000000000425e        0x2 
 .text.unsigned_print
                0x0000000000004260      0x130 Output/Debug/Obj/saadc_pca10040/nrf_fprintf_format.o
 .text.int_print
                0x0000000000004390      0x11c Output/Debug/Obj/saadc_pca10040/nrf_fprintf_format.o
 .text.nrf_fprintf_fmt
                0x00000000000044ac      0x388 Output/Debug/Obj/saadc_pca10040/nrf_fprintf_format.o
                0x00000000000044ac                nrf_fprintf_fmt
 .text.nrf_memobj_pool_init
                0x0000000000004834       0x16 Output/Debug/Obj/saadc_pca10040/nrf_memobj.o
                0x0000000000004834                nrf_memobj_pool_init
 .text.nrf_memobj_alloc
                0x000000000000484a       0xae Output/Debug/Obj/saadc_pca10040/nrf_memobj.o
                0x000000000000484a                nrf_memobj_alloc
 .text.nrf_memobj_free
                0x00000000000048f8       0x74 Output/Debug/Obj/saadc_pca10040/nrf_memobj.o
                0x00000000000048f8                nrf_memobj_free
 .text.nrf_memobj_get
                0x000000000000496c       0x1e Output/Debug/Obj/saadc_pca10040/nrf_memobj.o
                0x000000000000496c                nrf_memobj_get
 .text.nrf_memobj_put
                0x000000000000498a       0x34 Output/Debug/Obj/saadc_pca10040/nrf_memobj.o
                0x000000000000498a                nrf_memobj_put
 *fill*         0x00000000000049be        0x2 
 .text.memobj_op
                0x00000000000049c0      0x104 Output/Debug/Obj/saadc_pca10040/nrf_memobj.o
 .text.nrf_memobj_write
                0x0000000000004ac4       0x24 Output/Debug/Obj/saadc_pca10040/nrf_memobj.o
                0x0000000000004ac4                nrf_memobj_write
 .text.nrf_memobj_read
                0x0000000000004ae8       0x24 Output/Debug/Obj/saadc_pca10040/nrf_memobj.o
                0x0000000000004ae8                nrf_memobj_read
 .text.nrf_strerror_get
                0x0000000000004b0c       0x28 Output/Debug/Obj/saadc_pca10040/nrf_strerror.o
                0x0000000000004b0c                nrf_strerror_get
 .text.nrf_strerror_find
                0x0000000000004b34       0x68 Output/Debug/Obj/saadc_pca10040/nrf_strerror.o
                0x0000000000004b34                nrf_strerror_find
 .text.nrf_log_backend_serial_put
                0x0000000000004b9c      0x124 Output/Debug/Obj/saadc_pca10040/nrf_log_backend_serial.o
                0x0000000000004b9c                nrf_log_backend_serial_put
 .text.nrf_drv_uart_uninit
                0x0000000000004cc0       0x44 Output/Debug/Obj/saadc_pca10040/nrf_log_backend_uart.o
 .text.nrf_drv_uart_tx
                0x0000000000004d04       0x64 Output/Debug/Obj/saadc_pca10040/nrf_log_backend_uart.o
 .text.uart_evt_handler
                0x0000000000004d68       0x18 Output/Debug/Obj/saadc_pca10040/nrf_log_backend_uart.o
 .text.uart_init
                0x0000000000004d80       0x88 Output/Debug/Obj/saadc_pca10040/nrf_log_backend_uart.o
 .text.nrf_log_backend_uart_init
                0x0000000000004e08       0x1c Output/Debug/Obj/saadc_pca10040/nrf_log_backend_uart.o
                0x0000000000004e08                nrf_log_backend_uart_init
 .text.serial_tx
                0x0000000000004e24       0x6c Output/Debug/Obj/saadc_pca10040/nrf_log_backend_uart.o
 .text.nrf_log_backend_uart_put
                0x0000000000004e90       0x28 Output/Debug/Obj/saadc_pca10040/nrf_log_backend_uart.o
 .text.nrf_log_backend_uart_flush
                0x0000000000004eb8        0xa Output/Debug/Obj/saadc_pca10040/nrf_log_backend_uart.o
 *fill*         0x0000000000004ec2        0x2 
 .text.nrf_log_backend_uart_panic_set
                0x0000000000004ec4       0x20 Output/Debug/Obj/saadc_pca10040/nrf_log_backend_uart.o
 .text.nrf_log_backend_enable
                0x0000000000004ee4       0x10 Output/Debug/Obj/saadc_pca10040/nrf_log_default_backends.o
 .text.nrf_log_default_backends_init
                0x0000000000004ef4       0x3c Output/Debug/Obj/saadc_pca10040/nrf_log_default_backends.o
                0x0000000000004ef4                nrf_log_default_backends_init
 .text.nrf_log_backend_put
                0x0000000000004f30       0x1c Output/Debug/Obj/saadc_pca10040/nrf_log_frontend.o
 .text.nrf_log_backend_panic_set
                0x0000000000004f4c       0x18 Output/Debug/Obj/saadc_pca10040/nrf_log_frontend.o
 .text.nrf_log_backend_flush
                0x0000000000004f64       0x18 Output/Debug/Obj/saadc_pca10040/nrf_log_frontend.o
 .text.nrf_log_backend_id_set
                0x0000000000004f7c       0x18 Output/Debug/Obj/saadc_pca10040/nrf_log_frontend.o
 .text.nrf_log_backend_id_get
                0x0000000000004f94        0xe Output/Debug/Obj/saadc_pca10040/nrf_log_frontend.o
 .text.nrf_log_backend_enable
                0x0000000000004fa2       0x10 Output/Debug/Obj/saadc_pca10040/nrf_log_frontend.o
 .text.nrf_log_backend_is_enabled
                0x0000000000004fb2        0xe Output/Debug/Obj/saadc_pca10040/nrf_log_frontend.o
 .text.nrf_log_init
                0x0000000000004fc0       0x94 Output/Debug/Obj/saadc_pca10040/nrf_log_frontend.o
                0x0000000000004fc0                nrf_log_init
 .text.nrf_log_module_cnt_get
                0x0000000000005054       0x14 Output/Debug/Obj/saadc_pca10040/nrf_log_frontend.o
                0x0000000000005054                nrf_log_module_cnt_get
 .text.module_idx_get
                0x0000000000005068       0x64 Output/Debug/Obj/saadc_pca10040/nrf_log_frontend.o
 .text.nrf_log_module_name_get
                0x00000000000050cc       0x40 Output/Debug/Obj/saadc_pca10040/nrf_log_frontend.o
                0x00000000000050cc                nrf_log_module_name_get
 .text.nrf_log_color_id_get
                0x000000000000510c       0x70 Output/Debug/Obj/saadc_pca10040/nrf_log_frontend.o
                0x000000000000510c                nrf_log_color_id_get
 .text.invalid_packets_pushed_str_omit
                0x000000000000517c       0xc4 Output/Debug/Obj/saadc_pca10040/nrf_log_frontend.o
 .text.log_skip
                0x0000000000005240      0x114 Output/Debug/Obj/saadc_pca10040/nrf_log_frontend.o
 .text.dropped_sat16_get
                0x0000000000005354       0x28 Output/Debug/Obj/saadc_pca10040/nrf_log_frontend.o
 .text.std_header_set
                0x000000000000537c       0xb4 Output/Debug/Obj/saadc_pca10040/nrf_log_frontend.o
 .text.buf_prealloc
                0x0000000000005430      0x124 Output/Debug/Obj/saadc_pca10040/nrf_log_frontend.o
 .text.std_n    0x0000000000005554       0x90 Output/Debug/Obj/saadc_pca10040/nrf_log_frontend.o
 .text.nrf_log_frontend_std_0
                0x00000000000055e4       0x1c Output/Debug/Obj/saadc_pca10040/nrf_log_frontend.o
                0x00000000000055e4                nrf_log_frontend_std_0
 .text.nrf_log_frontend_std_1
                0x0000000000005600       0x22 Output/Debug/Obj/saadc_pca10040/nrf_log_frontend.o
                0x0000000000005600                nrf_log_frontend_std_1
 .text.nrf_log_frontend_std_2
                0x0000000000005622       0x28 Output/Debug/Obj/saadc_pca10040/nrf_log_frontend.o
                0x0000000000005622                nrf_log_frontend_std_2
 .text.nrf_log_frontend_std_3
                0x000000000000564a       0x2c Output/Debug/Obj/saadc_pca10040/nrf_log_frontend.o
                0x000000000000564a                nrf_log_frontend_std_3
 .text.nrf_log_frontend_std_5
                0x0000000000005676       0x34 Output/Debug/Obj/saadc_pca10040/nrf_log_frontend.o
                0x0000000000005676                nrf_log_frontend_std_5
 *fill*         0x00000000000056aa        0x2 
 .text.buffer_is_empty
                0x00000000000056ac       0x1c Output/Debug/Obj/saadc_pca10040/nrf_log_frontend.o
                0x00000000000056ac                buffer_is_empty
 .text.nrf_log_frontend_dequeue
                0x00000000000056c8      0x388 Output/Debug/Obj/saadc_pca10040/nrf_log_frontend.o
                0x00000000000056c8                nrf_log_frontend_dequeue
 .text.backend_id_assign
                0x0000000000005a50       0x68 Output/Debug/Obj/saadc_pca10040/nrf_log_frontend.o
 .text.nrf_log_backend_add
                0x0000000000005ab8       0x68 Output/Debug/Obj/saadc_pca10040/nrf_log_frontend.o
                0x0000000000005ab8                nrf_log_backend_add
 .text.nrf_log_panic
                0x0000000000005b20       0x3c Output/Debug/Obj/saadc_pca10040/nrf_log_frontend.o
                0x0000000000005b20                nrf_log_panic
 .text.timestamp_print
                0x0000000000005b5c        0xc Output/Debug/Obj/saadc_pca10040/nrf_log_str_formatter.o
 .text.prefix_process
                0x0000000000005b68       0xb0 Output/Debug/Obj/saadc_pca10040/nrf_log_str_formatter.o
 .text.postfix_process
                0x0000000000005c18       0x60 Output/Debug/Obj/saadc_pca10040/nrf_log_str_formatter.o
 .text.nrf_log_std_entry_process
                0x0000000000005c78      0x144 Output/Debug/Obj/saadc_pca10040/nrf_log_str_formatter.o
                0x0000000000005c78                nrf_log_std_entry_process
 .text.nrf_log_hexdump_entry_process
                0x0000000000005dbc       0xe8 Output/Debug/Obj/saadc_pca10040/nrf_log_str_formatter.o
                0x0000000000005dbc                nrf_log_hexdump_entry_process
 .text.libc.__aeabi_dmul
                0x0000000000005ea4      0x130 C:/Program Files/SEGGER/SEGGER Embedded Studio for ARM 7.10a/lib/libc_v7em_fpv4_sp_d16_hard_t_le_eabi_balanced.a(floatasmops_arm.o)
                0x0000000000005ea4                __aeabi_dmul
 .text.libc.__aeabi_ddiv
                0x0000000000005fd4      0x1c4 C:/Program Files/SEGGER/SEGGER Embedded Studio for ARM 7.10a/lib/libc_v7em_fpv4_sp_d16_hard_t_le_eabi_balanced.a(floatasmops_arm.o)
                0x0000000000005fd4                __aeabi_ddiv
 .text.libc.__aeabi_i2d
                0x0000000000006198       0x24 C:/Program Files/SEGGER/SEGGER Embedded Studio for ARM 7.10a/lib/libc_v7em_fpv4_sp_d16_hard_t_le_eabi_balanced.a(floatasmops_arm.o)
                0x0000000000006198                __aeabi_i2d
 .text.libc.__aeabi_d2f
                0x00000000000061bc       0x4c C:/Program Files/SEGGER/SEGGER Embedded Studio for ARM 7.10a/lib/libc_v7em_fpv4_sp_d16_hard_t_le_eabi_balanced.a(floatasmops_arm.o)
                0x00000000000061bc                __aeabi_d2f
 .text.libc.__SEGGER_RTL_ascii_mbtowc
                0x0000000000006208       0x30 C:/Program Files/SEGGER/SEGGER Embedded Studio for ARM 7.10a/lib/libc_v7em_fpv4_sp_d16_hard_t_le_eabi_balanced.a(mbops.o)
                0x0000000000006208                __SEGGER_RTL_ascii_mbtowc
 .text.libc.__SEGGER_RTL_ascii_wctomb
                0x0000000000006238        0xe C:/Program Files/SEGGER/SEGGER Embedded Studio for ARM 7.10a/lib/libc_v7em_fpv4_sp_d16_hard_t_le_eabi_balanced.a(mbops.o)
                0x0000000000006238                __SEGGER_RTL_ascii_wctomb
 .text.libc.__SEGGER_RTL_isctype
                0x0000000000006246       0x20 C:/Program Files/SEGGER/SEGGER Embedded Studio for ARM 7.10a/lib/libc_v7em_fpv4_sp_d16_hard_t_le_eabi_balanced.a(mbops.o)
 .text.libc.isprint
                0x0000000000006266        0x6 C:/Program Files/SEGGER/SEGGER Embedded Studio for ARM 7.10a/lib/libc_v7em_fpv4_sp_d16_hard_t_le_eabi_balanced.a(mbops.o)
                0x0000000000006266                isprint
 .text.libc.__SEGGER_RTL_ascii_isctype
                0x000000000000626c       0x20 C:/Program Files/SEGGER/SEGGER Embedded Studio for ARM 7.10a/lib/libc_v7em_fpv4_sp_d16_hard_t_le_eabi_balanced.a(mbops.o)
 .text.libc.__SEGGER_RTL_ascii_toupper
                0x000000000000628c        0xc C:/Program Files/SEGGER/SEGGER Embedded Studio for ARM 7.10a/lib/libc_v7em_fpv4_sp_d16_hard_t_le_eabi_balanced.a(mbops.o)
 .text.libc.__SEGGER_RTL_ascii_tolower
                0x0000000000006298        0xc C:/Program Files/SEGGER/SEGGER Embedded Studio for ARM 7.10a/lib/libc_v7em_fpv4_sp_d16_hard_t_le_eabi_balanced.a(mbops.o)
 .text.libc.__SEGGER_RTL_ascii_iswctype
                0x00000000000062a4       0x20 C:/Program Files/SEGGER/SEGGER Embedded Studio for ARM 7.10a/lib/libc_v7em_fpv4_sp_d16_hard_t_le_eabi_balanced.a(mbops.o)
 .text.libc.__SEGGER_RTL_ascii_towupper
                0x00000000000062c4        0xc C:/Program Files/SEGGER/SEGGER Embedded Studio for ARM 7.10a/lib/libc_v7em_fpv4_sp_d16_hard_t_le_eabi_balanced.a(mbops.o)
 .text.libc.__SEGGER_RTL_ascii_towlower
                0x00000000000062d0        0xc C:/Program Files/SEGGER/SEGGER Embedded Studio for ARM 7.10a/lib/libc_v7em_fpv4_sp_d16_hard_t_le_eabi_balanced.a(mbops.o)
 .text.libc.strlen
                0x00000000000062dc       0x60 C:/Program Files/SEGGER/SEGGER Embedded Studio for ARM 7.10a/lib/libc_v7em_fpv4_sp_d16_hard_t_le_eabi_balanced.a(strasmops_arm.o)
                0x00000000000062dc                strlen
 .text.libc.memcpy
                0x000000000000633c       0x64 C:/Program Files/SEGGER/SEGGER Embedded Studio for ARM 7.10a/lib/libc_v7em_fpv4_sp_d16_hard_t_le_eabi_balanced.a(strasmops_arm.o)
                0x000000000000633c                __aeabi_memcpy
                0x000000000000633c                memcpy
                0x000000000000635e                __aeabi_memcpy8
                0x000000000000635e                __aeabi_memcpy4
 .text.libc.__SEGGER_RTL_init_heap
                0x00000000000063a0       0x14 C:/Program Files/SEGGER/SEGGER Embedded Studio for ARM 7.10a/lib/heapops_basic_v7em_fpv4_sp_d16_hard_t_le_eabi_balanced.a(heapops_basic.o)
                0x00000000000063a0                __SEGGER_RTL_init_heap
                0x00000000000063b4                __text_end__ = (__text_start__ + SIZEOF (.text))
                0x00000000000060c8                __text_size__ = SIZEOF (.text)
                0x00000000000063b4                __text_load_end__ = __text_end__

.vfp11_veneer   0x0000000100000000        0x0
 .vfp11_veneer  0x0000000100000000        0x0 linker stubs

.v4_bx          0x0000000100000000        0x0
 .v4_bx         0x0000000100000000        0x0 linker stubs

.iplt           0x0000000100000000        0x0
 .iplt          0x0000000100000000        0x0 Output/Debug/Obj/saadc_pca10040/main.o
                0x0000000000000001                . = ASSERT (((__text_start__ == __text_end__) || ((__text_end__ - __FLASH_segment_start__) <= __FLASH_segment_size__)), error: .text is too large to fit in FLASH memory segment)
                0x00000000000063b4                __pwr_mgmt_data_load_start__ = ALIGN (__text_end__, 0x4)

.pwr_mgmt_data  0x00000000000063b4        0x0
                0x00000000000063b4                __pwr_mgmt_data_start__ = .
                0x00000000000063b4                __start_pwr_mgmt_data = __pwr_mgmt_data_start__
 *(SORT_BY_NAME(.pwr_mgmt_data*))
                0x00000000000063b4                __pwr_mgmt_data_end__ = (__pwr_mgmt_data_start__ + SIZEOF (.pwr_mgmt_data))
                0x0000000000000000                __pwr_mgmt_data_size__ = SIZEOF (.pwr_mgmt_data)
                0x00000000000063b4                __stop_pwr_mgmt_data = __pwr_mgmt_data_end__
                0x00000000000063b4                __pwr_mgmt_data_load_end__ = __pwr_mgmt_data_end__
                0x0000000000000001                . = ASSERT (((__pwr_mgmt_data_start__ == __pwr_mgmt_data_end__) || ((__pwr_mgmt_data_end__ - __FLASH_segment_start__) <= __FLASH_segment_size__)), error: .pwr_mgmt_data is too large to fit in FLASH memory segment)
                0x00000000000063b4                __log_const_data_load_start__ = ALIGN (__pwr_mgmt_data_end__, 0x4)

.log_const_data
                0x00000000000063b4       0x40
                0x00000000000063b4                __log_const_data_start__ = .
                0x00000000000063b4                __start_log_const_data = __log_const_data_start__
 *(SORT_BY_NAME(.log_const_data*))
 .log_const_data_PRS
                0x00000000000063b4        0x8 Output/Debug/Obj/saadc_pca10040/nrfx_prs.o
                0x00000000000063b4                m_nrf_log_PRS_logs_data_const
 .log_const_data_SAADC
                0x00000000000063bc        0x8 Output/Debug/Obj/saadc_pca10040/nrfx_saadc.o
                0x00000000000063bc                m_nrf_log_SAADC_logs_data_const
 .log_const_data_TIMER
                0x00000000000063c4        0x8 Output/Debug/Obj/saadc_pca10040/nrfx_timer.o
                0x00000000000063c4                m_nrf_log_TIMER_logs_data_const
 .log_const_data_UART
                0x00000000000063cc        0x8 Output/Debug/Obj/saadc_pca10040/nrfx_uart.o
                0x00000000000063cc                m_nrf_log_UART_logs_data_const
 .log_const_data_UARTE
                0x00000000000063d4        0x8 Output/Debug/Obj/saadc_pca10040/nrfx_uarte.o
                0x00000000000063d4                m_nrf_log_UARTE_logs_data_const
 .log_const_data_app
                0x00000000000063dc        0x8 Output/Debug/Obj/saadc_pca10040/nrf_log_frontend.o
                0x00000000000063dc                m_nrf_log_app_logs_data_const
 .log_const_data_balloc_log_mempool
                0x00000000000063e4        0x8 Output/Debug/Obj/saadc_pca10040/nrf_log_frontend.o
                0x00000000000063e4                m_nrf_log_balloc_log_mempool_logs_data_const
 .log_const_data_pwr_mgmt
                0x00000000000063ec        0x8 Output/Debug/Obj/saadc_pca10040/nrf_pwr_mgmt.o
                0x00000000000063ec                m_nrf_log_pwr_mgmt_logs_data_const
                0x00000000000063f4                __log_const_data_end__ = (__log_const_data_start__ + SIZEOF (.log_const_data))
                0x0000000000000040                __log_const_data_size__ = SIZEOF (.log_const_data)
                0x00000000000063f4                __stop_log_const_data = __log_const_data_end__
                0x00000000000063f4                __log_const_data_load_end__ = __log_const_data_end__
                0x0000000000000001                . = ASSERT (((__log_const_data_start__ == __log_const_data_end__) || ((__log_const_data_end__ - __FLASH_segment_start__) <= __FLASH_segment_size__)), error: .log_const_data is too large to fit in FLASH memory segment)
                0x00000000000063f4                __nrf_balloc_load_start__ = ALIGN (__log_const_data_end__, 0x4)

.nrf_balloc     0x00000000000063f4       0x18
                0x00000000000063f4                __nrf_balloc_start__ = .
                0x00000000000063f4                __start_nrf_balloc = __nrf_balloc_start__
 *(.nrf_balloc*)
 .nrf_balloc    0x00000000000063f4       0x18 Output/Debug/Obj/saadc_pca10040/nrf_log_frontend.o
                0x00000000000063f4                log_mempool
                0x000000000000640c                __nrf_balloc_end__ = (__nrf_balloc_start__ + SIZEOF (.nrf_balloc))
                0x0000000000000018                __nrf_balloc_size__ = SIZEOF (.nrf_balloc)
                0x000000000000640c                __stop_nrf_balloc = __nrf_balloc_end__
                0x000000000000640c                __nrf_balloc_load_end__ = __nrf_balloc_end__
                0x0000000000000001                . = ASSERT (((__nrf_balloc_start__ == __nrf_balloc_end__) || ((__nrf_balloc_end__ - __FLASH_segment_start__) <= __FLASH_segment_size__)), error: .nrf_balloc is too large to fit in FLASH memory segment)
                0x000000000000640c                __nrf_sections_load_start__ = ALIGN (__nrf_balloc_end__, 0x4)

.nrf_sections   0x000000000000640c        0x0
                0x000000000000640c                __nrf_sections_start__ = .
                0x000000000000640c                __start_nrf_sections = __nrf_sections_start__
 *(.nrf_sections .nrf_sections.*)
                0x000000000000640c                __nrf_sections_end__ = (__nrf_sections_start__ + SIZEOF (.nrf_sections))
                0x0000000000000000                __nrf_sections_size__ = SIZEOF (.nrf_sections)
                0x000000000000640c                __nrf_sections_load_end__ = __nrf_sections_end__
                0x0000000000000001                . = ASSERT (((__nrf_sections_start__ == __nrf_sections_end__) || ((__nrf_sections_end__ - __FLASH_segment_start__) <= __FLASH_segment_size__)), error: .nrf_sections is too large to fit in FLASH memory segment)
                0x000000000000640c                __log_dynamic_data_load_start__ = ALIGN (__nrf_sections_end__, 0x4)

.log_dynamic_data
                0x0000000020000000       0x20 load address 0x000000000000640c
                0x0000000020000000                __log_dynamic_data_start__ = .
 *(SORT_BY_NAME(.log_dynamic_data*))
 .log_dynamic_data_PRS
                0x0000000020000000        0x4 Output/Debug/Obj/saadc_pca10040/nrfx_prs.o
                0x0000000020000000                m_nrf_log_PRS_logs_data_dynamic
 .log_dynamic_data_SAADC
                0x0000000020000004        0x4 Output/Debug/Obj/saadc_pca10040/nrfx_saadc.o
                0x0000000020000004                m_nrf_log_SAADC_logs_data_dynamic
 .log_dynamic_data_TIMER
                0x0000000020000008        0x4 Output/Debug/Obj/saadc_pca10040/nrfx_timer.o
                0x0000000020000008                m_nrf_log_TIMER_logs_data_dynamic
 .log_dynamic_data_UART
                0x000000002000000c        0x4 Output/Debug/Obj/saadc_pca10040/nrfx_uart.o
                0x000000002000000c                m_nrf_log_UART_logs_data_dynamic
 .log_dynamic_data_UARTE
                0x0000000020000010        0x4 Output/Debug/Obj/saadc_pca10040/nrfx_uarte.o
                0x0000000020000010                m_nrf_log_UARTE_logs_data_dynamic
 .log_dynamic_data_app
                0x0000000020000014        0x4 Output/Debug/Obj/saadc_pca10040/nrf_log_frontend.o
                0x0000000020000014                m_nrf_log_app_logs_data_dynamic
 .log_dynamic_data_balloc_log_mempool
                0x0000000020000018        0x4 Output/Debug/Obj/saadc_pca10040/nrf_log_frontend.o
                0x0000000020000018                m_nrf_log_balloc_log_mempool_logs_data_dynamic
 .log_dynamic_data_pwr_mgmt
                0x000000002000001c        0x4 Output/Debug/Obj/saadc_pca10040/nrf_pwr_mgmt.o
                0x000000002000001c                m_nrf_log_pwr_mgmt_logs_data_dynamic
                0x0000000020000020                __log_dynamic_data_end__ = (__log_dynamic_data_start__ + SIZEOF (.log_dynamic_data))
                0x0000000000000020                __log_dynamic_data_size__ = SIZEOF (.log_dynamic_data)
                0x000000000000642c                __log_dynamic_data_load_end__ = (__log_dynamic_data_load_start__ + SIZEOF (.log_dynamic_data))
                0x0000000000000001                . = ASSERT (((__log_dynamic_data_load_start__ == __log_dynamic_data_load_end__) || ((__log_dynamic_data_load_end__ - __FLASH_segment_start__) <= __FLASH_segment_size__)), error: .log_dynamic_data is too large to fit in FLASH memory segment)

.log_dynamic_data_run
                0x0000000020000000        0x0
                0x0000000020000000                __log_dynamic_data_run_start__ = .
                0x0000000020000000                __start_log_dynamic_data = __log_dynamic_data_run_start__
                0x0000000020000020                __log_dynamic_data_run_end__ = (__log_dynamic_data_run_start__ + SIZEOF (.log_dynamic_data))
                0x0000000000000020                __log_dynamic_data_run_size__ = (__log_dynamic_data_run_end__ - __log_dynamic_data_run_start__)
                0x0000000020000020                __stop_log_dynamic_data = __log_dynamic_data_run_end__
                0x0000000020000020                __log_dynamic_data_run_load_end__ = __log_dynamic_data_run_end__
                0x0000000000000001                . = ASSERT (((__log_dynamic_data_run_start__ == __log_dynamic_data_run_end__) || ((__log_dynamic_data_run_end__ - __RAM_segment_start__) <= __RAM_segment_size__)), error: .log_dynamic_data_run is too large to fit in RAM memory segment)
                0x0000000020000020                __nrf_sections_run_end_load_start__ = ALIGN (__log_dynamic_data_run_end__, 0x4)

.nrf_sections_run_end
                0x0000000020000020        0x0
                0x0000000020000020                __nrf_sections_run_end_start__ = .
                0x0000000020000020                __end_nrf_sections_run = __nrf_sections_run_end_start__
 *(.nrf_sections_run_end .nrf_sections_run_end.*)
                0x0000000020000020                __nrf_sections_run_end_end__ = (__nrf_sections_run_end_start__ + SIZEOF (.nrf_sections_run_end))
                0x0000000000000000                __nrf_sections_run_end_size__ = SIZEOF (.nrf_sections_run_end)
                0x0000000020000020                __nrf_sections_run_end_load_end__ = __nrf_sections_run_end_end__
                0x0000000000000001                . = ASSERT (((__nrf_sections_run_end_start__ == __nrf_sections_run_end_end__) || ((__nrf_sections_run_end_end__ - __RAM_segment_start__) <= __RAM_segment_size__)), error: .nrf_sections_run_end is too large to fit in RAM memory segment)
                0x000000000000642c                __dtors_load_start__ = ALIGN ((__log_dynamic_data_load_start__ + SIZEOF (.log_dynamic_data)), 0x4)

.dtors          0x000000000000642c        0x0
                0x000000000000642c                __dtors_start__ = .
 *(SORT_BY_NAME(.dtors.*))
 *(.dtors)
 *(.fini_array)
 *(SORT_BY_NAME(.fini_array.*))
                0x000000000000642c                __dtors_end__ = (__dtors_start__ + SIZEOF (.dtors))
                0x0000000000000000                __dtors_size__ = SIZEOF (.dtors)
                0x000000000000642c                __dtors_load_end__ = __dtors_end__
                0x0000000000000001                . = ASSERT (((__dtors_start__ == __dtors_end__) || ((__dtors_end__ - __FLASH_segment_start__) <= __FLASH_segment_size__)), error: .dtors is too large to fit in FLASH memory segment)
                0x000000000000642c                __ctors_load_start__ = ALIGN (__dtors_end__, 0x4)

.ctors          0x000000000000642c        0x0
                0x000000000000642c                __ctors_start__ = .
 *(SORT_BY_NAME(.ctors.*))
 *(.ctors)
 *(.init_array)
 *(SORT_BY_NAME(.init_array.*))
                0x000000000000642c                __ctors_end__ = (__ctors_start__ + SIZEOF (.ctors))
                0x0000000000000000                __ctors_size__ = SIZEOF (.ctors)
                0x000000000000642c                __ctors_load_end__ = __ctors_end__
                0x0000000000000001                . = ASSERT (((__ctors_start__ == __ctors_end__) || ((__ctors_end__ - __FLASH_segment_start__) <= __FLASH_segment_size__)), error: .ctors is too large to fit in FLASH memory segment)
                0x000000000000642c                __rodata_load_start__ = ALIGN (__ctors_end__, 0x4)

.rodata         0x000000000000642c     0x1491
                0x000000000000642c                __rodata_start__ = .
 *(.rodata .rodata.* .gnu.linkonce.r.*)
 .rodata        0x000000000000642c      0x15e Output/Debug/Obj/saadc_pca10040/main.o
 *fill*         0x000000000000658a        0x2 
 .rodata.m_timer
                0x000000000000658c        0x8 Output/Debug/Obj/saadc_pca10040/main.o
 .rodata.default_config.0
                0x0000000000006594        0x4 Output/Debug/Obj/saadc_pca10040/main.o
 .rodata        0x0000000000006598       0xbd Output/Debug/Obj/saadc_pca10040/nrfx_ppi.o
 *fill*         0x0000000000006655        0x3 
 .rodata.__func__.11
                0x0000000000006658       0x17 Output/Debug/Obj/saadc_pca10040/nrfx_ppi.o
 *fill*         0x000000000000666f        0x1 
 .rodata.__func__.9
                0x0000000000006670       0x18 Output/Debug/Obj/saadc_pca10040/nrfx_ppi.o
 .rodata.__func__.7
                0x0000000000006688       0x18 Output/Debug/Obj/saadc_pca10040/nrfx_ppi.o
 .rodata        0x00000000000066a0       0x86 Output/Debug/Obj/saadc_pca10040/nrfx_prs.o
 *fill*         0x0000000000006726        0x2 
 .rodata        0x0000000000006728       0xe8 Output/Debug/Obj/saadc_pca10040/nrfx_saadc.o
 .rodata        0x0000000000006810       0xb8 Output/Debug/Obj/saadc_pca10040/nrfx_timer.o
 .rodata        0x00000000000068c8       0xe7 Output/Debug/Obj/saadc_pca10040/nrfx_uart.o
 *fill*         0x00000000000069af        0x1 
 .rodata.irq_handlers.0
                0x00000000000069b0        0x4 Output/Debug/Obj/saadc_pca10040/nrfx_uart.o
 .rodata        0x00000000000069b4       0xe8 Output/Debug/Obj/saadc_pca10040/nrfx_uarte.o
 .rodata.irq_handlers.0
                0x0000000000006a9c        0x4 Output/Debug/Obj/saadc_pca10040/nrfx_uarte.o
 .rodata        0x0000000000006aa0       0x70 Output/Debug/Obj/saadc_pca10040/app_error_weak.o
 .rodata        0x0000000000006b10       0x88 Output/Debug/Obj/saadc_pca10040/app_util_platform.o
 .rodata        0x0000000000006b98       0x83 Output/Debug/Obj/saadc_pca10040/nrf_balloc.o
 *fill*         0x0000000000006c1b        0x1 
 .rodata        0x0000000000006c1c       0x79 Output/Debug/Obj/saadc_pca10040/nrf_fprintf.o
 *fill*         0x0000000000006c95        0x3 
 .rodata        0x0000000000006c98       0x80 Output/Debug/Obj/saadc_pca10040/nrf_fprintf_format.o
 .rodata._aV2C.0
                0x0000000000006d18       0x10 Output/Debug/Obj/saadc_pca10040/nrf_fprintf_format.o
 .rodata        0x0000000000006d28       0x90 Output/Debug/Obj/saadc_pca10040/nrf_memobj.o
 .rodata        0x0000000000006db8      0x11f Output/Debug/Obj/saadc_pca10040/nrf_pwr_mgmt.o
 *fill*         0x0000000000006ed7        0x1 
 .rodata.m_unknown_str
                0x0000000000006ed8       0x13 Output/Debug/Obj/saadc_pca10040/nrf_strerror.o
 *fill*         0x0000000000006eeb        0x1 
 .rodata        0x0000000000006eec      0x3bd Output/Debug/Obj/saadc_pca10040/nrf_strerror.o
 *fill*         0x00000000000072a9        0x3 
 .rodata.nrf_strerror_array
                0x00000000000072ac      0x118 Output/Debug/Obj/saadc_pca10040/nrf_strerror.o
 .rodata        0x00000000000073c4       0xbc Output/Debug/Obj/saadc_pca10040/nrf_log_backend_uart.o
 .rodata.nrf_log_backend_uart_api
                0x0000000000007480        0xc Output/Debug/Obj/saadc_pca10040/nrf_log_backend_uart.o
                0x0000000000007480                nrf_log_backend_uart_api
 .rodata        0x000000000000748c       0x9f Output/Debug/Obj/saadc_pca10040/nrf_log_default_backends.o
 *fill*         0x000000000000752b        0x1 
 .rodata        0x000000000000752c       0xc1 Output/Debug/Obj/saadc_pca10040/nrf_log_frontend.o
 *fill*         0x00000000000075ed        0x3 
 .rodata        0x00000000000075f0       0xaa Output/Debug/Obj/saadc_pca10040/nrf_log_str_formatter.o
 *fill*         0x000000000000769a        0x2 
 .rodata.libc.__SEGGER_RTL_c_locale
                0x000000000000769c        0xc C:/Program Files/SEGGER/SEGGER Embedded Studio for ARM 7.10a/lib/libc_v7em_fpv4_sp_d16_hard_t_le_eabi_balanced.a(mbops.o)
                0x000000000000769c                __SEGGER_RTL_c_locale
 .rodata.libc..L.str
                0x00000000000076a8        0x2 C:/Program Files/SEGGER/SEGGER Embedded Studio for ARM 7.10a/lib/libc_v7em_fpv4_sp_d16_hard_t_le_eabi_balanced.a(mbops.o)
 *fill*         0x00000000000076aa        0x2 
 .rodata.libc.__SEGGER_RTL_codeset_ascii
                0x00000000000076ac       0x20 C:/Program Files/SEGGER/SEGGER Embedded Studio for ARM 7.10a/lib/libc_v7em_fpv4_sp_d16_hard_t_le_eabi_balanced.a(mbops.o)
                0x00000000000076ac                __SEGGER_RTL_codeset_ascii
 .rodata.libc.__SEGGER_RTL_c_locale_abbrev_day_names
                0x00000000000076cc       0x1d C:/Program Files/SEGGER/SEGGER Embedded Studio for ARM 7.10a/lib/libc_v7em_fpv4_sp_d16_hard_t_le_eabi_balanced.a(mbops.o)
                0x00000000000076cc                __SEGGER_RTL_c_locale_abbrev_day_names
 .rodata.libc.__SEGGER_RTL_c_locale_abbrev_month_names
                0x00000000000076e9       0x31 C:/Program Files/SEGGER/SEGGER Embedded Studio for ARM 7.10a/lib/libc_v7em_fpv4_sp_d16_hard_t_le_eabi_balanced.a(mbops.o)
                0x00000000000076e9                __SEGGER_RTL_c_locale_abbrev_month_names
 .rodata.libc.__SEGGER_RTL_data_utf8_period
                0x000000000000771a        0x2 C:/Program Files/SEGGER/SEGGER Embedded Studio for ARM 7.10a/lib/libc_v7em_fpv4_sp_d16_hard_t_le_eabi_balanced.a(mbops.o)
                0x000000000000771a                __SEGGER_RTL_data_utf8_period
 .rodata.libc.__SEGGER_RTL_data_empty_string
                0x000000000000771c        0x1 C:/Program Files/SEGGER/SEGGER Embedded Studio for ARM 7.10a/lib/libc_v7em_fpv4_sp_d16_hard_t_le_eabi_balanced.a(mbops.o)
                0x000000000000771c                __SEGGER_RTL_data_empty_string
 .rodata.libc.__SEGGER_RTL_c_locale_day_names
                0x000000000000771d       0x3a C:/Program Files/SEGGER/SEGGER Embedded Studio for ARM 7.10a/lib/libc_v7em_fpv4_sp_d16_hard_t_le_eabi_balanced.a(mbops.o)
 .rodata.libc.__SEGGER_RTL_c_locale_month_names
                0x0000000000007757       0x57 C:/Program Files/SEGGER/SEGGER Embedded Studio for ARM 7.10a/lib/libc_v7em_fpv4_sp_d16_hard_t_le_eabi_balanced.a(mbops.o)
 .rodata.libc.__SEGGER_RTL_c_locale_am_pm_indicator
                0x00000000000077ae        0x7 C:/Program Files/SEGGER/SEGGER Embedded Studio for ARM 7.10a/lib/libc_v7em_fpv4_sp_d16_hard_t_le_eabi_balanced.a(mbops.o)
 .rodata.libc.__SEGGER_RTL_c_locale_date_format
                0x00000000000077b5        0x9 C:/Program Files/SEGGER/SEGGER Embedded Studio for ARM 7.10a/lib/libc_v7em_fpv4_sp_d16_hard_t_le_eabi_balanced.a(mbops.o)
 .rodata.libc.__SEGGER_RTL_c_locale_time_format
                0x00000000000077be        0x9 C:/Program Files/SEGGER/SEGGER Embedded Studio for ARM 7.10a/lib/libc_v7em_fpv4_sp_d16_hard_t_le_eabi_balanced.a(mbops.o)
 .rodata.libc.__SEGGER_RTL_c_locale_date_time_format
                0x00000000000077c7        0xf C:/Program Files/SEGGER/SEGGER Embedded Studio for ARM 7.10a/lib/libc_v7em_fpv4_sp_d16_hard_t_le_eabi_balanced.a(mbops.o)
 *fill*         0x00000000000077d6        0x2 
 .rodata.libc.__SEGGER_RTL_c_locale_data
                0x00000000000077d8       0x58 C:/Program Files/SEGGER/SEGGER Embedded Studio for ARM 7.10a/lib/libc_v7em_fpv4_sp_d16_hard_t_le_eabi_balanced.a(mbops.o)
                0x00000000000077d8                __SEGGER_RTL_c_locale_data
 .rodata.libc.__SEGGER_RTL_ascii_ctype_map
                0x0000000000007830       0x80 C:/Program Files/SEGGER/SEGGER Embedded Studio for ARM 7.10a/lib/libc_v7em_fpv4_sp_d16_hard_t_le_eabi_balanced.a(mbops.o)
 .rodata.libc.__SEGGER_RTL_ascii_ctype_mask
                0x00000000000078b0        0xd C:/Program Files/SEGGER/SEGGER Embedded Studio for ARM 7.10a/lib/libc_v7em_fpv4_sp_d16_hard_t_le_eabi_balanced.a(mbops.o)
                0x00000000000078bd                __rodata_end__ = (__rodata_start__ + SIZEOF (.rodata))
                0x0000000000001491                __rodata_size__ = SIZEOF (.rodata)
                0x00000000000078bd                __rodata_load_end__ = __rodata_end__

.rel.dyn        0x00000000000078c0        0x0
 .rel.iplt      0x00000000000078c0        0x0 Output/Debug/Obj/saadc_pca10040/main.o
                0x0000000000000001                . = ASSERT (((__rodata_start__ == __rodata_end__) || ((__rodata_end__ - __FLASH_segment_start__) <= __FLASH_segment_size__)), error: .rodata is too large to fit in FLASH memory segment)
                0x00000000000078c0                __ARM.exidx_load_start__ = ALIGN (__rodata_end__, 0x4)

.ARM.exidx      0x00000000000078c0        0x0
                0x00000000000078c0                __ARM.exidx_start__ = .
                0x00000000000078c0                __exidx_start = __ARM.exidx_start__
 *(.ARM.exidx .ARM.exidx.*)
                0x00000000000078c0                __ARM.exidx_end__ = (__ARM.exidx_start__ + SIZEOF (.ARM.exidx))
                0x0000000000000000                __ARM.exidx_size__ = SIZEOF (.ARM.exidx)
                0x00000000000078c0                __exidx_end = __ARM.exidx_end__
                0x00000000000078c0                __ARM.exidx_load_end__ = __ARM.exidx_end__
                0x0000000000000001                . = ASSERT (((__ARM.exidx_start__ == __ARM.exidx_end__) || ((__ARM.exidx_end__ - __FLASH_segment_start__) <= __FLASH_segment_size__)), error: .ARM.exidx is too large to fit in FLASH memory segment)
                0x00000000000078c0                __fast_load_start__ = ALIGN (__ARM.exidx_end__, 0x4)

.fast           0x0000000020000020        0x0 load address 0x00000000000078c0
                0x0000000020000020                __fast_start__ = .
 *(.fast .fast.*)
                0x0000000020000020                __fast_end__ = (__fast_start__ + SIZEOF (.fast))
                0x0000000000000000                __fast_size__ = SIZEOF (.fast)
                0x00000000000078c0                __fast_load_end__ = (__fast_load_start__ + SIZEOF (.fast))
                0x0000000000000001                . = ASSERT (((__fast_load_start__ == __fast_load_end__) || ((__fast_load_end__ - __FLASH_segment_start__) <= __FLASH_segment_size__)), error: .fast is too large to fit in FLASH memory segment)

.fast_run       0x0000000020000020        0x0
                0x0000000020000020                __fast_run_start__ = .
                0x0000000020000020                __fast_run_end__ = (__fast_run_start__ + SIZEOF (.fast))
                0x0000000000000000                __fast_run_size__ = (__fast_run_end__ - __fast_run_start__)
                0x0000000020000020                __fast_run_load_end__ = __fast_run_end__
                0x0000000000000001                . = ASSERT (((__fast_run_start__ == __fast_run_end__) || ((__fast_run_end__ - __RAM_segment_start__) <= __RAM_segment_size__)), error: .fast_run is too large to fit in RAM memory segment)
                0x00000000000078c0                __data_load_start__ = ALIGN ((__fast_load_start__ + SIZEOF (.fast)), 0x4)

.data           0x0000000020000020       0x70 load address 0x00000000000078c0
                0x0000000020000020                __data_start__ = .
 *(.data .data.* .gnu.linkonce.d.*)
 .data.SystemCoreClock
                0x0000000020000020        0x4 Output/Debug/Obj/saadc_pca10040/system_nrf52.o
                0x0000000020000020                SystemCoreClock
 .data.m_uart   0x0000000020000024       0x14 Output/Debug/Obj/saadc_pca10040/nrf_log_backend_uart.o
                0x0000000020000024                m_uart
 .data.uart_log_backend
                0x0000000020000038        0xc Output/Debug/Obj/saadc_pca10040/nrf_log_default_backends.o
 .data.severity_names
                0x0000000020000044       0x14 Output/Debug/Obj/saadc_pca10040/nrf_log_str_formatter.o
 .data.m_colors
                0x0000000020000058       0x24 Output/Debug/Obj/saadc_pca10040/nrf_log_str_formatter.o
 .data.libc.__SEGGER_RTL_global_locale
                0x000000002000007c       0x14 C:/Program Files/SEGGER/SEGGER Embedded Studio for ARM 7.10a/lib/libc_v7em_fpv4_sp_d16_hard_t_le_eabi_balanced.a(mbops.o)
                0x000000002000007c                __SEGGER_RTL_global_locale
                0x000000002000007c                __RAL_global_locale
                0x0000000020000090                __data_end__ = (__data_start__ + SIZEOF (.data))
                0x0000000000000070                __data_size__ = SIZEOF (.data)
                0x0000000000007930                __data_load_end__ = (__data_load_start__ + SIZEOF (.data))

.igot.plt       0x0000000100000000        0x0
 .igot.plt      0x0000000100000000        0x0 Output/Debug/Obj/saadc_pca10040/main.o
                0x0000000000000001                . = ASSERT (((__data_load_start__ == __data_load_end__) || ((__data_load_end__ - __FLASH_segment_start__) <= __FLASH_segment_size__)), error: .data is too large to fit in FLASH memory segment)

.data_run       0x0000000020000020        0x0
                0x0000000020000020                __data_run_start__ = .
                0x0000000020000090                __data_run_end__ = (__data_run_start__ + SIZEOF (.data))
                0x0000000000000070                __data_run_size__ = (__data_run_end__ - __data_run_start__)
                0x0000000020000090                __data_run_load_end__ = __data_run_end__
                0x0000000000000001                . = ASSERT (((__data_run_start__ == __data_run_end__) || ((__data_run_end__ - __RAM_segment_start__) <= __RAM_segment_size__)), error: .data_run is too large to fit in RAM memory segment)
                0x0000000000007930                __tdata_load_start__ = ALIGN ((__data_load_start__ + SIZEOF (.data)), 0x4)

.tdata          0x0000000020000090        0x0 load address 0x0000000000007930
                0x0000000020000090                __tdata_start__ = .
 *(.tdata .tdata.*)
                0x0000000020000090                __tdata_end__ = (__tdata_start__ + SIZEOF (.tdata))
                0x0000000000000000                __tdata_size__ = SIZEOF (.tdata)
                0x0000000000007930                __tdata_load_end__ = (__tdata_load_start__ + SIZEOF (.tdata))
                0x0000000000007930                __FLASH_segment_used_end__ = (ALIGN ((__data_load_start__ + SIZEOF (.data)), 0x4) + SIZEOF (.tdata))
                0x0000000000007930                __FLASH_segment_used_size__ = (__FLASH_segment_used_end__ - __FLASH_segment_start__)
                0x0000000000000001                . = ASSERT (((__tdata_load_start__ == __tdata_load_end__) || ((__tdata_load_end__ - __FLASH_segment_start__) <= __FLASH_segment_size__)), error: .tdata is too large to fit in FLASH memory segment)

.tdata_run      0x0000000020000090        0x0
                0x0000000020000090                __tdata_run_start__ = .
                0x0000000020000090                __tdata_run_end__ = (__tdata_run_start__ + SIZEOF (.tdata))
                0x0000000000000000                __tdata_run_size__ = (__tdata_run_end__ - __tdata_run_start__)
                0x0000000020000090                __tdata_run_load_end__ = __tdata_run_end__
                0x0000000000000001                . = ASSERT (((__tdata_run_start__ == __tdata_run_end__) || ((__tdata_run_end__ - __RAM_segment_start__) <= __RAM_segment_size__)), error: .tdata_run is too large to fit in RAM memory segment)
                0x0000000020000090                __bss_load_start__ = ALIGN (__tdata_run_end__, 0x4)

.bss            0x0000000020000090      0x62c
                0x0000000020000090                __bss_start__ = .
 *(.bss .bss.* .gnu.linkonce.b.*)
 .bss.m_buffer_pool
                0x0000000020000090       0x14 Output/Debug/Obj/saadc_pca10040/main.o
 .bss.m_ppi_channel
                0x00000000200000a4        0x1 Output/Debug/Obj/saadc_pca10040/main.o
 .bss.m_drv_state
                0x00000000200000a5        0x1 Output/Debug/Obj/saadc_pca10040/nrf_drv_ppi.o
 *fill*         0x00000000200000a6        0x2 
 .bss.m_handlers
                0x00000000200000a8        0x4 Output/Debug/Obj/saadc_pca10040/nrf_drv_uart.o
 .bss.m_contexts
                0x00000000200000ac        0x4 Output/Debug/Obj/saadc_pca10040/nrf_drv_uart.o
 .bss.nrf_drv_uart_use_easy_dma
                0x00000000200000b0        0x1 Output/Debug/Obj/saadc_pca10040/nrf_drv_uart.o
                0x00000000200000b0                nrf_drv_uart_use_easy_dma
 *fill*         0x00000000200000b1        0x3 
 .bss.m_channels_allocated
                0x00000000200000b4        0x4 Output/Debug/Obj/saadc_pca10040/nrfx_ppi.o
 .bss.m_prs_box_4
                0x00000000200000b8        0x8 Output/Debug/Obj/saadc_pca10040/nrfx_prs.o
 .bss.m_cb      0x00000000200000c0       0x30 Output/Debug/Obj/saadc_pca10040/nrfx_saadc.o
 .bss.m_cb      0x00000000200000f0       0x18 Output/Debug/Obj/saadc_pca10040/nrfx_timer.o
 .bss.m_cb      0x0000000020000108       0x2c Output/Debug/Obj/saadc_pca10040/nrfx_uart.o
 .bss.m_cb      0x0000000020000134       0x24 Output/Debug/Obj/saadc_pca10040/nrfx_uarte.o
 .bss.m_error_data.0
                0x0000000020000158       0x20 Output/Debug/Obj/saadc_pca10040/app_error.o
 .bss.m_in_critical_region
                0x0000000020000178        0x4 Output/Debug/Obj/saadc_pca10040/app_util_platform.o
 .bss.m_string_buff
                0x000000002000017c       0x40 Output/Debug/Obj/saadc_pca10040/nrf_log_backend_uart.o
 .bss.m_xfer_done
                0x00000000200001bc        0x1 Output/Debug/Obj/saadc_pca10040/nrf_log_backend_uart.o
 .bss.m_async_mode
                0x00000000200001bd        0x1 Output/Debug/Obj/saadc_pca10040/nrf_log_backend_uart.o
 *fill*         0x00000000200001be        0x2 
 .bss.log_mempool_nrf_balloc_pool_stack
                0x00000000200001c0        0x8 Output/Debug/Obj/saadc_pca10040/nrf_log_frontend.o
 .bss.log_mempool_nrf_balloc_pool_mem
                0x00000000200001c8       0xc0 Output/Debug/Obj/saadc_pca10040/nrf_log_frontend.o
 .bss.log_mempool_nrf_balloc_cb
                0x0000000020000288        0x8 Output/Debug/Obj/saadc_pca10040/nrf_log_frontend.o
 .bss.m_log_data
                0x0000000020000290      0x424 Output/Debug/Obj/saadc_pca10040/nrf_log_frontend.o
 .bss.libc.__SEGGER_RTL_locale_ptr
                0x00000000200006b4        0x4 C:/Program Files/SEGGER/SEGGER Embedded Studio for ARM 7.10a/lib/libc_v7em_fpv4_sp_d16_hard_t_le_eabi_balanced.a(mbops.o)
                0x00000000200006b4                __SEGGER_RTL_locale_ptr
 .bss.libc.__SEGGER_RTL_heap_globals
                0x00000000200006b8        0x4 C:/Program Files/SEGGER/SEGGER Embedded Studio for ARM 7.10a/lib/heapops_basic_v7em_fpv4_sp_d16_hard_t_le_eabi_balanced.a(heapops_basic.o)
 *(COMMON)
                0x00000000200006bc                __bss_end__ = (__bss_start__ + SIZEOF (.bss))
                0x000000000000062c                __bss_size__ = SIZEOF (.bss)
                0x00000000200006bc                __bss_load_end__ = __bss_end__
                0x0000000000000001                . = ASSERT (((__bss_start__ == __bss_end__) || ((__bss_end__ - __RAM_segment_start__) <= __RAM_segment_size__)), error: .bss is too large to fit in RAM memory segment)
                0x00000000200006bc                __tbss_load_start__ = ALIGN (__bss_end__, 0x4)

.tbss           0x00000000200006bc        0x0
                0x00000000200006bc                __tbss_start__ = .
 *(.tbss .tbss.*)
                0x00000000200006bc                __tbss_end__ = (__tbss_start__ + SIZEOF (.tbss))
                0x0000000000000000                __tbss_size__ = SIZEOF (.tbss)
                0x00000000200006bc                __tbss_load_end__ = __tbss_end__
                0x0000000000000001                . = ASSERT (((__tbss_start__ == __tbss_end__) || ((__tbss_end__ - __RAM_segment_start__) <= __RAM_segment_size__)), error: .tbss is too large to fit in RAM memory segment)
                0x00000000200006bc                __non_init_load_start__ = ALIGN (__tbss_end__, 0x4)

.non_init       0x00000000200006bc        0x0
                0x00000000200006bc                __non_init_start__ = .
 *(.non_init .non_init.*)
                0x00000000200006bc                __non_init_end__ = (__non_init_start__ + SIZEOF (.non_init))
                0x0000000000000000                __non_init_size__ = SIZEOF (.non_init)
                0x00000000200006bc                __non_init_load_end__ = __non_init_end__
                0x0000000000000001                . = ASSERT (((__non_init_start__ == __non_init_end__) || ((__non_init_end__ - __RAM_segment_start__) <= __RAM_segment_size__)), error: .non_init is too large to fit in RAM memory segment)
                0x00000000200006bc                __heap_load_start__ = ALIGN (__non_init_end__, 0x4)

.heap           0x00000000200006bc     0x2000
                0x00000000200006bc                __heap_start__ = .
 *(.heap .heap.*)
                0x00000000200026bc                . = ALIGN (MAX ((__heap_start__ + __HEAPSIZE__), .), 0x4)
 *fill*         0x00000000200006bc     0x2000 
                0x00000000200026bc                __heap_end__ = (__heap_start__ + SIZEOF (.heap))
                0x0000000000002000                __heap_size__ = SIZEOF (.heap)
                0x00000000200026bc                __heap_load_end__ = __heap_end__
                0x0000000000000001                . = ASSERT (((__heap_start__ == __heap_end__) || ((__heap_end__ - __RAM_segment_start__) <= __RAM_segment_size__)), error: .heap is too large to fit in RAM memory segment)
                0x0000000000000001                . = ASSERT ((__heap_size__ <= __HEAPSIZE__), error: .heap is larger than specified size)
                0x000000002000e000                __stack_load_start__ = (__RAM_segment_start__ + (__RAM_segment_size__ - 0x2000))

.stack          0x000000002000e000     0x2000
                0x000000002000e000                __stack_start__ = .
                0x000000002000e000                __StackLimit = __stack_start__
 *(.stack .stack.*)
                0x0000000020010000                . = ALIGN (MAX ((__stack_start__ + __STACKSIZE__), .), 0x8)
 *fill*         0x000000002000e000     0x2000 
                0x0000000020010000                __stack_end__ = (__stack_start__ + SIZEOF (.stack))
                0x0000000000002000                __stack_size__ = SIZEOF (.stack)
                0x0000000020010000                __StackTop = __stack_end__
                0x0000000020010000                __stack_load_end__ = __stack_end__
                0x0000000000000001                . = ASSERT (((__stack_start__ == __stack_end__) || ((__stack_end__ - __RAM_segment_start__) <= __RAM_segment_size__)), error: .stack is too large to fit in RAM memory segment)
                0x0000000000000001                . = ASSERT ((__heap_end__ <= __stack_start__), error: section .heap overlaps absolute placed section .stack)
                0x0000000000000001                . = ASSERT ((__stack_size__ <= __STACKSIZE__), error: .stack is larger than specified size)
                0x0000000020010000                __stack_process_load_start__ = ALIGN (__stack_end__, 0x8)

.stack_process  0x0000000020010000        0x0
                0x0000000020010000                __stack_process_start__ = .
 *(.stack_process .stack_process.*)
                0x0000000020010000                . = ALIGN (MAX ((__stack_process_start__ + __STACKSIZE_PROCESS__), .), 0x8)
                0x0000000020010000                __stack_process_end__ = (__stack_process_start__ + SIZEOF (.stack_process))
                0x0000000000000000                __stack_process_size__ = SIZEOF (.stack_process)
                0x0000000020010000                __stack_process_load_end__ = __stack_process_end__
                0x0000000020010000                __RAM_segment_used_end__ = (ALIGN (__stack_end__, 0x8) + SIZEOF (.stack_process))
                0x0000000000010000                __RAM_segment_used_size__ = (__RAM_segment_used_end__ - __RAM_segment_start__)
                0x0000000000000001                . = ASSERT (((__stack_process_start__ == __stack_process_end__) || ((__stack_process_end__ - __RAM_segment_start__) <= __RAM_segment_size__)), error: .stack_process is too large to fit in RAM memory segment)
                0x0000000000000001                . = ASSERT ((__stack_process_size__ <= __STACKSIZE_PROCESS__), error: .stack_process is larger than specified size)
START GROUP
LOAD Output/Debug/Obj/saadc_pca10040/main.o
LOAD Output/Debug/Obj/saadc_pca10040/boards.o
LOAD Output/Debug/Obj/saadc_pca10040/ses_nRF_Startup.o
LOAD Output/Debug/Obj/saadc_pca10040/ses_nrf52_Vectors.o
LOAD Output/Debug/Obj/saadc_pca10040/system_nrf52.o
LOAD Output/Debug/Obj/saadc_pca10040/thumb_crt0.o
LOAD Output/Debug/Obj/saadc_pca10040/nrf_drv_ppi.o
LOAD Output/Debug/Obj/saadc_pca10040/nrf_drv_uart.o
LOAD Output/Debug/Obj/saadc_pca10040/nrfx_ppi.o
LOAD Output/Debug/Obj/saadc_pca10040/nrfx_prs.o
LOAD Output/Debug/Obj/saadc_pca10040/nrfx_saadc.o
LOAD Output/Debug/Obj/saadc_pca10040/nrfx_timer.o
LOAD Output/Debug/Obj/saadc_pca10040/nrfx_uart.o
LOAD Output/Debug/Obj/saadc_pca10040/nrfx_uarte.o
LOAD Output/Debug/Obj/saadc_pca10040/app_error.o
LOAD Output/Debug/Obj/saadc_pca10040/app_error_handler_gcc.o
LOAD Output/Debug/Obj/saadc_pca10040/app_error_weak.o
LOAD Output/Debug/Obj/saadc_pca10040/app_util_platform.o
LOAD Output/Debug/Obj/saadc_pca10040/nrf_assert.o
LOAD Output/Debug/Obj/saadc_pca10040/nrf_atomic.o
LOAD Output/Debug/Obj/saadc_pca10040/nrf_balloc.o
LOAD Output/Debug/Obj/saadc_pca10040/nrf_fprintf.o
LOAD Output/Debug/Obj/saadc_pca10040/nrf_fprintf_format.o
LOAD Output/Debug/Obj/saadc_pca10040/nrf_memobj.o
LOAD Output/Debug/Obj/saadc_pca10040/nrf_pwr_mgmt.o
LOAD Output/Debug/Obj/saadc_pca10040/nrf_section_iter.o
LOAD Output/Debug/Obj/saadc_pca10040/nrf_strerror.o
LOAD Output/Debug/Obj/saadc_pca10040/nrf_log_backend_rtt.o
LOAD Output/Debug/Obj/saadc_pca10040/nrf_log_backend_serial.o
LOAD Output/Debug/Obj/saadc_pca10040/nrf_log_backend_uart.o
LOAD Output/Debug/Obj/saadc_pca10040/nrf_log_default_backends.o
LOAD Output/Debug/Obj/saadc_pca10040/nrf_log_frontend.o
LOAD Output/Debug/Obj/saadc_pca10040/nrf_log_str_formatter.o
LOAD Output/Debug/Obj/saadc_pca10040/SEGGER_RTT.o
LOAD Output/Debug/Obj/saadc_pca10040/SEGGER_RTT_printf.o
LOAD C:/Program Files/SEGGER/SEGGER Embedded Studio for ARM 7.10a/lib/libc_v7em_fpv4_sp_d16_hard_t_le_eabi_balanced.a
LOAD C:/Program Files/SEGGER/SEGGER Embedded Studio for ARM 7.10a/lib/heapops_basic_v7em_fpv4_sp_d16_hard_t_le_eabi_balanced.a
LOAD C:/Program Files/SEGGER/SEGGER Embedded Studio for ARM 7.10a/lib/heapops_disable_interrupts_locking_v7em_fpv4_sp_d16_hard_t_le_eabi_balanced.a
END GROUP
OUTPUT(C:/Users/admin/Desktop/research/DeviceDownload/nRF5SDK1500a53641a/nRF5_SDK_15.0.0_a53641a/examples/MyProjects/saadc/pca10040/blank/ses/Output/Debug/Exe/saadc_pca10040.elf elf32-littlearm)
LOAD linker stubs

.debug_frame    0x0000000000000000     0x3878
 .debug_frame   0x0000000000000000      0x1cc Output/Debug/Obj/saadc_pca10040/main.o
 .debug_frame   0x00000000000001cc       0xfc Output/Debug/Obj/saadc_pca10040/system_nrf52.o
 .debug_frame   0x00000000000002c8       0x3c Output/Debug/Obj/saadc_pca10040/nrf_drv_ppi.o
 .debug_frame   0x0000000000000304       0x8c Output/Debug/Obj/saadc_pca10040/nrf_drv_uart.o
 .debug_frame   0x0000000000000390      0x574 Output/Debug/Obj/saadc_pca10040/nrfx_ppi.o