Archive member included to satisfy reference by file (symbol)

C:/Program Files/SEGGER/SEGGER Embedded Studio for ARM 7.10a/lib/libc_v7em_fpv4_sp_d16_hard_t_le_eabi_balanced.a(floatasmops_arm.o)
                              Output/Debug/Obj/saadc_pca10040/main.o (__aeabi_dsub)
C:/Program Files/SEGGER/SEGGER Embedded Studio for ARM 7.10a/lib/libc_v7em_fpv4_sp_d16_hard_t_le_eabi_balanced.a(mbops.o)
                              Output/Debug/Obj/saadc_pca10040/nrf_log_str_formatter.o (isprint)
C:/Program Files/SEGGER/SEGGER Embedded Studio for ARM 7.10a/lib/libc_v7em_fpv4_sp_d16_hard_t_le_eabi_balanced.a(sortops.o)
                              C:/Program Files/SEGGER/SEGGER Embedded Studio for ARM 7.10a/lib/libc_v7em_fpv4_sp_d16_hard_t_le_eabi_balanced.a(mbops.o) (bsearch)
C:/Program Files/SEGGER/SEGGER Embedded Studio for ARM 7.10a/lib/libc_v7em_fpv4_sp_d16_hard_t_le_eabi_balanced.a(strasmops_arm.o)
                              Output/Debug/Obj/saadc_pca10040/nrf_fprintf_format.o (strlen)
C:/Program Files/SEGGER/SEGGER Embedded Studio for ARM 7.10a/lib/libc_v7em_fpv4_sp_d16_hard_t_le_eabi_balanced.a(strops.o)
                              C:/Program Files/SEGGER/SEGGER Embedded Studio for ARM 7.10a/lib/libc_v7em_fpv4_sp_d16_hard_t_le_eabi_balanced.a(mbops.o) (strcat)
C:/Program Files/SEGGER/SEGGER Embedded Studio for ARM 7.10a/lib/libc_v7em_fpv4_sp_d16_hard_t_le_eabi_balanced.a(timeops.o)
                              C:/Program Files/SEGGER/SEGGER Embedded Studio for ARM 7.10a/lib/libc_v7em_fpv4_sp_d16_hard_t_le_eabi_balanced.a(mbops.o) (__SEGGER_RTL_string_list_encode)
C:/Program Files/SEGGER/SEGGER Embedded Studio for ARM 7.10a/lib/libc_v7em_fpv4_sp_d16_hard_t_le_eabi_balanced.a(__SEGGER_RTL_vfprintf_long.o)
                              (__SEGGER_RTL_vfprintf_long)
C:/Program Files/SEGGER/SEGGER Embedded Studio for ARM 7.10a/lib/libc_v7em_fpv4_sp_d16_hard_t_le_eabi_balanced.a(__SEGGER_RTL_vfscanf_long.o)
                              (__SEGGER_RTL_vfscanf_long)
C:/Program Files/SEGGER/SEGGER Embedded Studio for ARM 7.10a/lib/libc_v7em_fpv4_sp_d16_hard_t_le_eabi_balanced.a(errno.o)
                              C:/Program Files/SEGGER/SEGGER Embedded Studio for ARM 7.10a/lib/libc_v7em_fpv4_sp_d16_hard_t_le_eabi_balanced.a(mbops.o) (__aeabi_errno_addr)
C:/Program Files/SEGGER/SEGGER Embedded Studio for ARM 7.10a/lib/libc_v7em_fpv4_sp_d16_hard_t_le_eabi_balanced.a(execops.o)
                              C:/Program Files/SEGGER/SEGGER Embedded Studio for ARM 7.10a/lib/libc_v7em_fpv4_sp_d16_hard_t_le_eabi_balanced.a(strops.o) (__SEGGER_RTL_constraint_violation)
C:/Program Files/SEGGER/SEGGER Embedded Studio for ARM 7.10a/lib/libc_v7em_fpv4_sp_d16_hard_t_le_eabi_balanced.a(execops_arm.o)
                              C:/Program Files/SEGGER/SEGGER Embedded Studio for ARM 7.10a/lib/libc_v7em_fpv4_sp_d16_hard_t_le_eabi_balanced.a(execops.o) (__aeabi_SIGABRT)
C:/Program Files/SEGGER/SEGGER Embedded Studio for ARM 7.10a/lib/libc_v7em_fpv4_sp_d16_hard_t_le_eabi_balanced.a(intasmops_arm.o)
                              C:/Program Files/SEGGER/SEGGER Embedded Studio for ARM 7.10a/lib/libc_v7em_fpv4_sp_d16_hard_t_le_eabi_balanced.a(__SEGGER_RTL_vfprintf_long.o) (__aeabi_uldivmod)
C:/Program Files/SEGGER/SEGGER Embedded Studio for ARM 7.10a/lib/libc_v7em_fpv4_sp_d16_hard_t_le_eabi_balanced.a(intops.o)
                              C:/Program Files/SEGGER/SEGGER Embedded Studio for ARM 7.10a/lib/libc_v7em_fpv4_sp_d16_hard_t_le_eabi_balanced.a(timeops.o) (div)
C:/Program Files/SEGGER/SEGGER Embedded Studio for ARM 7.10a/lib/libc_v7em_fpv4_sp_d16_hard_t_le_eabi_balanced.a(utilops.o)
                              C:/Program Files/SEGGER/SEGGER Embedded Studio for ARM 7.10a/lib/libc_v7em_fpv4_sp_d16_hard_t_le_eabi_balanced.a(__SEGGER_RTL_vfscanf_long.o) (__SEGGER_RTL_digit)
C:/Program Files/SEGGER/SEGGER Embedded Studio for ARM 7.10a/lib/libc_v7em_fpv4_sp_d16_hard_t_le_eabi_balanced.a(prinops.o)
                              C:/Program Files/SEGGER/SEGGER Embedded Studio for ARM 7.10a/lib/libc_v7em_fpv4_sp_d16_hard_t_le_eabi_balanced.a(__SEGGER_RTL_vfprintf_long.o) (__SEGGER_RTL_putc)
C:/Program Files/SEGGER/SEGGER Embedded Studio for ARM 7.10a/lib/libc_v7em_fpv4_sp_d16_hard_t_le_eabi_balanced.a(convops.o)
                              C:/Program Files/SEGGER/SEGGER Embedded Studio for ARM 7.10a/lib/libc_v7em_fpv4_sp_d16_hard_t_le_eabi_balanced.a(execops.o) (itoa)
C:/Program Files/SEGGER/SEGGER Embedded Studio for ARM 7.10a/lib/libc_v7em_fpv4_sp_d16_hard_t_le_eabi_balanced.a(fileops.o)
                              C:/Program Files/SEGGER/SEGGER Embedded Studio for ARM 7.10a/lib/libc_v7em_fpv4_sp_d16_hard_t_le_eabi_balanced.a(prinops.o) (fwrite)
C:/Program Files/SEGGER/SEGGER Embedded Studio for ARM 7.10a/lib/libc_v7em_fpv4_sp_d16_hard_t_le_eabi_balanced.a(floatops.o)
[...]
Memory Configuration

Name             Origin             Length             Attributes
UNPLACED_SECTIONS 0x0000000100000000 0x0000000000000000 xw
RAM1             0x0000000020000000 0x0000000000010000 xw
FLASH1           0x0000000000000000 0x0000000000080000 xw
*default*        0x0000000000000000 0xffffffffffffffff

Linker script and memory map

                0x0000000000000000                __SEGGER_RTL_vfprintf = __SEGGER_RTL_vfprintf_long
                0x0000000000000000                __SEGGER_RTL_vfscanf = __SEGGER_RTL_vfscanf_long
                0x0000000020000000                __RAM1_segment_start__ = 0x20000000
                0x0000000020010000                __RAM1_segment_end__ = 0x20010000
                0x0000000000010000                __RAM1_segment_size__ = 0x10000
                0x0000000000000000                __FLASH1_segment_start__ = 0x0
                0x0000000000080000                __FLASH1_segment_end__ = 0x80000
                0x0000000000080000                __FLASH1_segment_size__ = 0x80000
                0x0000000000002000                __HEAPSIZE__ = 0x2000
                0x0000000000000000                __STACKSIZE_PROCESS__ = 0x0
                0x0000000000002000                __STACKSIZE__ = 0x2000
                0x0000000020000000                __vectors_ram_load_start__ = 0x20000000

.vectors_ram    0x0000000020000000        0x0
                0x0000000020000000                __vectors_ram_start__ = .
                0x0000000020000000                __app_ram_start__ = __vectors_ram_start__
 *(.vectors_ram .vectors_ram.*)
                0x0000000020000000                __vectors_ram_end__ = (__vectors_ram_start__ + SIZEOF (.vectors_ram))
                0x0000000000000000                __vectors_ram_size__ = SIZEOF (.vectors_ram)
                0x0000000020000000                __vectors_ram_load_end__ = __vectors_ram_end__
                0x0000000000000001                . = ASSERT (((__vectors_ram_start__ == __vectors_ram_end__) || ((__vectors_ram_end__ - __RAM1_segment_start__) <= __RAM1_segment_size__)), error: .vectors_ram is too large to fit in RAM1 memory segment)
                0x0000000020000000                __nrf_sections_run_load_start__ = ALIGN (__vectors_ram_end__, 0x4)

.nrf_sections_run
                0x0000000020000000        0x0
                0x0000000020000000                __nrf_sections_run_start__ = .
                0x0000000020000000                __start_nrf_sections_run = __nrf_sections_run_start__
 *(.nrf_sections_run .nrf_sections_run.*)
                0x0000000020000000                __nrf_sections_run_end__ = (__nrf_sections_run_start__ + SIZEOF (.nrf_sections_run))
                0x0000000000000000                __nrf_sections_run_size__ = SIZEOF (.nrf_sections_run)
                0x0000000020000000                __nrf_sections_run_load_end__ = __nrf_sections_run_end__
                0x0000000000000001                . = ASSERT (((__nrf_sections_run_start__ == __nrf_sections_run_end__) || ((__nrf_sections_run_end__ - __RAM1_segment_start__) <= __RAM1_segment_size__)), error: .nrf_sections_run is too large to fit in RAM1 memory segment)
                0x0000000000000000                __vectors_load_start__ = 0x0

.vectors        0x0000000000000000      0x200
                0x0000000000000000                __vectors_start__ = .
 *(.vectors .vectors.*)
 .vectors       0x0000000000000000      0x200 Output/Debug/Obj/saadc_pca10040/ses_startup_nrf52.o
                0x0000000000000000                _vectors
                0x0000000000000200                __vectors_end__ = (__vectors_start__ + SIZEOF (.vectors))
                0x0000000000000200                __vectors_size__ = SIZEOF (.vectors)
                0x0000000000000200                __vectors_load_end__ = __vectors_end__
                0x0000000000000001                . = ASSERT (((__vectors_start__ == __vectors_end__) || ((__vectors_end__ - __FLASH1_segment_start__) <= __FLASH1_segment_size__)), error: .vectors is too large to fit in FLASH1 memory segment)
                0x0000000000000200                __init_load_start__ = ALIGN (__vectors_end__, 0x4)

.init           0x0000000000000200      0x1cc
                0x0000000000000200                __init_start__ = .
 *(.init .init.*)
 .init          0x0000000000000200       0x18 Output/Debug/Obj/saadc_pca10040/ses_startup_nrf52.o
                0x0000000000000200                NMI_Handler
                0x0000000000000202                HardFault_Handler
                0x0000000000000204                MemoryManagement_Handler
                0x0000000000000206                BusFault_Handler
                0x0000000000000208                UsageFault_Handler
                0x000000000000020a                SVC_Handler
                0x000000000000020c                DebugMon_Handler
                0x000000000000020e                PendSV_Handler
                0x0000000000000210                SysTick_Handler
                0x0000000000000212                PWM1_IRQHandler
                0x0000000000000212                GPIOTE_IRQHandler
                0x0000000000000212                SWI0_EGU0_IRQHandler
                0x0000000000000212                POWER_CLOCK_IRQHandler
                0x0000000000000212                RADIO_IRQHandler
                0x0000000000000212                PDM_IRQHandler
                0x0000000000000212                TEMP_IRQHandler
                0x0000000000000212                RTC0_IRQHandler
                0x0000000000000212                TIMER3_IRQHandler
                0x0000000000000212                FPU_IRQHandler
                0x0000000000000212                SPIM0_SPIS0_TWIM0_TWIS0_SPI0_TWI0_IRQHandler
                0x0000000000000212                SWI2_EGU2_IRQHandler
                0x0000000000000212                TIMER4_IRQHandler
                0x0000000000000212                I2S_IRQHandler
                0x0000000000000212                SWI4_EGU4_IRQHandler
                0x0000000000000212                Dummy_Handler
                0x0000000000000212                TIMER1_IRQHandler
                0x0000000000000212                PWM2_IRQHandler
                0x0000000000000212                ECB_IRQHandler
                0x0000000000000212                SPIM1_SPIS1_TWIM1_TWIS1_SPI1_TWI1_IRQHandler
                0x0000000000000212                CCM_AAR_IRQHandler
                0x0000000000000212                WDT_IRQHandler
                0x0000000000000212                QDEC_IRQHandler
                0x0000000000000212                SWI5_EGU5_IRQHandler
                0x0000000000000212                RNG_IRQHandler
                0x0000000000000212                RTC2_IRQHandler
                0x0000000000000212                PWM0_IRQHandler
                0x0000000000000212                SWI3_EGU3_IRQHandler
                0x0000000000000212                RTC1_IRQHandler
                0x0000000000000212                SWI1_EGU1_IRQHandler
                0x0000000000000212                SPIM2_SPIS2_SPI2_IRQHandler
                0x0000000000000212                NFCT_IRQHandler
                0x0000000000000212                TIMER2_IRQHandler
                0x0000000000000212                MWU_IRQHandler
                0x0000000000000212                COMP_LPCOMP_IRQHandler
                0x0000000000000214                nRFInitialize
 .init          0x0000000000000218       0x5c Output/Debug/Obj/saadc_pca10040/ses_startup_nrf_common.o
                0x0000000000000218                Reset_Handler
                0x000000000000021c                afterInitialize
                0x0000000000000240                InitializeUserMemorySections
 .init          0x0000000000000274      0x158 Output/Debug/Obj/saadc_pca10040/thumb_crt0.o
                0x0000000000000274                _start
                0x0000000000000322                exit
                0x00000000000003cc                __init_end__ = (__init_start__ + SIZEOF (.init))
                0x00000000000001cc                __init_size__ = SIZEOF (.init)
                0x00000000000003cc                __init_load_end__ = __init_end__
                0x0000000000000001                . = ASSERT (((__init_start__ == __init_end__) || ((__init_end__ - __FLASH1_segment_start__) <= __FLASH1_segment_size__)), error: .init is too large to fit in FLASH1 memory segment)
                0x00000000000003cc                __init_rodata_load_start__ = ALIGN (__init_end__, 0x4)

.init_rodata    0x00000000000003cc        0x0
                0x00000000000003cc                __init_rodata_start__ = .
 *(.init_rodata .init_rodata.*)
                0x00000000000003cc                __init_rodata_end__ = (__init_rodata_start__ + SIZEOF (.init_rodata))
                0x0000000000000000                __init_rodata_size__ = SIZEOF (.init_rodata)
                0x00000000000003cc                __init_rodata_load_end__ = __init_rodata_end__
                0x0000000000000001                . = ASSERT (((__init_rodata_start__ == __init_rodata_end__) || ((__init_rodata_end__ - __FLASH1_segment_start__) <= __FLASH1_segment_size__)), error: .init_rodata is too large to fit in FLASH1 memory segment)
                0x00000000000003cc                __text_load_start__ = ALIGN (__init_rodata_end__, 0x4)

.text           0x00000000000003cc     0x60b4
                0x00000000000003cc                __text_start__ = .
 *(.text .text.* .gnu.linkonce.t.* .glue_7t .glue_7 .gcc_except_table .ARM.extab* .gnu.linkonce.armextab.*)
 .glue_7        0x00000000000003cc        0x0 linker stubs
 .glue_7t       0x00000000000003cc        0x0 linker stubs
 .text.nrfx_coredep_delay_us
                0x00000000000003cc       0x30 Output/Debug/Obj/saadc_pca10040/main.o
 .text.nrf_drv_saadc_init
                0x00000000000003fc       0x28 Output/Debug/Obj/saadc_pca10040/main.o
 .text.nrf_delay_ms
                0x0000000000000424       0x2a Output/Debug/Obj/saadc_pca10040/main.o
 .text.saadc_callback_handler
                0x000000000000044e        0xa Output/Debug/Obj/saadc_pca10040/main.o
                0x000000000000044e                saadc_callback_handler
 .text.saadc_init
                0x0000000000000458       0x60 Output/Debug/Obj/saadc_pca10040/main.o
                0x0000000000000458                saadc_init
 .text.log_init
                0x00000000000004b8       0x30 Output/Debug/Obj/saadc_pca10040/main.o
                0x00000000000004b8                log_init
 .text.led_advertising
                0x00000000000004e8       0x1a Output/Debug/Obj/saadc_pca10040/main.o
                0x00000000000004e8                led_advertising
 *fill*         0x0000000000000502        0x6 
 .text.main     0x0000000000000508      0x2c4 Output/Debug/Obj/saadc_pca10040/main.o
                0x0000000000000508                main
 .text.nrf_gpio_pin_port_decode
                0x00000000000007cc       0x30 Output/Debug/Obj/saadc_pca10040/boards.o
 .text.nrf_gpio_cfg
                0x00000000000007fc       0x62 Output/Debug/Obj/saadc_pca10040/boards.o
 .text.nrf_gpio_cfg_output
                0x000000000000085e       0x22 Output/Debug/Obj/saadc_pca10040/boards.o
 .text.nrf_gpio_cfg_input
                0x0000000000000880       0x2a Output/Debug/Obj/saadc_pca10040/boards.o
 .text.nrf_gpio_pin_set
                0x00000000000008aa       0x28 Output/Debug/Obj/saadc_pca10040/boards.o
 .text.nrf_gpio_pin_clear
                0x00000000000008d2       0x28 Output/Debug/Obj/saadc_pca10040/boards.o
 .text.nrf_gpio_pin_write
                0x00000000000008fa       0x24 Output/Debug/Obj/saadc_pca10040/boards.o
 .text.nrf_gpio_port_out_set
                0x000000000000091e       0x14 Output/Debug/Obj/saadc_pca10040/boards.o
 .text.nrf_gpio_port_out_clear
                0x0000000000000932       0x14 Output/Debug/Obj/saadc_pca10040/boards.o
 .text.nrf_gpio_pin_present_check
                0x0000000000000946       0x40 Output/Debug/Obj/saadc_pca10040/boards.o
 *fill*         0x0000000000000986        0x2 
 .text.bsp_board_led_on
                0x0000000000000988       0x34 Output/Debug/Obj/saadc_pca10040/boards.o
                0x0000000000000988                bsp_board_led_on
 .text.bsp_board_led_off
                0x00000000000009bc       0x34 Output/Debug/Obj/saadc_pca10040/boards.o
                0x00000000000009bc                bsp_board_led_off
 .text.bsp_board_leds_off
                0x00000000000009f0       0x26 Output/Debug/Obj/saadc_pca10040/boards.o
                0x00000000000009f0                bsp_board_leds_off
 *fill*         0x0000000000000a16        0x2 
 .text.bsp_board_leds_init
                0x0000000000000a18       0x34 Output/Debug/Obj/saadc_pca10040/boards.o
 .text.bsp_board_buttons_init
                0x0000000000000a4c       0x34 Output/Debug/Obj/saadc_pca10040/boards.o
 .text.bsp_board_init
                0x0000000000000a80       0x2a Output/Debug/Obj/saadc_pca10040/boards.o
                0x0000000000000a80                bsp_board_init
 *fill*         0x0000000000000aaa        0x2 
 .text.__NVIC_SystemReset
                0x0000000000000aac       0x28 Output/Debug/Obj/saadc_pca10040/system_nrf52.o
 .text.nrf52_errata_12
                0x0000000000000ad4       0x88 Output/Debug/Obj/saadc_pca10040/system_nrf52.o
 .text.nrf52_errata_16
                0x0000000000000b5c       0x68 Output/Debug/Obj/saadc_pca10040/system_nrf52.o
 .text.nrf52_errata_31
                0x0000000000000bc4       0x88 Output/Debug/Obj/saadc_pca10040/system_nrf52.o
 .text.nrf52_errata_32
                0x0000000000000c4c       0x68 Output/Debug/Obj/saadc_pca10040/system_nrf52.o
 .text.nrf52_errata_36
                0x0000000000000cb4       0x88 Output/Debug/Obj/saadc_pca10040/system_nrf52.o
 .text.nrf52_errata_37
                0x0000000000000d3c       0x68 Output/Debug/Obj/saadc_pca10040/system_nrf52.o
 .text.nrf52_errata_57
                0x0000000000000da4       0x68 Output/Debug/Obj/saadc_pca10040/system_nrf52.o
 .text.nrf52_errata_66
                0x0000000000000e0c       0x88 Output/Debug/Obj/saadc_pca10040/system_nrf52.o
 .text.nrf52_errata_108
                0x0000000000000e94       0x88 Output/Debug/Obj/saadc_pca10040/system_nrf52.o
 .text.nrf52_errata_136
                0x0000000000000f1c       0x88 Output/Debug/Obj/saadc_pca10040/system_nrf52.o
 .text.nrf52_errata_182
                0x0000000000000fa4       0x60 Output/Debug/Obj/saadc_pca10040/system_nrf52.o
 .text.nrf52_errata_249
                0x0000000000001004       0x60 Output/Debug/Obj/saadc_pca10040/system_nrf52.o
 .text.nrf52_handle_approtect
                0x0000000000001064       0x20 Output/Debug/Obj/saadc_pca10040/system_nrf52.o
 .text.nvmc_wait
                0x0000000000001084       0x18 Output/Debug/Obj/saadc_pca10040/system_nrf52.o
                0x0000000000001084                nvmc_wait
 .text.nvmc_config
                0x000000000000109c       0x20 Output/Debug/Obj/saadc_pca10040/system_nrf52.o
                0x000000000000109c                nvmc_config
 .text.SystemCoreClockUpdate
                0x00000000000010bc       0x14 Output/Debug/Obj/saadc_pca10040/system_nrf52.o
                0x00000000000010bc                SystemCoreClockUpdate
 .text.SystemInit
                0x00000000000010d0      0x2ac Output/Debug/Obj/saadc_pca10040/system_nrf52.o
                0x00000000000010d0                SystemInit
 .text.uarte_evt_handler
                0x000000000000137c       0x50 Output/Debug/Obj/saadc_pca10040/nrf_drv_uart.o
 .text.uart_evt_handler
                0x00000000000013cc       0x50 Output/Debug/Obj/saadc_pca10040/nrf_drv_uart.o
 .text.nrf_drv_uart_init
                0x000000000000141c       0xc0 Output/Debug/Obj/saadc_pca10040/nrf_drv_uart.o
                0x000000000000141c                nrf_drv_uart_init
 .text.UARTE0_UART0_IRQHandler
                0x00000000000014dc       0x24 Output/Debug/Obj/saadc_pca10040/nrfx_prs.o
                0x00000000000014dc                UARTE0_UART0_IRQHandler
 .text.prs_box_get
                0x0000000000001500       0x20 Output/Debug/Obj/saadc_pca10040/nrfx_prs.o
 .text.nrfx_prs_acquire
                0x0000000000001520       0x74 Output/Debug/Obj/saadc_pca10040/nrfx_prs.o
                0x0000000000001520                nrfx_prs_acquire
 .text.nrfx_prs_release
                0x0000000000001594       0x3c Output/Debug/Obj/saadc_pca10040/nrfx_prs.o
                0x0000000000001594                nrfx_prs_release
 .text.__NVIC_EnableIRQ
                0x00000000000015d0       0x34 Output/Debug/Obj/saadc_pca10040/nrfx_saadc.o
 .text.__NVIC_SetPriority
                0x0000000000001604       0x50 Output/Debug/Obj/saadc_pca10040/nrfx_saadc.o
 .text._NRFX_IRQ_PRIORITY_SET
                0x0000000000001654       0x40 Output/Debug/Obj/saadc_pca10040/nrfx_saadc.o
 .text._NRFX_IRQ_ENABLE
                0x0000000000001694       0x1c Output/Debug/Obj/saadc_pca10040/nrfx_saadc.o
 .text.nrfx_coredep_delay_us
                0x00000000000016b0       0x30 Output/Debug/Obj/saadc_pca10040/nrfx_saadc.o
 .text.nrf_saadc_task_trigger
                0x00000000000016e0       0x1e Output/Debug/Obj/saadc_pca10040/nrfx_saadc.o
 .text.nrf_saadc_event_check
                0x00000000000016fe       0x26 Output/Debug/Obj/saadc_pca10040/nrfx_saadc.o
 .text.nrf_saadc_event_clear
                0x0000000000001724       0x30 Output/Debug/Obj/saadc_pca10040/nrfx_saadc.o
 .text.nrf_saadc_channel_input_set
                0x0000000000001754       0x44 Output/Debug/Obj/saadc_pca10040/nrfx_saadc.o
 .text.nrf_saadc_int_enable
                0x0000000000001798       0x18 Output/Debug/Obj/saadc_pca10040/nrfx_saadc.o
 .text.nrf_saadc_int_disable
                0x00000000000017b0       0x18 Output/Debug/Obj/saadc_pca10040/nrfx_saadc.o
 .text.nrf_saadc_enable
                0x00000000000017c8       0x10 Output/Debug/Obj/saadc_pca10040/nrfx_saadc.o
 .text.nrf_saadc_disable
                0x00000000000017d8       0x10 Output/Debug/Obj/saadc_pca10040/nrfx_saadc.o
 .text.nrf_saadc_buffer_init
                0x00000000000017e8       0x20 Output/Debug/Obj/saadc_pca10040/nrfx_saadc.o
 .text.nrf_saadc_resolution_set
                0x0000000000001808       0x1c Output/Debug/Obj/saadc_pca10040/nrfx_saadc.o
 .text.nrf_saadc_oversample_set
                0x0000000000001824       0x1c Output/Debug/Obj/saadc_pca10040/nrfx_saadc.o
 .text.nrf_saadc_oversample_get
                0x0000000000001840       0x10 Output/Debug/Obj/saadc_pca10040/nrfx_saadc.o
 .text.nrf_saadc_channel_init
                0x0000000000001850       0x8c Output/Debug/Obj/saadc_pca10040/nrfx_saadc.o
 .text.SAADC_IRQHandler
                0x00000000000018dc      0x260 Output/Debug/Obj/saadc_pca10040/nrfx_saadc.o
                0x00000000000018dc                SAADC_IRQHandler
 .text.nrfx_saadc_init
                0x0000000000001b3c       0xe0 Output/Debug/Obj/saadc_pca10040/nrfx_saadc.o
                0x0000000000001b3c                nrfx_saadc_init
 .text.nrfx_saadc_channel_init
                0x0000000000001c1c      0x124 Output/Debug/Obj/saadc_pca10040/nrfx_saadc.o
                0x0000000000001c1c                nrfx_saadc_channel_init
 .text.nrfx_saadc_sample_convert
                0x0000000000001d40      0x158 Output/Debug/Obj/saadc_pca10040/nrfx_saadc.o
                0x0000000000001d40                nrfx_saadc_sample_convert
 .text.nrf_timer_event_clear
                0x0000000000001e98       0x2a Output/Debug/Obj/saadc_pca10040/nrfx_timer.o
 .text.nrf_timer_event_check
                0x0000000000001ec2       0x24 Output/Debug/Obj/saadc_pca10040/nrfx_timer.o
 .text.nrf_timer_int_enable_check
                0x0000000000001ee6       0x20 Output/Debug/Obj/saadc_pca10040/nrfx_timer.o
 .text.nrf_timer_compare_event_get
                0x0000000000001f06       0x14 Output/Debug/Obj/saadc_pca10040/nrfx_timer.o
 .text.nrf_timer_compare_int_get
                0x0000000000001f1a       0x14 Output/Debug/Obj/saadc_pca10040/nrfx_timer.o
 .text.irq_handler
                0x0000000000001f2e       0x8e Output/Debug/Obj/saadc_pca10040/nrfx_timer.o
 .text.TIMER0_IRQHandler
                0x0000000000001fbc       0x18 Output/Debug/Obj/saadc_pca10040/nrfx_timer.o
                0x0000000000001fbc                TIMER0_IRQHandler
 .text.__NVIC_EnableIRQ
                0x0000000000001fd4       0x34 Output/Debug/Obj/saadc_pca10040/nrfx_uart.o
 .text.__NVIC_DisableIRQ
                0x0000000000002008       0x44 Output/Debug/Obj/saadc_pca10040/nrfx_uart.o
 .text.__NVIC_SetPriority
                0x000000000000204c       0x50 Output/Debug/Obj/saadc_pca10040/nrfx_uart.o
 .text.nrfx_get_irq_number
                0x000000000000209c       0x10 Output/Debug/Obj/saadc_pca10040/nrfx_uart.o
 .text._NRFX_IRQ_PRIORITY_SET
                0x00000000000020ac       0x40 Output/Debug/Obj/saadc_pca10040/nrfx_uart.o
 .text._NRFX_IRQ_ENABLE
                0x00000000000020ec       0x1c Output/Debug/Obj/saadc_pca10040/nrfx_uart.o
 .text._NRFX_IRQ_DISABLE
                0x0000000000002108       0x1c Output/Debug/Obj/saadc_pca10040/nrfx_uart.o
 .text.nrf_uart_event_clear
                0x0000000000002124       0x2a Output/Debug/Obj/saadc_pca10040/nrfx_uart.o
 .text.nrf_uart_event_check
                0x000000000000214e       0x24 Output/Debug/Obj/saadc_pca10040/nrfx_uart.o
 .text.nrf_uart_int_enable
                0x0000000000002172       0x14 Output/Debug/Obj/saadc_pca10040/nrfx_uart.o
 .text.nrf_uart_int_enable_check
                0x0000000000002186       0x20 Output/Debug/Obj/saadc_pca10040/nrfx_uart.o
 .text.nrf_uart_int_disable
                0x00000000000021a6       0x14 Output/Debug/Obj/saadc_pca10040/nrfx_uart.o
 .text.nrf_uart_errorsrc_get_and_clear
                0x00000000000021ba       0x1c Output/Debug/Obj/saadc_pca10040/nrfx_uart.o
 .text.nrf_uart_enable
                0x00000000000021d6       0x12 Output/Debug/Obj/saadc_pca10040/nrfx_uart.o
 .text.nrf_uart_disable
                0x00000000000021e8       0x12 Output/Debug/Obj/saadc_pca10040/nrfx_uart.o
 .text.nrf_uart_txrx_pins_set
                0x00000000000021fa       0x1e Output/Debug/Obj/saadc_pca10040/nrfx_uart.o
 .text.nrf_uart_txrx_pins_disconnect
                0x0000000000002218       0x1c Output/Debug/Obj/saadc_pca10040/nrfx_uart.o
 .text.nrf_uart_tx_pin_get
                0x0000000000002234       0x10 Output/Debug/Obj/saadc_pca10040/nrfx_uart.o
 .text.nrf_uart_rx_pin_get
                0x0000000000002244       0x10 Output/Debug/Obj/saadc_pca10040/nrfx_uart.o
 .text.nrf_uart_rts_pin_get
                0x0000000000002254       0x10 Output/Debug/Obj/saadc_pca10040/nrfx_uart.o
 .text.nrf_uart_cts_pin_get
                0x0000000000002264       0x10 Output/Debug/Obj/saadc_pca10040/nrfx_uart.o
 .text.nrf_uart_hwfc_pins_set
                0x0000000000002274       0x1e Output/Debug/Obj/saadc_pca10040/nrfx_uart.o
 .text.nrf_uart_hwfc_pins_disconnect
                0x0000000000002292       0x1c Output/Debug/Obj/saadc_pca10040/nrfx_uart.o
 .text.nrf_uart_rxd_get
                0x00000000000022ae       0x12 Output/Debug/Obj/saadc_pca10040/nrfx_uart.o
 .text.nrf_uart_txd_set
                0x00000000000022c0       0x1a Output/Debug/Obj/saadc_pca10040/nrfx_uart.o
 .text.nrf_uart_task_trigger
                0x00000000000022da       0x1c Output/Debug/Obj/saadc_pca10040/nrfx_uart.o
 .text.nrf_uart_configure
                0x00000000000022f6       0x2a Output/Debug/Obj/saadc_pca10040/nrfx_uart.o
 .text.nrf_uart_baudrate_set
                0x0000000000002320       0x14 Output/Debug/Obj/saadc_pca10040/nrfx_uart.o
 .text.nrf_gpio_pin_port_decode
                0x0000000000002334       0x30 Output/Debug/Obj/saadc_pca10040/nrfx_uart.o
 .text.nrf_gpio_cfg
                0x0000000000002364       0x62 Output/Debug/Obj/saadc_pca10040/nrfx_uart.o
 .text.nrf_gpio_cfg_output
                0x00000000000023c6       0x22 Output/Debug/Obj/saadc_pca10040/nrfx_uart.o
 .text.nrf_gpio_cfg_input
                0x00000000000023e8       0x2a Output/Debug/Obj/saadc_pca10040/nrfx_uart.o
 .text.nrf_gpio_cfg_default
                0x0000000000002412       0x22 Output/Debug/Obj/saadc_pca10040/nrfx_uart.o
 .text.nrf_gpio_pin_set
                0x0000000000002434       0x28 Output/Debug/Obj/saadc_pca10040/nrfx_uart.o
 .text.nrf_gpio_port_out_set
                0x000000000000245c       0x14 Output/Debug/Obj/saadc_pca10040/nrfx_uart.o
 .text.nrf_gpio_pin_present_check
                0x0000000000002470       0x40 Output/Debug/Obj/saadc_pca10040/nrfx_uart.o
 .text.apply_config
                0x00000000000024b0       0xc6 Output/Debug/Obj/saadc_pca10040/nrfx_uart.o
 *fill*         0x0000000000002576        0x2 
 .text.interrupts_enable
                0x0000000000002578       0x6c Output/Debug/Obj/saadc_pca10040/nrfx_uart.o
 .text.interrupts_disable
                0x00000000000025e4       0x30 Output/Debug/Obj/saadc_pca10040/nrfx_uart.o
 .text.pins_to_default
                0x0000000000002614       0x8a Output/Debug/Obj/saadc_pca10040/nrfx_uart.o
 *fill*         0x000000000000269e        0x2 
 .text.nrfx_uart_init
                0x00000000000026a0       0xd4 Output/Debug/Obj/saadc_pca10040/nrfx_uart.o
                0x00000000000026a0                nrfx_uart_init
 .text.nrfx_uart_uninit
                0x0000000000002774       0x5c Output/Debug/Obj/saadc_pca10040/nrfx_uart.o
                0x0000000000002774                nrfx_uart_uninit
 .text.tx_byte  0x00000000000027d0       0x40 Output/Debug/Obj/saadc_pca10040/nrfx_uart.o
 .text.tx_blocking
                0x0000000000002810       0x52 Output/Debug/Obj/saadc_pca10040/nrfx_uart.o
 *fill*         0x0000000000002862        0x2 
 .text.nrfx_uart_tx
                0x0000000000002864      0x110 Output/Debug/Obj/saadc_pca10040/nrfx_uart.o
                0x0000000000002864                nrfx_uart_tx
 .text.nrfx_uart_tx_in_progress
                0x0000000000002974       0x2c Output/Debug/Obj/saadc_pca10040/nrfx_uart.o
                0x0000000000002974                nrfx_uart_tx_in_progress
 .text.rx_byte  0x00000000000029a0       0x4e Output/Debug/Obj/saadc_pca10040/nrfx_uart.o
 .text.rx_done_event
                0x00000000000029ee       0x2e Output/Debug/Obj/saadc_pca10040/nrfx_uart.o
 .text.tx_done_event
                0x0000000000002a1c       0x34 Output/Debug/Obj/saadc_pca10040/nrfx_uart.o
 .text.uart_irq_handler
                0x0000000000002a50      0x1de Output/Debug/Obj/saadc_pca10040/nrfx_uart.o
 *fill*         0x0000000000002c2e        0x2 
 .text.nrfx_uart_0_irq_handler
                0x0000000000002c30       0x18 Output/Debug/Obj/saadc_pca10040/nrfx_uart.o
                0x0000000000002c30                nrfx_uart_0_irq_handler
 .text.__NVIC_EnableIRQ
                0x0000000000002c48       0x34 Output/Debug/Obj/saadc_pca10040/nrfx_uarte.o
 .text.__NVIC_DisableIRQ
                0x0000000000002c7c       0x44 Output/Debug/Obj/saadc_pca10040/nrfx_uarte.o
 .text.__NVIC_SetPriority
                0x0000000000002cc0       0x50 Output/Debug/Obj/saadc_pca10040/nrfx_uarte.o
 .text.nrfx_is_in_ram
                0x0000000000002d10       0x1c Output/Debug/Obj/saadc_pca10040/nrfx_uarte.o
 .text.nrfx_get_irq_number
                0x0000000000002d2c       0x10 Output/Debug/Obj/saadc_pca10040/nrfx_uarte.o
 .text._NRFX_IRQ_PRIORITY_SET
                0x0000000000002d3c       0x40 Output/Debug/Obj/saadc_pca10040/nrfx_uarte.o
 .text._NRFX_IRQ_ENABLE
                0x0000000000002d7c       0x1c Output/Debug/Obj/saadc_pca10040/nrfx_uarte.o
 .text._NRFX_IRQ_DISABLE
                0x0000000000002d98       0x1c Output/Debug/Obj/saadc_pca10040/nrfx_uarte.o
 .text.nrf_uarte_event_clear
                0x0000000000002db4       0x2a Output/Debug/Obj/saadc_pca10040/nrfx_uarte.o
 .text.nrf_uarte_event_check
                0x0000000000002dde       0x24 Output/Debug/Obj/saadc_pca10040/nrfx_uarte.o
 .text.nrf_uarte_shorts_disable
                0x0000000000002e02       0x1e Output/Debug/Obj/saadc_pca10040/nrfx_uarte.o
 .text.nrf_uarte_int_enable
                0x0000000000002e20       0x14 Output/Debug/Obj/saadc_pca10040/nrfx_uarte.o
 .text.nrf_uarte_int_disable
                0x0000000000002e34       0x14 Output/Debug/Obj/saadc_pca10040/nrfx_uarte.o
 .text.nrf_uarte_errorsrc_get_and_clear
                0x0000000000002e48       0x1c Output/Debug/Obj/saadc_pca10040/nrfx_uarte.o
 .text.nrf_uarte_enable
                0x0000000000002e64       0x12 Output/Debug/Obj/saadc_pca10040/nrfx_uarte.o
 .text.nrf_uarte_disable
                0x0000000000002e76       0x12 Output/Debug/Obj/saadc_pca10040/nrfx_uarte.o
 .text.nrf_uarte_txrx_pins_set
                0x0000000000002e88       0x1e Output/Debug/Obj/saadc_pca10040/nrfx_uarte.o
 .text.nrf_uarte_txrx_pins_disconnect
                0x0000000000002ea6       0x1c Output/Debug/Obj/saadc_pca10040/nrfx_uarte.o
 .text.nrf_uarte_tx_pin_get
                0x0000000000002ec2       0x10 Output/Debug/Obj/saadc_pca10040/nrfx_uarte.o
 .text.nrf_uarte_rx_pin_get
                0x0000000000002ed2       0x10 Output/Debug/Obj/saadc_pca10040/nrfx_uarte.o
 .text.nrf_uarte_rts_pin_get
                0x0000000000002ee2       0x10 Output/Debug/Obj/saadc_pca10040/nrfx_uarte.o
 .text.nrf_uarte_cts_pin_get
                0x0000000000002ef2       0x10 Output/Debug/Obj/saadc_pca10040/nrfx_uarte.o
 .text.nrf_uarte_hwfc_pins_set
                0x0000000000002f02       0x1e Output/Debug/Obj/saadc_pca10040/nrfx_uarte.o
 .text.nrf_uarte_hwfc_pins_disconnect
                0x0000000000002f20       0x1c Output/Debug/Obj/saadc_pca10040/nrfx_uarte.o
 .text.nrf_uarte_task_trigger
                0x0000000000002f3c       0x1c Output/Debug/Obj/saadc_pca10040/nrfx_uarte.o
 .text.nrf_uarte_configure
                0x0000000000002f58       0x2a Output/Debug/Obj/saadc_pca10040/nrfx_uarte.o
 .text.nrf_uarte_baudrate_set
                0x0000000000002f82       0x14 Output/Debug/Obj/saadc_pca10040/nrfx_uarte.o
 .text.nrf_uarte_tx_buffer_set
                0x0000000000002f96       0x1e Output/Debug/Obj/saadc_pca10040/nrfx_uarte.o
 .text.nrf_uarte_tx_amount_get
                0x0000000000002fb4       0x10 Output/Debug/Obj/saadc_pca10040/nrfx_uarte.o
 .text.nrf_uarte_rx_amount_get
                0x0000000000002fc4       0x10 Output/Debug/Obj/saadc_pca10040/nrfx_uarte.o
 .text.nrf_gpio_pin_port_decode
                0x0000000000002fd4       0x30 Output/Debug/Obj/saadc_pca10040/nrfx_uarte.o
 .text.nrf_gpio_cfg
                0x0000000000003004       0x62 Output/Debug/Obj/saadc_pca10040/nrfx_uarte.o
 .text.nrf_gpio_cfg_output
                0x0000000000003066       0x22 Output/Debug/Obj/saadc_pca10040/nrfx_uarte.o
 .text.nrf_gpio_cfg_input
                0x0000000000003088       0x2a Output/Debug/Obj/saadc_pca10040/nrfx_uarte.o
 .text.nrf_gpio_cfg_default
                0x00000000000030b2       0x22 Output/Debug/Obj/saadc_pca10040/nrfx_uarte.o
 .text.nrf_gpio_pin_set
                0x00000000000030d4       0x28 Output/Debug/Obj/saadc_pca10040/nrfx_uarte.o
 .text.nrf_gpio_port_out_set
                0x00000000000030fc       0x14 Output/Debug/Obj/saadc_pca10040/nrfx_uarte.o
 .text.nrf_gpio_pin_present_check
                0x0000000000003110       0x40 Output/Debug/Obj/saadc_pca10040/nrfx_uarte.o
 .text.apply_config
                0x0000000000003150       0xc6 Output/Debug/Obj/saadc_pca10040/nrfx_uarte.o
 *fill*         0x0000000000003216        0x2 
 .text.interrupts_enable
                0x0000000000003218       0x98 Output/Debug/Obj/saadc_pca10040/nrfx_uarte.o
 .text.interrupts_disable
                0x00000000000032b0       0x30 Output/Debug/Obj/saadc_pca10040/nrfx_uarte.o
 .text.pins_to_default
                0x00000000000032e0       0x8a Output/Debug/Obj/saadc_pca10040/nrfx_uarte.o
 *fill*         0x000000000000336a        0x2 
 .text.nrfx_uarte_init
                0x000000000000336c       0xcc Output/Debug/Obj/saadc_pca10040/nrfx_uarte.o
                0x000000000000336c                nrfx_uarte_init
 .text.nrfx_uarte_uninit
                0x0000000000003438       0xc4 Output/Debug/Obj/saadc_pca10040/nrfx_uarte.o
                0x0000000000003438                nrfx_uarte_uninit
 .text.nrfx_uarte_tx
                0x00000000000034fc      0x17c Output/Debug/Obj/saadc_pca10040/nrfx_uarte.o
                0x00000000000034fc                nrfx_uarte_tx
 .text.nrfx_uarte_tx_in_progress
                0x0000000000003678       0x30 Output/Debug/Obj/saadc_pca10040/nrfx_uarte.o
                0x0000000000003678                nrfx_uarte_tx_in_progress
 .text.rx_done_event
                0x00000000000036a8       0x2e Output/Debug/Obj/saadc_pca10040/nrfx_uarte.o
 .text.tx_done_event
                0x00000000000036d6       0x34 Output/Debug/Obj/saadc_pca10040/nrfx_uarte.o
 .text.uarte_irq_handler
                0x000000000000370a      0x18c Output/Debug/Obj/saadc_pca10040/nrfx_uarte.o
 *fill*         0x0000000000003896        0x2 
 .text.nrfx_uarte_0_irq_handler
                0x0000000000003898       0x18 Output/Debug/Obj/saadc_pca10040/nrfx_uarte.o
                0x0000000000003898                nrfx_uarte_0_irq_handler
 .text.app_error_save_and_stop
                0x00000000000038b0       0x98 Output/Debug/Obj/saadc_pca10040/app_error.o
                0x00000000000038b0                app_error_save_and_stop
 .text.app_error_handler
                0x0000000000003948       0x1c Output/Debug/Obj/saadc_pca10040/app_error_handler_gcc.o
                0x0000000000003948                app_error_handler
 .text.app_error_fault_handler
                0x0000000000003964      0x104 Output/Debug/Obj/saadc_pca10040/app_error_weak.o
                0x0000000000003964                app_error_fault_handler
 .text.app_util_disable_irq
                0x0000000000003a68       0x18 Output/Debug/Obj/saadc_pca10040/app_util_platform.o
                0x0000000000003a68                app_util_disable_irq
 .text.app_util_enable_irq
                0x0000000000003a80       0x20 Output/Debug/Obj/saadc_pca10040/app_util_platform.o
                0x0000000000003a80                app_util_enable_irq
 .text.app_util_critical_region_enter
                0x0000000000003aa0       0x28 Output/Debug/Obj/saadc_pca10040/app_util_platform.o
                0x0000000000003aa0                app_util_critical_region_enter
 .text.app_util_critical_region_exit
                0x0000000000003ac8       0x2c Output/Debug/Obj/saadc_pca10040/app_util_platform.o
                0x0000000000003ac8                app_util_critical_region_exit
 .text.privilege_level_get
                0x0000000000003af4       0x3a Output/Debug/Obj/saadc_pca10040/app_util_platform.o
                0x0000000000003af4                privilege_level_get
 .text.assert_nrf_callback
                0x0000000000003b2e       0x2c Output/Debug/Obj/saadc_pca10040/nrf_assert.o
                0x0000000000003b2e                assert_nrf_callback
 .text.nrf_atomic_u32_fetch_store
                0x0000000000003b5a       0x2e Output/Debug/Obj/saadc_pca10040/nrf_atomic.o
                0x0000000000003b5a                nrf_atomic_u32_fetch_store
 .text.nrf_atomic_u32_or
                0x0000000000003b88       0x30 Output/Debug/Obj/saadc_pca10040/nrf_atomic.o
                0x0000000000003b88                nrf_atomic_u32_or
 .text.nrf_atomic_u32_fetch_and
                0x0000000000003bb8       0x30 Output/Debug/Obj/saadc_pca10040/nrf_atomic.o
                0x0000000000003bb8                nrf_atomic_u32_fetch_and
 .text.nrf_atomic_u32_add
                0x0000000000003be8       0x30 Output/Debug/Obj/saadc_pca10040/nrf_atomic.o
                0x0000000000003be8                nrf_atomic_u32_add
 .text.nrf_atomic_u32_sub
                0x0000000000003c18       0x30 Output/Debug/Obj/saadc_pca10040/nrf_atomic.o
                0x0000000000003c18                nrf_atomic_u32_sub
 .text.nrf_atomic_flag_set
                0x0000000000003c48       0x18 Output/Debug/Obj/saadc_pca10040/nrf_atomic.o
                0x0000000000003c48                nrf_atomic_flag_set
 .text.nrf_atomic_flag_clear_fetch
                0x0000000000003c60       0x18 Output/Debug/Obj/saadc_pca10040/nrf_atomic.o
                0x0000000000003c60                nrf_atomic_flag_clear_fetch
 .text.nrf_balloc_idx2block
                0x0000000000003c78       0x38 Output/Debug/Obj/saadc_pca10040/nrf_balloc.o
 .text.nrf_balloc_block2idx
                0x0000000000003cb0       0x34 Output/Debug/Obj/saadc_pca10040/nrf_balloc.o
 .text.nrf_balloc_init
                0x0000000000003ce4       0xb8 Output/Debug/Obj/saadc_pca10040/nrf_balloc.o
                0x0000000000003ce4                nrf_balloc_init
 .text.nrf_balloc_alloc
                0x0000000000003d9c       0x84 Output/Debug/Obj/saadc_pca10040/nrf_balloc.o
                0x0000000000003d9c                nrf_balloc_alloc
 .text.nrf_balloc_free
                0x0000000000003e20       0x58 Output/Debug/Obj/saadc_pca10040/nrf_balloc.o
                0x0000000000003e20                nrf_balloc_free
 .text.nrf_fprintf_buffer_flush
                0x0000000000003e78       0x44 Output/Debug/Obj/saadc_pca10040/nrf_fprintf.o
                0x0000000000003e78                nrf_fprintf_buffer_flush
 .text.nrf_fprintf
                0x0000000000003ebc       0x74 Output/Debug/Obj/saadc_pca10040/nrf_fprintf.o
                0x0000000000003ebc                nrf_fprintf
 .text.buffer_add
                0x0000000000003f30       0x4c Output/Debug/Obj/saadc_pca10040/nrf_fprintf_format.o
 .text.string_print
                0x0000000000003f7c       0xc2 Output/Debug/Obj/saadc_pca10040/nrf_fprintf_format.o
 *fill*         0x000000000000403e        0x2 
 .text.unsigned_print
                0x0000000000004040      0x130 Output/Debug/Obj/saadc_pca10040/nrf_fprintf_format.o
 .text.int_print
                0x0000000000004170      0x11c Output/Debug/Obj/saadc_pca10040/nrf_fprintf_format.o
 .text.nrf_fprintf_fmt
                0x000000000000428c      0x388 Output/Debug/Obj/saadc_pca10040/nrf_fprintf_format.o
                0x000000000000428c                nrf_fprintf_fmt
 .text.nrf_memobj_pool_init
                0x0000000000004614       0x16 Output/Debug/Obj/saadc_pca10040/nrf_memobj.o
                0x0000000000004614                nrf_memobj_pool_init
 .text.nrf_memobj_alloc
                0x000000000000462a       0xae Output/Debug/Obj/saadc_pca10040/nrf_memobj.o
                0x000000000000462a                nrf_memobj_alloc
 .text.nrf_memobj_free
                0x00000000000046d8       0x74 Output/Debug/Obj/saadc_pca10040/nrf_memobj.o
                0x00000000000046d8                nrf_memobj_free
 .text.nrf_memobj_get
                0x000000000000474c       0x1e Output/Debug/Obj/saadc_pca10040/nrf_memobj.o
                0x000000000000474c                nrf_memobj_get
 .text.nrf_memobj_put
                0x000000000000476a       0x34 Output/Debug/Obj/saadc_pca10040/nrf_memobj.o
                0x000000000000476a                nrf_memobj_put
 *fill*         0x000000000000479e        0x2 
 .text.memobj_op
                0x00000000000047a0      0x124 Output/Debug/Obj/saadc_pca10040/nrf_memobj.o
 .text.nrf_memobj_write
                0x00000000000048c4       0x3c Output/Debug/Obj/saadc_pca10040/nrf_memobj.o
                0x00000000000048c4                nrf_memobj_write
 .text.nrf_memobj_read
                0x0000000000004900       0x40 Output/Debug/Obj/saadc_pca10040/nrf_memobj.o
                0x0000000000004900                nrf_memobj_read
 .text.nrf_ringbuf_init
                0x0000000000004940       0x3a Output/Debug/Obj/saadc_pca10040/nrf_ringbuf.o
                0x0000000000004940                nrf_ringbuf_init
 *fill*         0x000000000000497a        0x2 
 .text.nrf_strerror_get
                0x000000000000497c       0x28 Output/Debug/Obj/saadc_pca10040/nrf_strerror.o
                0x000000000000497c                nrf_strerror_get
 .text.nrf_strerror_find
                0x00000000000049a4       0x68 Output/Debug/Obj/saadc_pca10040/nrf_strerror.o
                0x00000000000049a4                nrf_strerror_find
 .text.nrf_log_backend_serial_put
                0x0000000000004a0c      0x124 Output/Debug/Obj/saadc_pca10040/nrf_log_backend_serial.o
                0x0000000000004a0c                nrf_log_backend_serial_put
 .text.nrf_drv_uart_uninit
                0x0000000000004b30       0x44 Output/Debug/Obj/saadc_pca10040/nrf_log_backend_uart.o
 .text.nrf_drv_uart_tx
                0x0000000000004b74       0x64 Output/Debug/Obj/saadc_pca10040/nrf_log_backend_uart.o
 .text.uart_evt_handler
                0x0000000000004bd8       0x18 Output/Debug/Obj/saadc_pca10040/nrf_log_backend_uart.o
 .text.uart_init
                0x0000000000004bf0       0x88 Output/Debug/Obj/saadc_pca10040/nrf_log_backend_uart.o
 .text.nrf_log_backend_uart_init
                0x0000000000004c78       0x1c Output/Debug/Obj/saadc_pca10040/nrf_log_backend_uart.o
                0x0000000000004c78                nrf_log_backend_uart_init
 .text.serial_tx
                0x0000000000004c94       0x6c Output/Debug/Obj/saadc_pca10040/nrf_log_backend_uart.o
 .text.nrf_log_backend_uart_put
                0x0000000000004d00       0x28 Output/Debug/Obj/saadc_pca10040/nrf_log_backend_uart.o
 .text.nrf_log_backend_uart_flush
                0x0000000000004d28        0xa Output/Debug/Obj/saadc_pca10040/nrf_log_backend_uart.o
 *fill*         0x0000000000004d32        0x2 
 .text.nrf_log_backend_uart_panic_set
                0x0000000000004d34       0x20 Output/Debug/Obj/saadc_pca10040/nrf_log_backend_uart.o
 .text.nrf_log_backend_enable
                0x0000000000004d54       0x12 Output/Debug/Obj/saadc_pca10040/nrf_log_default_backends.o
 *fill*         0x0000000000004d66        0x2 
 .text.nrf_log_default_backends_init
                0x0000000000004d68       0x3c Output/Debug/Obj/saadc_pca10040/nrf_log_default_backends.o
                0x0000000000004d68                nrf_log_default_backends_init
 .text.nrf_log_backend_put
                0x0000000000004da4       0x1c Output/Debug/Obj/saadc_pca10040/nrf_log_frontend.o
 .text.nrf_log_backend_panic_set
                0x0000000000004dc0       0x18 Output/Debug/Obj/saadc_pca10040/nrf_log_frontend.o
 .text.nrf_log_backend_flush
                0x0000000000004dd8       0x18 Output/Debug/Obj/saadc_pca10040/nrf_log_frontend.o
 .text.nrf_log_backend_id_set
                0x0000000000004df0       0x1a Output/Debug/Obj/saadc_pca10040/nrf_log_frontend.o
 .text.nrf_log_backend_id_get
                0x0000000000004e0a       0x10 Output/Debug/Obj/saadc_pca10040/nrf_log_frontend.o
 .text.nrf_log_backend_enable
                0x0000000000004e1a       0x12 Output/Debug/Obj/saadc_pca10040/nrf_log_frontend.o
 .text.nrf_log_backend_is_enabled
                0x0000000000004e2c       0x10 Output/Debug/Obj/saadc_pca10040/nrf_log_frontend.o
 .text.nrf_log_init
                0x0000000000004e3c       0x50 Output/Debug/Obj/saadc_pca10040/nrf_log_frontend.o
                0x0000000000004e3c                nrf_log_init
 .text.nrf_log_module_cnt_get
                0x0000000000004e8c       0x14 Output/Debug/Obj/saadc_pca10040/nrf_log_frontend.o
                0x0000000000004e8c                nrf_log_module_cnt_get
 .text.module_idx_get
                0x0000000000004ea0       0x64 Output/Debug/Obj/saadc_pca10040/nrf_log_frontend.o
 .text.nrf_log_module_name_get
                0x0000000000004f04       0x40 Output/Debug/Obj/saadc_pca10040/nrf_log_frontend.o
                0x0000000000004f04                nrf_log_module_name_get
 .text.nrf_log_color_id_get
                0x0000000000004f44       0x70 Output/Debug/Obj/saadc_pca10040/nrf_log_frontend.o
                0x0000000000004f44                nrf_log_color_id_get
 .text.invalid_packets_omit
                0x0000000000004fb4       0x6e Output/Debug/Obj/saadc_pca10040/nrf_log_frontend.o
 *fill*         0x0000000000005022        0x2 
 .text.log_skip
                0x0000000000005024      0x118 Output/Debug/Obj/saadc_pca10040/nrf_log_frontend.o
 .text.dropped_sat16_get
                0x000000000000513c       0x28 Output/Debug/Obj/saadc_pca10040/nrf_log_frontend.o
 .text.std_header_set
                0x0000000000005164       0xb4 Output/Debug/Obj/saadc_pca10040/nrf_log_frontend.o
 .text.buf_prealloc
                0x0000000000005218      0x128 Output/Debug/Obj/saadc_pca10040/nrf_log_frontend.o
 .text.std_n    0x0000000000005340       0x90 Output/Debug/Obj/saadc_pca10040/nrf_log_frontend.o
 .text.nrf_log_frontend_std_0
                0x00000000000053d0       0x1c Output/Debug/Obj/saadc_pca10040/nrf_log_frontend.o
                0x00000000000053d0                nrf_log_frontend_std_0
 .text.nrf_log_frontend_std_1
                0x00000000000053ec       0x22 Output/Debug/Obj/saadc_pca10040/nrf_log_frontend.o
                0x00000000000053ec                nrf_log_frontend_std_1
 .text.nrf_log_frontend_std_2
                0x000000000000540e       0x28 Output/Debug/Obj/saadc_pca10040/nrf_log_frontend.o
                0x000000000000540e                nrf_log_frontend_std_2
 .text.nrf_log_frontend_std_3
                0x0000000000005436       0x2c Output/Debug/Obj/saadc_pca10040/nrf_log_frontend.o
                0x0000000000005436                nrf_log_frontend_std_3
 .text.nrf_log_frontend_std_5
                0x0000000000005462       0x34 Output/Debug/Obj/saadc_pca10040/nrf_log_frontend.o
                0x0000000000005462                nrf_log_frontend_std_5
 *fill*         0x0000000000005496        0x2 
 .text.buffer_is_empty
                0x0000000000005498       0x1c Output/Debug/Obj/saadc_pca10040/nrf_log_frontend.o
                0x0000000000005498                buffer_is_empty
 .text.nrf_log_frontend_dequeue
                0x00000000000054b4      0x3a0 Output/Debug/Obj/saadc_pca10040/nrf_log_frontend.o
                0x00000000000054b4                nrf_log_frontend_dequeue
 .text.backend_id_assign
                0x0000000000005854       0x68 Output/Debug/Obj/saadc_pca10040/nrf_log_frontend.o
 .text.nrf_log_backend_add
                0x00000000000058bc       0x70 Output/Debug/Obj/saadc_pca10040/nrf_log_frontend.o
                0x00000000000058bc                nrf_log_backend_add
 .text.nrf_log_panic
                0x000000000000592c       0x3c Output/Debug/Obj/saadc_pca10040/nrf_log_frontend.o
                0x000000000000592c                nrf_log_panic
 .text.timestamp_print
                0x0000000000005968        0xc Output/Debug/Obj/saadc_pca10040/nrf_log_str_formatter.o
 .text.prefix_process
                0x0000000000005974       0xb0 Output/Debug/Obj/saadc_pca10040/nrf_log_str_formatter.o
 .text.postfix_process
                0x0000000000005a24       0x60 Output/Debug/Obj/saadc_pca10040/nrf_log_str_formatter.o
 .text.nrf_log_std_entry_process
                0x0000000000005a84      0x144 Output/Debug/Obj/saadc_pca10040/nrf_log_str_formatter.o
                0x0000000000005a84                nrf_log_std_entry_process
 .text.nrf_log_hexdump_entry_process
                0x0000000000005bc8       0xf0 Output/Debug/Obj/saadc_pca10040/nrf_log_str_formatter.o
                0x0000000000005bc8                nrf_log_hexdump_entry_process
 .text.libc.__aeabi_dadd
                0x0000000000005cb8      0x240 C:/Program Files/SEGGER/SEGGER Embedded Studio for ARM 7.10a/lib/libc_v7em_fpv4_sp_d16_hard_t_le_eabi_balanced.a(floatasmops_arm.o)
                0x0000000000005cb8                __aeabi_dadd
 .text.libc.__aeabi_dsub
                0x0000000000005ef8        0x8 C:/Program Files/SEGGER/SEGGER Embedded Studio for ARM 7.10a/lib/libc_v7em_fpv4_sp_d16_hard_t_le_eabi_balanced.a(floatasmops_arm.o)
                0x0000000000005ef8                __aeabi_dsub
 .text.libc.__aeabi_dmul
                0x0000000000005f00      0x130 C:/Program Files/SEGGER/SEGGER Embedded Studio for ARM 7.10a/lib/libc_v7em_fpv4_sp_d16_hard_t_le_eabi_balanced.a(floatasmops_arm.o)
                0x0000000000005f00                __aeabi_dmul
 .text.libc.__aeabi_ddiv
                0x0000000000006030      0x1c4 C:/Program Files/SEGGER/SEGGER Embedded Studio for ARM 7.10a/lib/libc_v7em_fpv4_sp_d16_hard_t_le_eabi_balanced.a(floatasmops_arm.o)
                0x0000000000006030                __aeabi_ddiv
 .text.libc.__aeabi_dcmpgt
                0x00000000000061f4       0x38 C:/Program Files/SEGGER/SEGGER Embedded Studio for ARM 7.10a/lib/libc_v7em_fpv4_sp_d16_hard_t_le_eabi_balanced.a(floatasmops_arm.o)
                0x00000000000061f4                __aeabi_dcmpgt
 .text.libc.__aeabi_dcmplt
                0x000000000000622c       0x38 C:/Program Files/SEGGER/SEGGER Embedded Studio for ARM 7.10a/lib/libc_v7em_fpv4_sp_d16_hard_t_le_eabi_balanced.a(floatasmops_arm.o)
                0x000000000000622c                __aeabi_dcmplt
 .text.libc.__aeabi_d2iz
                0x0000000000006264       0x4c C:/Program Files/SEGGER/SEGGER Embedded Studio for ARM 7.10a/lib/libc_v7em_fpv4_sp_d16_hard_t_le_eabi_balanced.a(floatasmops_arm.o)
                0x0000000000006264                __aeabi_d2iz
 .text.libc.__aeabi_i2d
                0x00000000000062b0       0x24 C:/Program Files/SEGGER/SEGGER Embedded Studio for ARM 7.10a/lib/libc_v7em_fpv4_sp_d16_hard_t_le_eabi_balanced.a(floatasmops_arm.o)
                0x00000000000062b0                __aeabi_i2d
 .text.libc.__SEGGER_RTL_ascii_mbtowc
                0x00000000000062d4       0x30 C:/Program Files/SEGGER/SEGGER Embedded Studio for ARM 7.10a/lib/libc_v7em_fpv4_sp_d16_hard_t_le_eabi_balanced.a(mbops.o)
                0x00000000000062d4                __SEGGER_RTL_ascii_mbtowc
 .text.libc.__SEGGER_RTL_ascii_wctomb
                0x0000000000006304        0xe C:/Program Files/SEGGER/SEGGER Embedded Studio for ARM 7.10a/lib/libc_v7em_fpv4_sp_d16_hard_t_le_eabi_balanced.a(mbops.o)
                0x0000000000006304                __SEGGER_RTL_ascii_wctomb
 .text.libc.__SEGGER_RTL_isctype
                0x0000000000006312       0x20 C:/Program Files/SEGGER/SEGGER Embedded Studio for ARM 7.10a/lib/libc_v7em_fpv4_sp_d16_hard_t_le_eabi_balanced.a(mbops.o)
 .text.libc.isprint
                0x0000000000006332        0x6 C:/Program Files/SEGGER/SEGGER Embedded Studio for ARM 7.10a/lib/libc_v7em_fpv4_sp_d16_hard_t_le_eabi_balanced.a(mbops.o)
                0x0000000000006332                isprint
 .text.libc.__SEGGER_RTL_ascii_isctype
                0x0000000000006338       0x20 C:/Program Files/SEGGER/SEGGER Embedded Studio for ARM 7.10a/lib/libc_v7em_fpv4_sp_d16_hard_t_le_eabi_balanced.a(mbops.o)
 .text.libc.__SEGGER_RTL_ascii_toupper
                0x0000000000006358        0xc C:/Program Files/SEGGER/SEGGER Embedded Studio for ARM 7.10a/lib/libc_v7em_fpv4_sp_d16_hard_t_le_eabi_balanced.a(mbops.o)
 .text.libc.__SEGGER_RTL_ascii_tolower
                0x0000000000006364        0xc C:/Program Files/SEGGER/SEGGER Embedded Studio for ARM 7.10a/lib/libc_v7em_fpv4_sp_d16_hard_t_le_eabi_balanced.a(mbops.o)
 .text.libc.__SEGGER_RTL_ascii_iswctype
                0x0000000000006370       0x20 C:/Program Files/SEGGER/SEGGER Embedded Studio for ARM 7.10a/lib/libc_v7em_fpv4_sp_d16_hard_t_le_eabi_balanced.a(mbops.o)
 .text.libc.__SEGGER_RTL_ascii_towupper
                0x0000000000006390        0xc C:/Program Files/SEGGER/SEGGER Embedded Studio for ARM 7.10a/lib/libc_v7em_fpv4_sp_d16_hard_t_le_eabi_balanced.a(mbops.o)
 .text.libc.__SEGGER_RTL_ascii_towlower
                0x000000000000639c        0xc C:/Program Files/SEGGER/SEGGER Embedded Studio for ARM 7.10a/lib/libc_v7em_fpv4_sp_d16_hard_t_le_eabi_balanced.a(mbops.o)
 .text.libc.strlen
                0x00000000000063a8       0x60 C:/Program Files/SEGGER/SEGGER Embedded Studio for ARM 7.10a/lib/libc_v7em_fpv4_sp_d16_hard_t_le_eabi_balanced.a(strasmops_arm.o)
                0x00000000000063a8                strlen
 .text.libc.memcpy
                0x0000000000006408       0x64 C:/Program Files/SEGGER/SEGGER Embedded Studio for ARM 7.10a/lib/libc_v7em_fpv4_sp_d16_hard_t_le_eabi_balanced.a(strasmops_arm.o)
                0x0000000000006408                __aeabi_memcpy
                0x0000000000006408                memcpy
                0x000000000000642a                __aeabi_memcpy8
                0x000000000000642a                __aeabi_memcpy4
 .text.libc.__SEGGER_RTL_init_heap
                0x000000000000646c       0x14 C:/Program Files/SEGGER/SEGGER Embedded Studio for ARM 7.10a/lib/heapops_basic_v7em_fpv4_sp_d16_hard_t_le_eabi_balanced.a(heapops_basic.o)
                0x000000000000646c                __SEGGER_RTL_init_heap
                0x0000000000006480                __text_end__ = (__text_start__ + SIZEOF (.text))
                0x00000000000060b4                __text_size__ = SIZEOF (.text)
                0x0000000000006480                __text_load_end__ = __text_end__

.vfp11_veneer   0x0000000100000000        0x0
 .vfp11_veneer  0x0000000100000000        0x0 linker stubs

.v4_bx          0x0000000100000000        0x0
 .v4_bx         0x0000000100000000        0x0 linker stubs

.iplt           0x0000000100000000        0x0
 .iplt          0x0000000100000000        0x0 Output/Debug/Obj/saadc_pca10040/main.o
                0x0000000000000001                . = ASSERT (((__text_start__ == __text_end__) || ((__text_end__ - __FLASH1_segment_start__) <= __FLASH1_segment_size__)), error: .text is too large to fit in FLASH1 memory segment)
                0x0000000000006480                __pwr_mgmt_data_load_start__ = ALIGN (__text_end__, 0x4)

.pwr_mgmt_data  0x0000000000006480        0x0
                0x0000000000006480                __pwr_mgmt_data_start__ = .
                0x0000000000006480                __start_pwr_mgmt_data = __pwr_mgmt_data_start__
 *(SORT_BY_NAME(.pwr_mgmt_data*))
                0x0000000000006480                __pwr_mgmt_data_end__ = (__pwr_mgmt_data_start__ + SIZEOF (.pwr_mgmt_data))
                0x0000000000000000                __pwr_mgmt_data_size__ = SIZEOF (.pwr_mgmt_data)
                0x0000000000006480                __stop_pwr_mgmt_data = __pwr_mgmt_data_end__
                0x0000000000006480                __pwr_mgmt_data_load_end__ = __pwr_mgmt_data_end__
                0x0000000000000001                . = ASSERT (((__pwr_mgmt_data_start__ == __pwr_mgmt_data_end__) || ((__pwr_mgmt_data_end__ - __FLASH1_segment_start__) <= __FLASH1_segment_size__)), error: .pwr_mgmt_data is too large to fit in FLASH1 memory segment)
                0x0000000000006480                __log_const_data_load_start__ = ALIGN (__pwr_mgmt_data_end__, 0x4)

.log_const_data
                0x0000000000006480       0x40
                0x0000000000006480                __log_const_data_start__ = .
                0x0000000000006480                __start_log_const_data = __log_const_data_start__
 *(SORT_BY_NAME(.log_const_data*))
 .log_const_data_PPI
                0x0000000000006480        0x8 Output/Debug/Obj/saadc_pca10040/nrfx_ppi.o
                0x0000000000006480                m_nrf_log_PPI_logs_data_const
 .log_const_data_PRS
                0x0000000000006488        0x8 Output/Debug/Obj/saadc_pca10040/nrfx_prs.o
                0x0000000000006488                m_nrf_log_PRS_logs_data_const
 .log_const_data_SAADC
                0x0000000000006490        0x8 Output/Debug/Obj/saadc_pca10040/nrfx_saadc.o
                0x0000000000006490                m_nrf_log_SAADC_logs_data_const
 .log_const_data_TIMER
                0x0000000000006498        0x8 Output/Debug/Obj/saadc_pca10040/nrfx_timer.o
                0x0000000000006498                m_nrf_log_TIMER_logs_data_const
 .log_const_data_UART
                0x00000000000064a0        0x8 Output/Debug/Obj/saadc_pca10040/nrfx_uart.o
                0x00000000000064a0                m_nrf_log_UART_logs_data_const
 .log_const_data_UARTE
                0x00000000000064a8        0x8 Output/Debug/Obj/saadc_pca10040/nrfx_uarte.o
                0x00000000000064a8                m_nrf_log_UARTE_logs_data_const
 .log_const_data_app
                0x00000000000064b0        0x8 Output/Debug/Obj/saadc_pca10040/nrf_log_frontend.o
                0x00000000000064b0                m_nrf_log_app_logs_data_const
 .log_const_data_pwr_mgmt
                0x00000000000064b8        0x8 Output/Debug/Obj/saadc_pca10040/nrf_pwr_mgmt.o
                0x00000000000064b8                m_nrf_log_pwr_mgmt_logs_data_const
                0x00000000000064c0                __log_const_data_end__ = (__log_const_data_start__ + SIZEOF (.log_const_data))
                0x0000000000000040                __log_const_data_size__ = SIZEOF (.log_const_data)
                0x00000000000064c0                __stop_log_const_data = __log_const_data_end__
                0x00000000000064c0                __log_const_data_load_end__ = __log_const_data_end__
                0x0000000000000001                . = ASSERT (((__log_const_data_start__ == __log_const_data_end__) || ((__log_const_data_end__ - __FLASH1_segment_start__) <= __FLASH1_segment_size__)), error: .log_const_data is too large to fit in FLASH1 memory segment)
                0x00000000000064c0                __log_backends_load_start__ = ALIGN (__log_const_data_end__, 0x4)

.log_backends   0x00000000000064c0       0x10
                0x00000000000064c0                __log_backends_start__ = .
                0x00000000000064c0                __start_log_backends = __log_backends_start__
 *(SORT_BY_NAME(.log_backends*))
 .log_backends  0x00000000000064c0       0x10 Output/Debug/Obj/saadc_pca10040/nrf_log_default_backends.o
                0x00000000000064d0                __log_backends_end__ = (__log_backends_start__ + SIZEOF (.log_backends))
                0x0000000000000010                __log_backends_size__ = SIZEOF (.log_backends)
                0x00000000000064d0                __stop_log_backends = __log_backends_end__
                0x00000000000064d0                __log_backends_load_end__ = __log_backends_end__
                0x0000000000000001                . = ASSERT (((__log_backends_start__ == __log_backends_end__) || ((__log_backends_end__ - __FLASH1_segment_start__) <= __FLASH1_segment_size__)), error: .log_backends is too large to fit in FLASH1 memory segment)
                0x00000000000064d0                __nrf_balloc_load_start__ = ALIGN (__log_backends_end__, 0x4)

.nrf_balloc     0x00000000000064d0       0x14
                0x00000000000064d0                __nrf_balloc_start__ = .
                0x00000000000064d0                __start_nrf_balloc = __nrf_balloc_start__
 *(.nrf_balloc*)
 .nrf_balloc    0x00000000000064d0       0x14 Output/Debug/Obj/saadc_pca10040/nrf_log_frontend.o
                0x00000000000064d0                log_mempool
                0x00000000000064e4                __nrf_balloc_end__ = (__nrf_balloc_start__ + SIZEOF (.nrf_balloc))
                0x0000000000000014                __nrf_balloc_size__ = SIZEOF (.nrf_balloc)
                0x00000000000064e4                __stop_nrf_balloc = __nrf_balloc_end__
                0x00000000000064e4                __nrf_balloc_load_end__ = __nrf_balloc_end__
                0x0000000000000001                . = ASSERT (((__nrf_balloc_start__ == __nrf_balloc_end__) || ((__nrf_balloc_end__ - __FLASH1_segment_start__) <= __FLASH1_segment_size__)), error: .nrf_balloc is too large to fit in FLASH1 memory segment)
                0x00000000000064e4                __nrf_sections_load_start__ = ALIGN (__nrf_balloc_end__, 0x4)

.nrf_sections   0x00000000000064e4        0x0
                0x00000000000064e4                __nrf_sections_start__ = .
                0x00000000000064e4                __start_nrf_sections = __nrf_sections_start__
 *(.nrf_sections .nrf_sections.*)
                0x00000000000064e4                __nrf_sections_end__ = (__nrf_sections_start__ + SIZEOF (.nrf_sections))
                0x0000000000000000                __nrf_sections_size__ = SIZEOF (.nrf_sections)
                0x00000000000064e4                __nrf_sections_load_end__ = __nrf_sections_end__
                0x0000000000000001                . = ASSERT (((__nrf_sections_start__ == __nrf_sections_end__) || ((__nrf_sections_end__ - __FLASH1_segment_start__) <= __FLASH1_segment_size__)), error: .nrf_sections is too large to fit in FLASH1 memory segment)
                0x00000000000064e4                __log_dynamic_data_load_start__ = ALIGN (__nrf_sections_end__, 0x4)

.log_dynamic_data
                0x0000000020000000        0x0 load address 0x00000000000064e4
                0x0000000020000000                __log_dynamic_data_start__ = .
 *(SORT_BY_NAME(.log_dynamic_data*))
                0x0000000020000000                __log_dynamic_data_end__ = (__log_dynamic_data_start__ + SIZEOF (.log_dynamic_data))
                0x0000000000000000                __log_dynamic_data_size__ = SIZEOF (.log_dynamic_data)
                0x00000000000064e4                __log_dynamic_data_load_end__ = (__log_dynamic_data_load_start__ + SIZEOF (.log_dynamic_data))
                0x0000000000000001                . = ASSERT (((__log_dynamic_data_load_start__ == __log_dynamic_data_load_end__) || ((__log_dynamic_data_load_end__ - __FLASH1_segment_start__) <= __FLASH1_segment_size__)), error: .log_dynamic_data is too large to fit in FLASH1 memory segment)

.log_dynamic_data_run
                0x0000000020000000        0x0
                0x0000000020000000                __log_dynamic_data_run_start__ = .
                0x0000000020000000                __start_log_dynamic_data = __log_dynamic_data_run_start__
                0x0000000020000000                __log_dynamic_data_run_end__ = (__log_dynamic_data_run_start__ + SIZEOF (.log_dynamic_data))
                0x0000000000000000                __log_dynamic_data_run_size__ = (__log_dynamic_data_run_end__ - __log_dynamic_data_run_start__)
                0x0000000020000000                __stop_log_dynamic_data = __log_dynamic_data_run_end__
                0x0000000020000000                __log_dynamic_data_run_load_end__ = __log_dynamic_data_run_end__
                0x0000000000000001                . = ASSERT (((__log_dynamic_data_run_start__ == __log_dynamic_data_run_end__) || ((__log_dynamic_data_run_end__ - __RAM1_segment_start__) <= __RAM1_segment_size__)), error: .log_dynamic_data_run is too large to fit in RAM1 memory segment)
                0x00000000000064e4                __log_filter_data_load_start__ = ALIGN ((__log_dynamic_data_load_start__ + SIZEOF (.log_dynamic_data)), 0x4)

.log_filter_data
                0x0000000020000000        0x0 load address 0x00000000000064e4
                0x0000000020000000                __log_filter_data_start__ = .
 *(SORT_BY_NAME(.log_filter_data*))
                0x0000000020000000                __log_filter_data_end__ = (__log_filter_data_start__ + SIZEOF (.log_filter_data))
                0x0000000000000000                __log_filter_data_size__ = SIZEOF (.log_filter_data)
                0x00000000000064e4                __log_filter_data_load_end__ = (__log_filter_data_load_start__ + SIZEOF (.log_filter_data))
                0x0000000000000001                . = ASSERT (((__log_filter_data_load_start__ == __log_filter_data_load_end__) || ((__log_filter_data_load_end__ - __FLASH1_segment_start__) <= __FLASH1_segment_size__)), error: .log_filter_data is too large to fit in FLASH1 memory segment)

.log_filter_data_run
                0x0000000020000000        0x0
                0x0000000020000000                __log_filter_data_run_start__ = .
                0x0000000020000000                __start_log_filter_data = __log_filter_data_run_start__
                0x0000000020000000                __log_filter_data_run_end__ = (__log_filter_data_run_start__ + SIZEOF (.log_filter_data))
                0x0000000000000000                __log_filter_data_run_size__ = (__log_filter_data_run_end__ - __log_filter_data_run_start__)
                0x0000000020000000                __stop_log_filter_data = __log_filter_data_run_end__
                0x0000000020000000                __log_filter_data_run_load_end__ = __log_filter_data_run_end__
                0x0000000000000001                . = ASSERT (((__log_filter_data_run_start__ == __log_filter_data_run_end__) || ((__log_filter_data_run_end__ - __RAM1_segment_start__) <= __RAM1_segment_size__)), error: .log_filter_data_run is too large to fit in RAM1 memory segment)
                0x0000000020000000                __nrf_sections_run_end_load_start__ = ALIGN (__log_filter_data_run_end__, 0x4)

.nrf_sections_run_end
                0x0000000020000000        0x0
                0x0000000020000000                __nrf_sections_run_end_start__ = .
                0x0000000020000000                __end_nrf_sections_run = __nrf_sections_run_end_start__
 *(.nrf_sections_run_end .nrf_sections_run_end.*)
                0x0000000020000000                __nrf_sections_run_end_end__ = (__nrf_sections_run_end_start__ + SIZEOF (.nrf_sections_run_end))
                0x0000000000000000                __nrf_sections_run_end_size__ = SIZEOF (.nrf_sections_run_end)
                0x0000000020000000                __nrf_sections_run_end_load_end__ = __nrf_sections_run_end_end__
                0x0000000000000001                . = ASSERT (((__nrf_sections_run_end_start__ == __nrf_sections_run_end_end__) || ((__nrf_sections_run_end_end__ - __RAM1_segment_start__) <= __RAM1_segment_size__)), error: .nrf_sections_run_end is too large to fit in RAM1 memory segment)
                0x00000000000064e4                __dtors_load_start__ = ALIGN ((__log_filter_data_load_start__ + SIZEOF (.log_filter_data)), 0x4)

.dtors          0x00000000000064e4        0x0
                0x00000000000064e4                __dtors_start__ = .
 *(SORT_BY_NAME(.dtors.*))
 *(.dtors)
 *(.fini_array)
 *(SORT_BY_NAME(.fini_array.*))
                0x00000000000064e4                __dtors_end__ = (__dtors_start__ + SIZEOF (.dtors))
                0x0000000000000000                __dtors_size__ = SIZEOF (.dtors)
                0x00000000000064e4                __dtors_load_end__ = __dtors_end__
                0x0000000000000001                . = ASSERT (((__dtors_start__ == __dtors_end__) || ((__dtors_end__ - __FLASH1_segment_start__) <= __FLASH1_segment_size__)), error: .dtors is too large to fit in FLASH1 memory segment)
                0x00000000000064e4                __ctors_load_start__ = ALIGN (__dtors_end__, 0x4)

.ctors          0x00000000000064e4        0x0
                0x00000000000064e4                __ctors_start__ = .
 *(SORT_BY_NAME(.ctors.*))
 *(.ctors)
 *(.init_array)
 *(SORT_BY_NAME(.init_array.*))
                0x00000000000064e4                __ctors_end__ = (__ctors_start__ + SIZEOF (.ctors))
                0x0000000000000000                __ctors_size__ = SIZEOF (.ctors)
                0x00000000000064e4                __ctors_load_end__ = __ctors_end__
                0x0000000000000001                . = ASSERT (((__ctors_start__ == __ctors_end__) || ((__ctors_end__ - __FLASH1_segment_start__) <= __FLASH1_segment_size__)), error: .ctors is too large to fit in FLASH1 memory segment)
                0x00000000000064e4                __rodata_load_start__ = ALIGN (__ctors_end__, 0x4)

.rodata         0x00000000000064e4     0x13ed
                0x00000000000064e4                __rodata_start__ = .
 *(.rodata .rodata.* .gnu.linkonce.r.*)
 .rodata        0x00000000000064e4       0xd7 Output/Debug/Obj/saadc_pca10040/main.o
 *fill*         0x00000000000065bb        0x1 
 .rodata.default_config.1
                0x00000000000065bc        0x4 Output/Debug/Obj/saadc_pca10040/main.o
 .rodata.delay_machine_code.0
                0x00000000000065c0        0x6 Output/Debug/Obj/saadc_pca10040/main.o
 *fill*         0x00000000000065c6        0x2 
 .rodata        0x00000000000065c8       0xaa Output/Debug/Obj/saadc_pca10040/boards.o
 *fill*         0x0000000000006672        0x2 
 .rodata.m_board_led_list
                0x0000000000006674        0x4 Output/Debug/Obj/saadc_pca10040/boards.o
 .rodata.m_board_btn_list
                0x0000000000006678        0x4 Output/Debug/Obj/saadc_pca10040/boards.o
 .rodata        0x000000000000667c        0x4 Output/Debug/Obj/saadc_pca10040/nrfx_ppi.o
 .rodata        0x0000000000006680       0x8b Output/Debug/Obj/saadc_pca10040/nrfx_prs.o
 *fill*         0x000000000000670b        0x1 
 .rodata        0x000000000000670c       0xed Output/Debug/Obj/saadc_pca10040/nrfx_saadc.o
 *fill*         0x00000000000067f9        0x7 
 .rodata.delay_machine_code.0
                0x0000000000006800        0x6 Output/Debug/Obj/saadc_pca10040/nrfx_saadc.o
 *fill*         0x0000000000006806        0x2 
 .rodata        0x0000000000006808       0xbd Output/Debug/Obj/saadc_pca10040/nrfx_timer.o
 *fill*         0x00000000000068c5        0x3 
 .rodata        0x00000000000068c8       0xec Output/Debug/Obj/saadc_pca10040/nrfx_uart.o
 .rodata.irq_handlers.0
                0x00000000000069b4        0x4 Output/Debug/Obj/saadc_pca10040/nrfx_uart.o
 .rodata        0x00000000000069b8       0xed Output/Debug/Obj/saadc_pca10040/nrfx_uarte.o
 *fill*         0x0000000000006aa5        0x3 
 .rodata.irq_handlers.0
                0x0000000000006aa8        0x4 Output/Debug/Obj/saadc_pca10040/nrfx_uarte.o
 .rodata        0x0000000000006aac       0x70 Output/Debug/Obj/saadc_pca10040/app_error_weak.o
 .rodata        0x0000000000006b1c       0x8d Output/Debug/Obj/saadc_pca10040/app_util_platform.o
 *fill*         0x0000000000006ba9        0x3 
 .rodata        0x0000000000006bac       0x88 Output/Debug/Obj/saadc_pca10040/nrf_balloc.o
 .rodata        0x0000000000006c34       0x7e Output/Debug/Obj/saadc_pca10040/nrf_fprintf.o
 *fill*         0x0000000000006cb2        0x2 
 .rodata        0x0000000000006cb4       0x85 Output/Debug/Obj/saadc_pca10040/nrf_fprintf_format.o
 *fill*         0x0000000000006d39        0x3 
 .rodata._aV2C.0
                0x0000000000006d3c       0x10 Output/Debug/Obj/saadc_pca10040/nrf_fprintf_format.o
 .rodata        0x0000000000006d4c       0x88 Output/Debug/Obj/saadc_pca10040/nrf_memobj.o
 .rodata        0x0000000000006dd4      0x124 Output/Debug/Obj/saadc_pca10040/nrf_pwr_mgmt.o
 .rodata.m_unknown_str
                0x0000000000006ef8       0x13 Output/Debug/Obj/saadc_pca10040/nrf_strerror.o
 *fill*         0x0000000000006f0b        0x1 
 .rodata        0x0000000000006f0c      0x3bd Output/Debug/Obj/saadc_pca10040/nrf_strerror.o
 *fill*         0x00000000000072c9        0x3 
 .rodata.nrf_strerror_array
                0x00000000000072cc      0x118 Output/Debug/Obj/saadc_pca10040/nrf_strerror.o
 .rodata        0x00000000000073e4       0xb4 Output/Debug/Obj/saadc_pca10040/nrf_log_backend_uart.o
 .rodata.nrf_log_backend_uart_api
                0x0000000000007498        0xc Output/Debug/Obj/saadc_pca10040/nrf_log_backend_uart.o
                0x0000000000007498                nrf_log_backend_uart_api
 .rodata        0x00000000000074a4       0xab Output/Debug/Obj/saadc_pca10040/nrf_log_default_backends.o
 *fill*         0x000000000000754f        0x1 
 .rodata.m_log_push_ringbuf
                0x0000000000007550        0xc Output/Debug/Obj/saadc_pca10040/nrf_log_frontend.o
 .rodata        0x000000000000755c       0xa5 Output/Debug/Obj/saadc_pca10040/nrf_log_frontend.o
 *fill*         0x0000000000007601        0x3 
 .rodata        0x0000000000007604       0xaa Output/Debug/Obj/saadc_pca10040/nrf_log_str_formatter.o
 *fill*         0x00000000000076ae        0x2 
 .rodata.libc.__SEGGER_RTL_c_locale
                0x00000000000076b0        0xc C:/Program Files/SEGGER/SEGGER Embedded Studio for ARM 7.10a/lib/libc_v7em_fpv4_sp_d16_hard_t_le_eabi_balanced.a(mbops.o)
                0x00000000000076b0                __SEGGER_RTL_c_locale
 .rodata.libc..L.str
                0x00000000000076bc        0x2 C:/Program Files/SEGGER/SEGGER Embedded Studio for ARM 7.10a/lib/libc_v7em_fpv4_sp_d16_hard_t_le_eabi_balanced.a(mbops.o)
 *fill*         0x00000000000076be        0x2 
 .rodata.libc.__SEGGER_RTL_codeset_ascii
                0x00000000000076c0       0x20 C:/Program Files/SEGGER/SEGGER Embedded Studio for ARM 7.10a/lib/libc_v7em_fpv4_sp_d16_hard_t_le_eabi_balanced.a(mbops.o)
                0x00000000000076c0                __SEGGER_RTL_codeset_ascii
 .rodata.libc.__SEGGER_RTL_c_locale_abbrev_day_names
                0x00000000000076e0       0x1d C:/Program Files/SEGGER/SEGGER Embedded Studio for ARM 7.10a/lib/libc_v7em_fpv4_sp_d16_hard_t_le_eabi_balanced.a(mbops.o)
                0x00000000000076e0                __SEGGER_RTL_c_locale_abbrev_day_names
 .rodata.libc.__SEGGER_RTL_c_locale_abbrev_month_names
                0x00000000000076fd       0x31 C:/Program Files/SEGGER/SEGGER Embedded Studio for ARM 7.10a/lib/libc_v7em_fpv4_sp_d16_hard_t_le_eabi_balanced.a(mbops.o)
                0x00000000000076fd                __SEGGER_RTL_c_locale_abbrev_month_names
 .rodata.libc.__SEGGER_RTL_data_utf8_period
                0x000000000000772e        0x2 C:/Program Files/SEGGER/SEGGER Embedded Studio for ARM 7.10a/lib/libc_v7em_fpv4_sp_d16_hard_t_le_eabi_balanced.a(mbops.o)
                0x000000000000772e                __SEGGER_RTL_data_utf8_period
 .rodata.libc.__SEGGER_RTL_data_empty_string
                0x0000000000007730        0x1 C:/Program Files/SEGGER/SEGGER Embedded Studio for ARM 7.10a/lib/libc_v7em_fpv4_sp_d16_hard_t_le_eabi_balanced.a(mbops.o)
                0x0000000000007730                __SEGGER_RTL_data_empty_string
 .rodata.libc.__SEGGER_RTL_c_locale_day_names
                0x0000000000007731       0x3a C:/Program Files/SEGGER/SEGGER Embedded Studio for ARM 7.10a/lib/libc_v7em_fpv4_sp_d16_hard_t_le_eabi_balanced.a(mbops.o)
 .rodata.libc.__SEGGER_RTL_c_locale_month_names
                0x000000000000776b       0x57 C:/Program Files/SEGGER/SEGGER Embedded Studio for ARM 7.10a/lib/libc_v7em_fpv4_sp_d16_hard_t_le_eabi_balanced.a(mbops.o)
 .rodata.libc.__SEGGER_RTL_c_locale_am_pm_indicator
                0x00000000000077c2        0x7 C:/Program Files/SEGGER/SEGGER Embedded Studio for ARM 7.10a/lib/libc_v7em_fpv4_sp_d16_hard_t_le_eabi_balanced.a(mbops.o)
 .rodata.libc.__SEGGER_RTL_c_locale_date_format
                0x00000000000077c9        0x9 C:/Program Files/SEGGER/SEGGER Embedded Studio for ARM 7.10a/lib/libc_v7em_fpv4_sp_d16_hard_t_le_eabi_balanced.a(mbops.o)
 .rodata.libc.__SEGGER_RTL_c_locale_time_format
                0x00000000000077d2        0x9 C:/Program Files/SEGGER/SEGGER Embedded Studio for ARM 7.10a/lib/libc_v7em_fpv4_sp_d16_hard_t_le_eabi_balanced.a(mbops.o)
 .rodata.libc.__SEGGER_RTL_c_locale_date_time_format
                0x00000000000077db        0xf C:/Program Files/SEGGER/SEGGER Embedded Studio for ARM 7.10a/lib/libc_v7em_fpv4_sp_d16_hard_t_le_eabi_balanced.a(mbops.o)
 *fill*         0x00000000000077ea        0x2 
 .rodata.libc.__SEGGER_RTL_c_locale_data
                0x00000000000077ec       0x58 C:/Program Files/SEGGER/SEGGER Embedded Studio for ARM 7.10a/lib/libc_v7em_fpv4_sp_d16_hard_t_le_eabi_balanced.a(mbops.o)
                0x00000000000077ec                __SEGGER_RTL_c_locale_data
 .rodata.libc.__SEGGER_RTL_ascii_ctype_map
                0x0000000000007844       0x80 C:/Program Files/SEGGER/SEGGER Embedded Studio for ARM 7.10a/lib/libc_v7em_fpv4_sp_d16_hard_t_le_eabi_balanced.a(mbops.o)
 .rodata.libc.__SEGGER_RTL_ascii_ctype_mask
                0x00000000000078c4        0xd C:/Program Files/SEGGER/SEGGER Embedded Studio for ARM 7.10a/lib/libc_v7em_fpv4_sp_d16_hard_t_le_eabi_balanced.a(mbops.o)
                0x00000000000078d1                __rodata_end__ = (__rodata_start__ + SIZEOF (.rodata))
                0x00000000000013ed                __rodata_size__ = SIZEOF (.rodata)
                0x00000000000078d1                __rodata_load_end__ = __rodata_end__

.rel.dyn        0x00000000000078d4        0x0
 .rel.iplt      0x00000000000078d4        0x0 Output/Debug/Obj/saadc_pca10040/main.o
                0x0000000000000001                . = ASSERT (((__rodata_start__ == __rodata_end__) || ((__rodata_end__ - __FLASH1_segment_start__) <= __FLASH1_segment_size__)), error: .rodata is too large to fit in FLASH1 memory segment)
                0x00000000000078d4                __ARM.exidx_load_start__ = ALIGN (__rodata_end__, 0x4)

.ARM.exidx      0x00000000000078d4        0x0
                0x00000000000078d4                __ARM.exidx_start__ = .
                0x00000000000078d4                __exidx_start = __ARM.exidx_start__
 *(.ARM.exidx .ARM.exidx.*)
                0x00000000000078d4                __ARM.exidx_end__ = (__ARM.exidx_start__ + SIZEOF (.ARM.exidx))
                0x0000000000000000                __ARM.exidx_size__ = SIZEOF (.ARM.exidx)
                0x00000000000078d4                __exidx_end = __ARM.exidx_end__
                0x00000000000078d4                __ARM.exidx_load_end__ = __ARM.exidx_end__
                0x0000000000000001                . = ASSERT (((__ARM.exidx_start__ == __ARM.exidx_end__) || ((__ARM.exidx_end__ - __FLASH1_segment_start__) <= __FLASH1_segment_size__)), error: .ARM.exidx is too large to fit in FLASH1 memory segment)
                0x00000000000078d4                __fast_load_start__ = ALIGN (__ARM.exidx_end__, 0x4)

.fast           0x0000000020000000        0x0 load address 0x00000000000078d4
                0x0000000020000000                __fast_start__ = .
 *(.fast .fast.*)
                0x0000000020000000                __fast_end__ = (__fast_start__ + SIZEOF (.fast))
                0x0000000000000000                __fast_size__ = SIZEOF (.fast)
                0x00000000000078d4                __fast_load_end__ = (__fast_load_start__ + SIZEOF (.fast))
                0x0000000000000001                . = ASSERT (((__fast_load_start__ == __fast_load_end__) || ((__fast_load_end__ - __FLASH1_segment_start__) <= __FLASH1_segment_size__)), error: .fast is too large to fit in FLASH1 memory segment)

.fast_run       0x0000000020000000        0x0
                0x0000000020000000                __fast_run_start__ = .
                0x0000000020000000                __fast_run_end__ = (__fast_run_start__ + SIZEOF (.fast))
                0x0000000000000000                __fast_run_size__ = (__fast_run_end__ - __fast_run_start__)
                0x0000000020000000                __fast_run_load_end__ = __fast_run_end__
                0x0000000000000001                . = ASSERT (((__fast_run_start__ == __fast_run_end__) || ((__fast_run_end__ - __RAM1_segment_start__) <= __RAM1_segment_size__)), error: .fast_run is too large to fit in RAM1 memory segment)
                0x00000000000078d4                __data_load_start__ = ALIGN ((__fast_load_start__ + SIZEOF (.fast)), 0x4)

.data           0x0000000020000000       0x70 load address 0x00000000000078d4
                0x0000000020000000                __data_start__ = .
 *(.data .data.* .gnu.linkonce.d.*)
 .data.SystemCoreClock
                0x0000000020000000        0x4 Output/Debug/Obj/saadc_pca10040/system_nrf52.o
                0x0000000020000000                SystemCoreClock
 .data.m_uart   0x0000000020000004       0x14 Output/Debug/Obj/saadc_pca10040/nrf_log_backend_uart.o
                0x0000000020000004                m_uart
 .data.log_backend_cb_uart_log_backend
                0x0000000020000018        0x8 Output/Debug/Obj/saadc_pca10040/nrf_log_default_backends.o
 .data.m_buffer_mask
                0x0000000020000020        0x4 Output/Debug/Obj/saadc_pca10040/nrf_log_frontend.o
 .data.severity_names
                0x0000000020000024       0x14 Output/Debug/Obj/saadc_pca10040/nrf_log_str_formatter.o
 .data.m_colors
                0x0000000020000038       0x24 Output/Debug/Obj/saadc_pca10040/nrf_log_str_formatter.o
 .data.libc.__SEGGER_RTL_global_locale
                0x000000002000005c       0x14 C:/Program Files/SEGGER/SEGGER Embedded Studio for ARM 7.10a/lib/libc_v7em_fpv4_sp_d16_hard_t_le_eabi_balanced.a(mbops.o)
                0x000000002000005c                __SEGGER_RTL_global_locale
                0x000000002000005c                __RAL_global_locale
                0x0000000020000070                __data_end__ = (__data_start__ + SIZEOF (.data))
                0x0000000000000070                __data_size__ = SIZEOF (.data)
                0x0000000000007944                __data_load_end__ = (__data_load_start__ + SIZEOF (.data))

.igot.plt       0x0000000100000000        0x0
 .igot.plt      0x0000000100000000        0x0 Output/Debug/Obj/saadc_pca10040/main.o
                0x0000000000000001                . = ASSERT (((__data_load_start__ == __data_load_end__) || ((__data_load_end__ - __FLASH1_segment_start__) <= __FLASH1_segment_size__)), error: .data is too large to fit in FLASH1 memory segment)

.data_run       0x0000000020000000        0x0
                0x0000000020000000                __data_run_start__ = .
                0x0000000020000070                __data_run_end__ = (__data_run_start__ + SIZEOF (.data))
                0x0000000000000070                __data_run_size__ = (__data_run_end__ - __data_run_start__)
                0x0000000020000070                __data_run_load_end__ = __data_run_end__
                0x0000000000000001                . = ASSERT (((__data_run_start__ == __data_run_end__) || ((__data_run_end__ - __RAM1_segment_start__) <= __RAM1_segment_size__)), error: .data_run is too large to fit in RAM1 memory segment)
                0x0000000000007944                __tdata_load_start__ = ALIGN ((__data_load_start__ + SIZEOF (.data)), 0x4)

.tdata          0x0000000020000070        0x0 load address 0x0000000000007944
                0x0000000020000070                __tdata_start__ = .
 *(.tdata .tdata.*)
                0x0000000020000070                __tdata_end__ = (__tdata_start__ + SIZEOF (.tdata))
                0x0000000000000000                __tdata_size__ = SIZEOF (.tdata)
                0x0000000000007944                __tdata_load_end__ = (__tdata_load_start__ + SIZEOF (.tdata))
                0x0000000000007944                __FLASH1_segment_used_end__ = (ALIGN ((__data_load_start__ + SIZEOF (.data)), 0x4) + SIZEOF (.tdata))
                0x0000000000007944                __FLASH1_segment_used_size__ = (__FLASH1_segment_used_end__ - __FLASH1_segment_start__)
                0x0000000000000001                . = ASSERT (((__tdata_load_start__ == __tdata_load_end__) || ((__tdata_load_end__ - __FLASH1_segment_start__) <= __FLASH1_segment_size__)), error: .tdata is too large to fit in FLASH1 memory segment)

.tdata_run      0x0000000020000070        0x0
                0x0000000020000070                __tdata_run_start__ = .
                0x0000000020000070                __tdata_run_end__ = (__tdata_run_start__ + SIZEOF (.tdata))
                0x0000000000000000                __tdata_run_size__ = (__tdata_run_end__ - __tdata_run_start__)
                0x0000000020000070                __tdata_run_load_end__ = __tdata_run_end__
                0x0000000000000001                . = ASSERT (((__tdata_run_start__ == __tdata_run_end__) || ((__tdata_run_end__ - __RAM1_segment_start__) <= __RAM1_segment_size__)), error: .tdata_run is too large to fit in RAM1 memory segment)
                0x0000000020000070                __bss_load_start__ = ALIGN (__tdata_run_end__, 0x4)

.bss            0x0000000020000070      0x69c
                0x0000000020000070                __bss_start__ = .
 *(.bss .bss.* .gnu.linkonce.b.*)
 .bss.adc_val   0x0000000020000070        0x2 Output/Debug/Obj/saadc_pca10040/main.o
                0x0000000020000070                adc_val
 *fill*         0x0000000020000072        0x2 
 .bss.m_handlers
                0x0000000020000074        0x4 Output/Debug/Obj/saadc_pca10040/nrf_drv_uart.o
 .bss.m_contexts
                0x0000000020000078        0x4 Output/Debug/Obj/saadc_pca10040/nrf_drv_uart.o
 .bss.nrf_drv_uart_use_easy_dma
                0x000000002000007c        0x1 Output/Debug/Obj/saadc_pca10040/nrf_drv_uart.o
                0x000000002000007c                nrf_drv_uart_use_easy_dma
 *fill*         0x000000002000007d        0x3 
 .bss.m_prs_box_4
                0x0000000020000080        0x8 Output/Debug/Obj/saadc_pca10040/nrfx_prs.o
 .bss.m_cb      0x0000000020000088       0x30 Output/Debug/Obj/saadc_pca10040/nrfx_saadc.o
 .bss.m_cb      0x00000000200000b8        0xc Output/Debug/Obj/saadc_pca10040/nrfx_timer.o
 .bss.m_cb      0x00000000200000c4       0x2c Output/Debug/Obj/saadc_pca10040/nrfx_uart.o
 .bss.m_cb      0x00000000200000f0       0x24 Output/Debug/Obj/saadc_pca10040/nrfx_uarte.o
 .bss.m_error_data.0
                0x0000000020000114       0x20 Output/Debug/Obj/saadc_pca10040/app_error.o
 .bss.m_in_critical_region
                0x0000000020000134        0x4 Output/Debug/Obj/saadc_pca10040/app_util_platform.o
 .bss.m_string_buff
                0x0000000020000138       0x40 Output/Debug/Obj/saadc_pca10040/nrf_log_backend_uart.o
 .bss.m_xfer_done
                0x0000000020000178        0x1 Output/Debug/Obj/saadc_pca10040/nrf_log_backend_uart.o
 .bss.m_async_mode
                0x0000000020000179        0x1 Output/Debug/Obj/saadc_pca10040/nrf_log_backend_uart.o
 *fill*         0x000000002000017a        0x2 
 .bss.log_mempool_nrf_balloc_pool_stack
                0x000000002000017c        0x8 Output/Debug/Obj/saadc_pca10040/nrf_log_frontend.o
 .bss.log_mempool_nrf_balloc_pool_mem
                0x0000000020000184       0xc0 Output/Debug/Obj/saadc_pca10040/nrf_log_frontend.o
 .bss.log_mempool_nrf_balloc_cb
                0x0000000020000244        0x8 Output/Debug/Obj/saadc_pca10040/nrf_log_frontend.o
 .bss.m_log_push_ringbuf_buf
                0x000000002000024c       0x80 Output/Debug/Obj/saadc_pca10040/nrf_log_frontend.o
 .bss.m_log_push_ringbuf_cb
                0x00000000200002cc       0x18 Output/Debug/Obj/saadc_pca10040/nrf_log_frontend.o
 .bss.m_log_data
                0x00000000200002e4      0x420 Output/Debug/Obj/saadc_pca10040/nrf_log_frontend.o
 .bss.libc.__SEGGER_RTL_locale_ptr
                0x0000000020000704        0x4 C:/Program Files/SEGGER/SEGGER Embedded Studio for ARM 7.10a/lib/libc_v7em_fpv4_sp_d16_hard_t_le_eabi_balanced.a(mbops.o)
                0x0000000020000704                __SEGGER_RTL_locale_ptr
 .bss.libc.__SEGGER_RTL_heap_globals
                0x0000000020000708        0x4 C:/Program Files/SEGGER/SEGGER Embedded Studio for ARM 7.10a/lib/heapops_basic_v7em_fpv4_sp_d16_hard_t_le_eabi_balanced.a(heapops_basic.o)
 *(COMMON)
                0x000000002000070c                __bss_end__ = (__bss_start__ + SIZEOF (.bss))
                0x000000000000069c                __bss_size__ = SIZEOF (.bss)
                0x000000002000070c                __bss_load_end__ = __bss_end__
                0x0000000000000001                . = ASSERT (((__bss_start__ == __bss_end__) || ((__bss_end__ - __RAM1_segment_start__) <= __RAM1_segment_size__)), error: .bss is too large to fit in RAM1 memory segment)
                0x000000002000070c                __tbss_load_start__ = ALIGN (__bss_end__, 0x4)

.tbss           0x000000002000070c        0x0
                0x000000002000070c                __tbss_start__ = .
 *(.tbss .tbss.*)
                0x000000002000070c                __tbss_end__ = (__tbss_start__ + SIZEOF (.tbss))
                0x0000000000000000                __tbss_size__ = SIZEOF (.tbss)
                0x000000002000070c                __tbss_load_end__ = __tbss_end__
                0x0000000000000001                . = ASSERT (((__tbss_start__ == __tbss_end__) || ((__tbss_end__ - __RAM1_segment_start__) <= __RAM1_segment_size__)), error: .tbss is too large to fit in RAM1 memory segment)
                0x000000002000070c                __non_init_load_start__ = ALIGN (__tbss_end__, 0x4)

.non_init       0x000000002000070c        0x0
                0x000000002000070c                __non_init_start__ = .
 *(.non_init .non_init.*)
                0x000000002000070c                __non_init_end__ = (__non_init_start__ + SIZEOF (.non_init))
                0x0000000000000000                __non_init_size__ = SIZEOF (.non_init)
                0x000000002000070c                __non_init_load_end__ = __non_init_end__
                0x0000000000000001                . = ASSERT (((__non_init_start__ == __non_init_end__) || ((__non_init_end__ - __RAM1_segment_start__) <= __RAM1_segment_size__)), error: .non_init is too large to fit in RAM1 memory segment)
                0x000000002000070c                __heap_load_start__ = ALIGN (__non_init_end__, 0x4)

.heap           0x000000002000070c     0x2000
                0x000000002000070c                __heap_start__ = .
 *(.heap .heap.*)
                0x000000002000270c                . = ALIGN (MAX ((__heap_start__ + __HEAPSIZE__), .), 0x4)
 *fill*         0x000000002000070c     0x2000 
                0x000000002000270c                __heap_end__ = (__heap_start__ + SIZEOF (.heap))
                0x0000000000002000                __heap_size__ = SIZEOF (.heap)
                0x000000002000270c                __heap_load_end__ = __heap_end__
                0x0000000000000001                . = ASSERT (((__heap_start__ == __heap_end__) || ((__heap_end__ - __RAM1_segment_start__) <= __RAM1_segment_size__)), error: .heap is too large to fit in RAM1 memory segment)
                0x0000000000000001                . = ASSERT ((__heap_size__ <= __HEAPSIZE__), error: .heap is larger than specified size)
                0x000000002000e000                __stack_load_start__ = (__RAM1_segment_start__ + (__RAM1_segment_size__ - 0x2000))

.stack          0x000000002000e000     0x2000
                0x000000002000e000                __stack_start__ = .
                0x000000002000e000                __StackLimit = __stack_start__
 *(.stack .stack.*)
                0x0000000020010000                . = ALIGN (MAX ((__stack_start__ + __STACKSIZE__), .), 0x8)
 *fill*         0x000000002000e000     0x2000 
                0x0000000020010000                __stack_end__ = (__stack_start__ + SIZEOF (.stack))
                0x0000000000002000                __stack_size__ = SIZEOF (.stack)
                0x0000000020010000                __StackTop = __stack_end__
                0x0000000020010000                __stack_load_end__ = __stack_end__
                0x0000000000000001                . = ASSERT (((__stack_start__ == __stack_end__) || ((__stack_end__ - __RAM1_segment_start__) <= __RAM1_segment_size__)), error: .stack is too large to fit in RAM1 memory segment)
                0x0000000000000001                . = ASSERT ((__heap_end__ <= __stack_start__), error: section .heap overlaps absolute placed section .stack)
                0x0000000000000001                . = ASSERT ((__stack_size__ <= __STACKSIZE__), error: .stack is larger than specified size)
                0x0000000020010000                __stack_process_load_start__ = ALIGN (__stack_end__, 0x8)

.stack_process  0x0000000020010000        0x0
                0x0000000020010000                __stack_process_start__ = .
 *(.stack_process .stack_process.*)
                0x0000000020010000                . = ALIGN (MAX ((__stack_process_start__ + __STACKSIZE_PROCESS__), .), 0x8)
                0x0000000020010000                __stack_process_end__ = (__stack_process_start__ + SIZEOF (.stack_process))
                0x0000000000000000                __stack_process_size__ = SIZEOF (.stack_process)
                0x0000000020010000                __stack_process_load_end__ = __stack_process_end__
                0x0000000020010000                __RAM1_segment_used_end__ = (ALIGN (__stack_end__, 0x8) + SIZEOF (.stack_process))
                0x0000000000010000                __RAM1_segment_used_size__ = (__RAM1_segment_used_end__ - __RAM1_segment_start__)
                0x0000000000000001                . = ASSERT (((__stack_process_start__ == __stack_process_end__) || ((__stack_process_end__ - __RAM1_segment_start__) <= __RAM1_segment_size__)), error: .stack_process is too large to fit in RAM1 memory segment)
                0x0000000000000001                . = ASSERT ((__stack_process_size__ <= __STACKSIZE_PROCESS__), error: .stack_process is larger than specified size)
START GROUP
LOAD Output/Debug/Obj/saadc_pca10040/main.o
LOAD Output/Debug/Obj/saadc_pca10040/boards.o
LOAD Output/Debug/Obj/saadc_pca10040/ses_startup_nrf52.o
LOAD Output/Debug/Obj/saadc_pca10040/ses_startup_nrf_common.o
LOAD Output/Debug/Obj/saadc_pca10040/system_nrf52.o
LOAD Output/Debug/Obj/saadc_pca10040/thumb_crt0.o
LOAD Output/Debug/Obj/saadc_pca10040/nrf_drv_ppi.o
LOAD Output/Debug/Obj/saadc_pca10040/nrf_drv_uart.o
LOAD Output/Debug/Obj/saadc_pca10040/nrfx_atomic.o
LOAD Output/Debug/Obj/saadc_pca10040/nrfx_ppi.o
LOAD Output/Debug/Obj/saadc_pca10040/nrfx_prs.o
LOAD Output/Debug/Obj/saadc_pca10040/nrfx_saadc.o
LOAD Output/Debug/Obj/saadc_pca10040/nrfx_timer.o
LOAD Output/Debug/Obj/saadc_pca10040/nrfx_uart.o
LOAD Output/Debug/Obj/saadc_pca10040/nrfx_uarte.o
LOAD Output/Debug/Obj/saadc_pca10040/app_error.o
LOAD Output/Debug/Obj/saadc_pca10040/app_error_handler_gcc.o
LOAD Output/Debug/Obj/saadc_pca10040/app_error_weak.o
LOAD Output/Debug/Obj/saadc_pca10040/app_util_platform.o
LOAD Output/Debug/Obj/saadc_pca10040/nrf_assert.o
LOAD Output/Debug/Obj/saadc_pca10040/nrf_atomic.o
LOAD Output/Debug/Obj/saadc_pca10040/nrf_balloc.o
LOAD Output/Debug/Obj/saadc_pca10040/nrf_fprintf.o
LOAD Output/Debug/Obj/saadc_pca10040/nrf_fprintf_format.o
LOAD Output/Debug/Obj/saadc_pca10040/nrf_memobj.o
LOAD Output/Debug/Obj/saadc_pca10040/nrf_pwr_mgmt.o
LOAD Output/Debug/Obj/saadc_pca10040/nrf_ringbuf.o
LOAD Output/Debug/Obj/saadc_pca10040/nrf_section_iter.o
LOAD Output/Debug/Obj/saadc_pca10040/nrf_strerror.o
LOAD Output/Debug/Obj/saadc_pca10040/nrf_log_backend_rtt.o
LOAD Output/Debug/Obj/saadc_pca10040/nrf_log_backend_serial.o
LOAD Output/Debug/Obj/saadc_pca10040/nrf_log_backend_uart.o
LOAD Output/Debug/Obj/saadc_pca10040/nrf_log_default_backends.o
LOAD Output/Debug/Obj/saadc_pca10040/nrf_log_frontend.o
LOAD Output/Debug/Obj/saadc_pca10040/nrf_log_str_formatter.o
LOAD Output/Debug/Obj/saadc_pca10040/SEGGER_RTT.o
LOAD Output/Debug/Obj/saadc_pca10040/SEGGER_RTT_printf.o