Archive member included to satisfy reference by file (symbol)

C:/Program Files/SEGGER/SEGGER Embedded Studio for ARM 7.10a/lib/libc_v7em_fpv4_sp_d16_hard_t_le_eabi_balanced.a(floatasmops_arm.o)
                              Output/Debug/Obj/saadc_pca10040/main.o (__aeabi_dsub)
C:/Program Files/SEGGER/SEGGER Embedded Studio for ARM 7.10a/lib/libc_v7em_fpv4_sp_d16_hard_t_le_eabi_balanced.a(mbops.o)
                              Output/Debug/Obj/saadc_pca10040/nrf_log_str_formatter.o (isprint)
C:/Program Files/SEGGER/SEGGER Embedded Studio for ARM 7.10a/lib/libc_v7em_fpv4_sp_d16_hard_t_le_eabi_balanced.a(sortops.o)
                              C:/Program Files/SEGGER/SEGGER Embedded Studio for ARM 7.10a/lib/libc_v7em_fpv4_sp_d16_hard_t_le_eabi_balanced.a(mbops.o) (bsearch)
C:/Program Files/SEGGER/SEGGER Embedded Studio for ARM 7.10a/lib/libc_v7em_fpv4_sp_d16_hard_t_le_eabi_balanced.a(strasmops_arm.o)
                              Output/Debug/Obj/saadc_pca10040/nrf_fprintf_format.o (strlen)
C:/Program Files/SEGGER/SEGGER Embedded Studio for ARM 7.10a/lib/libc_v7em_fpv4_sp_d16_hard_t_le_eabi_balanced.a(strops.o)
                              C:/Program Files/SEGGER/SEGGER Embedded Studio for ARM 7.10a/lib/libc_v7em_fpv4_sp_d16_hard_t_le_eabi_balanced.a(mbops.o) (strcat)
C:/Program Files/SEGGER/SEGGER Embedded Studio for ARM 7.10a/lib/libc_v7em_fpv4_sp_d16_hard_t_le_eabi_balanced.a(timeops.o)
                              C:/Program Files/SEGGER/SEGGER Embedded Studio for ARM 7.10a/lib/libc_v7em_fpv4_sp_d16_hard_t_le_eabi_balanced.a(mbops.o) (__SEGGER_RTL_string_list_encode)
C:/Program Files/SEGGER/SEGGER Embedded Studio for ARM 7.10a/lib/libc_v7em_fpv4_sp_d16_hard_t_le_eabi_balanced.a(__SEGGER_RTL_vfprintf_long.o)
                              (__SEGGER_RTL_vfprintf_long)
C:/Program Files/SEGGER/SEGGER Embedded Studio for ARM 7.10a/lib/libc_v7em_fpv4_sp_d16_hard_t_le_eabi_balanced.a(__SEGGER_RTL_vfscanf_int.o)
                              (__SEGGER_RTL_vfscanf_int)
C:/Program Files/SEGGER/SEGGER Embedded Studio for ARM 7.10a/lib/libc_v7em_fpv4_sp_d16_hard_t_le_eabi_balanced.a(errno.o)
                              C:/Program Files/SEGGER/SEGGER Embedded Studio for ARM 7.10a/lib/libc_v7em_fpv4_sp_d16_hard_t_le_eabi_balanced.a(mbops.o) (__aeabi_errno_addr)
C:/Program Files/SEGGER/SEGGER Embedded Studio for ARM 7.10a/lib/libc_v7em_fpv4_sp_d16_hard_t_le_eabi_balanced.a(execops.o)
                              C:/Program Files/SEGGER/SEGGER Embedded Studio for ARM 7.10a/lib/libc_v7em_fpv4_sp_d16_hard_t_le_eabi_balanced.a(strops.o) (__SEGGER_RTL_constraint_violation)
C:/Program Files/SEGGER/SEGGER Embedded Studio for ARM 7.10a/lib/libc_v7em_fpv4_sp_d16_hard_t_le_eabi_balanced.a(execops_arm.o)
                              C:/Program Files/SEGGER/SEGGER Embedded Studio for ARM 7.10a/lib/libc_v7em_fpv4_sp_d16_hard_t_le_eabi_balanced.a(execops.o) (__aeabi_SIGABRT)
C:/Program Files/SEGGER/SEGGER Embedded Studio for ARM 7.10a/lib/libc_v7em_fpv4_sp_d16_hard_t_le_eabi_balanced.a(intasmops_arm.o)
                              C:/Program Files/SEGGER/SEGGER Embedded Studio for ARM 7.10a/lib/libc_v7em_fpv4_sp_d16_hard_t_le_eabi_balanced.a(__SEGGER_RTL_vfprintf_long.o) (__aeabi_uldivmod)
C:/Program Files/SEGGER/SEGGER Embedded Studio for ARM 7.10a/lib/libc_v7em_fpv4_sp_d16_hard_t_le_eabi_balanced.a(intops.o)
                              C:/Program Files/SEGGER/SEGGER Embedded Studio for ARM 7.10a/lib/libc_v7em_fpv4_sp_d16_hard_t_le_eabi_balanced.a(timeops.o) (div)
C:/Program Files/SEGGER/SEGGER Embedded Studio for ARM 7.10a/lib/libc_v7em_fpv4_sp_d16_hard_t_le_eabi_balanced.a(utilops.o)
                              C:/Program Files/SEGGER/SEGGER Embedded Studio for ARM 7.10a/lib/libc_v7em_fpv4_sp_d16_hard_t_le_eabi_balanced.a(__SEGGER_RTL_vfscanf_int.o) (__SEGGER_RTL_digit)
C:/Program Files/SEGGER/SEGGER Embedded Studio for ARM 7.10a/lib/libc_v7em_fpv4_sp_d16_hard_t_le_eabi_balanced.a(prinops.o)
                              C:/Program Files/SEGGER/SEGGER Embedded Studio for ARM 7.10a/lib/libc_v7em_fpv4_sp_d16_hard_t_le_eabi_balanced.a(__SEGGER_RTL_vfprintf_long.o) (__SEGGER_RTL_putc)
C:/Program Files/SEGGER/SEGGER Embedded Studio for ARM 7.10a/lib/libc_v7em_fpv4_sp_d16_hard_t_le_eabi_balanced.a(convops.o)
                              C:/Program Files/SEGGER/SEGGER Embedded Studio for ARM 7.10a/lib/libc_v7em_fpv4_sp_d16_hard_t_le_eabi_balanced.a(execops.o) (itoa)
C:/Program Files/SEGGER/SEGGER Embedded Studio for ARM 7.10a/lib/libc_v7em_fpv4_sp_d16_hard_t_le_eabi_balanced.a(fileops.o)
                              C:/Program Files/SEGGER/SEGGER Embedded Studio for ARM 7.10a/lib/libc_v7em_fpv4_sp_d16_hard_t_le_eabi_balanced.a(prinops.o) (fwrite)
C:/Program Files/SEGGER/SEGGER Embedded Studio for ARM 7.10a/lib/libc_v7em_fpv4_sp_d16_hard_t_le_eabi_balanced.a(floatops.o)
[...]
Memory Configuration

Name             Origin             Length             Attributes
UNPLACED_SECTIONS 0x0000000100000000 0x0000000000000000 xw
RAM              0x0000000020000000 0x0000000000010000 xw
FLASH            0x0000000000000000 0x0000000000080000 xw
*default*        0x0000000000000000 0xffffffffffffffff

Linker script and memory map

                0x0000000000000000                __SEGGER_RTL_vfprintf = __SEGGER_RTL_vfprintf_long
                0x0000000000000000                __SEGGER_RTL_vfscanf = __SEGGER_RTL_vfscanf_int
                0x0000000020000000                __RAM_segment_start__ = 0x20000000
                0x0000000020010000                __RAM_segment_end__ = 0x20010000
                0x0000000000010000                __RAM_segment_size__ = 0x10000
                0x0000000000000000                __FLASH_segment_start__ = 0x0
                0x0000000000080000                __FLASH_segment_end__ = 0x80000
                0x0000000000080000                __FLASH_segment_size__ = 0x80000
                0x0000000000002000                __HEAPSIZE__ = 0x2000
                0x0000000000000000                __STACKSIZE_PROCESS__ = 0x0
                0x0000000000002000                __STACKSIZE__ = 0x2000
                0x0000000020000000                __vectors_ram_load_start__ = 0x20000000

.vectors_ram    0x0000000020000000        0x0
                0x0000000020000000                __vectors_ram_start__ = .
                0x0000000020000000                __app_ram_start__ = __vectors_ram_start__
 *(.vectors_ram .vectors_ram.*)
                0x0000000020000000                __vectors_ram_end__ = (__vectors_ram_start__ + SIZEOF (.vectors_ram))
                0x0000000000000000                __vectors_ram_size__ = SIZEOF (.vectors_ram)
                0x0000000020000000                __vectors_ram_load_end__ = __vectors_ram_end__
                0x0000000000000001                . = ASSERT (((__vectors_ram_start__ == __vectors_ram_end__) || ((__vectors_ram_end__ - __RAM_segment_start__) <= __RAM_segment_size__)), error: .vectors_ram is too large to fit in RAM memory segment)
                0x0000000020000000                __nrf_sections_run_load_start__ = ALIGN (__vectors_ram_end__, 0x4)

.nrf_sections_run
                0x0000000020000000        0x0
                0x0000000020000000                __nrf_sections_run_start__ = .
                0x0000000020000000                __start_nrf_sections_run = __nrf_sections_run_start__
 *(.nrf_sections_run .nrf_sections_run.*)
                0x0000000020000000                __nrf_sections_run_end__ = (__nrf_sections_run_start__ + SIZEOF (.nrf_sections_run))
                0x0000000000000000                __nrf_sections_run_size__ = SIZEOF (.nrf_sections_run)
                0x0000000020000000                __nrf_sections_run_load_end__ = __nrf_sections_run_end__
                0x0000000000000001                . = ASSERT (((__nrf_sections_run_start__ == __nrf_sections_run_end__) || ((__nrf_sections_run_end__ - __RAM_segment_start__) <= __RAM_segment_size__)), error: .nrf_sections_run is too large to fit in RAM memory segment)
                0x0000000000000000                __vectors_load_start__ = 0x0

.vectors        0x0000000000000000       0xdc
                0x0000000000000000                __vectors_start__ = .
 *(.vectors .vectors.*)
 .vectors       0x0000000000000000       0xdc Output/Debug/Obj/saadc_pca10040/ses_nrf52_Vectors.o
                0x0000000000000000                _vectors
                0x00000000000000dc                __vectors_end__ = (__vectors_start__ + SIZEOF (.vectors))
                0x00000000000000dc                __vectors_size__ = SIZEOF (.vectors)
                0x00000000000000dc                __vectors_load_end__ = __vectors_end__
                0x0000000000000001                . = ASSERT (((__vectors_start__ == __vectors_end__) || ((__vectors_end__ - __FLASH_segment_start__) <= __FLASH_segment_size__)), error: .vectors is too large to fit in FLASH memory segment)
                0x00000000000000dc                __init_load_start__ = ALIGN (__vectors_end__, 0x4)

.init           0x00000000000000dc      0x210
                0x00000000000000dc                __init_start__ = .
 *(.init .init.*)
 .init          0x00000000000000dc       0x58 Output/Debug/Obj/saadc_pca10040/ses_nRF_Startup.o
                0x00000000000000dc                Reset_Handler
                0x0000000000000100                InitializeUserMemorySections
 .init          0x0000000000000134       0x60 Output/Debug/Obj/saadc_pca10040/ses_nrf52_Vectors.o
                0x0000000000000134                NMI_Handler
                0x0000000000000136                HardFault_Handler
                0x0000000000000138                MemoryManagement_Handler
                0x000000000000013a                BusFault_Handler
                0x000000000000013c                UsageFault_Handler
                0x000000000000013e                SVC_Handler
                0x0000000000000140                DebugMon_Handler
                0x0000000000000142                PendSV_Handler
                0x0000000000000144                SysTick_Handler
                0x0000000000000148                POWER_CLOCK_IRQHandler
                0x000000000000014a                RADIO_IRQHandler
                0x000000000000014e                SPIM0_SPIS0_TWIM0_TWIS0_SPI0_TWI0_IRQHandler
                0x0000000000000150                SPIM1_SPIS1_TWIM1_TWIS1_SPI1_TWI1_IRQHandler
                0x0000000000000152                NFCT_IRQHandler
                0x0000000000000154                GPIOTE_IRQHandler
                0x000000000000015a                TIMER1_IRQHandler
                0x000000000000015c                TIMER2_IRQHandler
                0x000000000000015e                RTC0_IRQHandler
                0x0000000000000160                TEMP_IRQHandler
                0x0000000000000162                RNG_IRQHandler
                0x0000000000000164                ECB_IRQHandler
                0x0000000000000166                CCM_AAR_IRQHandler
                0x0000000000000168                WDT_IRQHandler
                0x000000000000016a                RTC1_IRQHandler
                0x000000000000016c                QDEC_IRQHandler
                0x000000000000016e                COMP_LPCOMP_IRQHandler
                0x0000000000000170                SWI0_EGU0_IRQHandler
                0x0000000000000172                SWI1_EGU1_IRQHandler
                0x0000000000000174                SWI2_EGU2_IRQHandler
                0x0000000000000176                SWI3_EGU3_IRQHandler
                0x0000000000000178                SWI4_EGU4_IRQHandler
                0x000000000000017a                SWI5_EGU5_IRQHandler
                0x000000000000017c                TIMER3_IRQHandler
                0x000000000000017e                TIMER4_IRQHandler
                0x0000000000000180                PWM0_IRQHandler
                0x0000000000000182                PDM_IRQHandler
                0x0000000000000184                MWU_IRQHandler
                0x0000000000000186                PWM1_IRQHandler
                0x0000000000000188                PWM2_IRQHandler
                0x000000000000018a                SPIM2_SPIS2_SPI2_IRQHandler
                0x000000000000018c                RTC2_IRQHandler
                0x000000000000018e                I2S_IRQHandler
                0x0000000000000190                FPU_IRQHandler
 .init          0x0000000000000194      0x158 Output/Debug/Obj/saadc_pca10040/thumb_crt0.o
                0x0000000000000194                _start
                0x0000000000000242                exit
                0x00000000000002ec                __init_end__ = (__init_start__ + SIZEOF (.init))
                0x0000000000000210                __init_size__ = SIZEOF (.init)
                0x00000000000002ec                __init_load_end__ = __init_end__
                0x0000000000000001                . = ASSERT (((__init_start__ == __init_end__) || ((__init_end__ - __FLASH_segment_start__) <= __FLASH_segment_size__)), error: .init is too large to fit in FLASH memory segment)
                0x00000000000002ec                __init_rodata_load_start__ = ALIGN (__init_end__, 0x4)

.init_rodata    0x00000000000002ec        0x0
                0x00000000000002ec                __init_rodata_start__ = .
 *(.init_rodata .init_rodata.*)
                0x00000000000002ec                __init_rodata_end__ = (__init_rodata_start__ + SIZEOF (.init_rodata))
                0x0000000000000000                __init_rodata_size__ = SIZEOF (.init_rodata)
                0x00000000000002ec                __init_rodata_load_end__ = __init_rodata_end__
                0x0000000000000001                . = ASSERT (((__init_rodata_start__ == __init_rodata_end__) || ((__init_rodata_end__ - __FLASH_segment_start__) <= __FLASH_segment_size__)), error: .init_rodata is too large to fit in FLASH memory segment)
                0x00000000000002ec                __text_load_start__ = ALIGN (__init_rodata_end__, 0x4)

.text           0x00000000000002ec     0x59f4
                0x00000000000002ec                __text_start__ = .
 *(.text .text.* .gnu.linkonce.t.* .glue_7t .glue_7 .gcc_except_table .ARM.extab* .gnu.linkonce.armextab.*)
 .glue_7        0x00000000000002ec        0x0 linker stubs
 .glue_7t       0x00000000000002ec        0x0 linker stubs
 .text.nrfx_coredep_delay_us
                0x00000000000002ec       0x30 Output/Debug/Obj/saadc_pca10040/main.o
 .text.nrf_drv_saadc_init
                0x000000000000031c       0x28 Output/Debug/Obj/saadc_pca10040/main.o
 .text.nrf_delay_ms
                0x0000000000000344       0x2a Output/Debug/Obj/saadc_pca10040/main.o
 .text.saadc_callback_handler
                0x000000000000036e        0xa Output/Debug/Obj/saadc_pca10040/main.o
                0x000000000000036e                saadc_callback_handler
 .text.saadc_init
                0x0000000000000378       0x74 Output/Debug/Obj/saadc_pca10040/main.o
                0x0000000000000378                saadc_init
 .text.log_init
                0x00000000000003ec       0x30 Output/Debug/Obj/saadc_pca10040/main.o
                0x00000000000003ec                log_init
 *fill*         0x000000000000041c        0x4 
 .text.main     0x0000000000000420      0x2e8 Output/Debug/Obj/saadc_pca10040/main.o
                0x0000000000000420                main
 .text.NVIC_SystemReset
                0x0000000000000708       0x2c Output/Debug/Obj/saadc_pca10040/system_nrf52.o
 .text.SystemCoreClockUpdate
                0x0000000000000734       0x14 Output/Debug/Obj/saadc_pca10040/system_nrf52.o
                0x0000000000000734                SystemCoreClockUpdate
 .text.SystemInit
                0x0000000000000748      0x2d8 Output/Debug/Obj/saadc_pca10040/system_nrf52.o
                0x0000000000000748                SystemInit
 .text.errata_12
                0x0000000000000a20       0x58 Output/Debug/Obj/saadc_pca10040/system_nrf52.o
 .text.errata_16
                0x0000000000000a78       0x38 Output/Debug/Obj/saadc_pca10040/system_nrf52.o
 .text.errata_31
                0x0000000000000ab0       0x58 Output/Debug/Obj/saadc_pca10040/system_nrf52.o
 .text.errata_32
                0x0000000000000b08       0x38 Output/Debug/Obj/saadc_pca10040/system_nrf52.o
 .text.errata_36
                0x0000000000000b40       0x58 Output/Debug/Obj/saadc_pca10040/system_nrf52.o
 .text.errata_37
                0x0000000000000b98       0x38 Output/Debug/Obj/saadc_pca10040/system_nrf52.o
 .text.errata_57
                0x0000000000000bd0       0x38 Output/Debug/Obj/saadc_pca10040/system_nrf52.o
 .text.errata_66
                0x0000000000000c08       0x38 Output/Debug/Obj/saadc_pca10040/system_nrf52.o
 .text.errata_108
                0x0000000000000c40       0x58 Output/Debug/Obj/saadc_pca10040/system_nrf52.o
 .text.errata_136
                0x0000000000000c98       0x58 Output/Debug/Obj/saadc_pca10040/system_nrf52.o
 .text.errata_182
                0x0000000000000cf0       0x24 Output/Debug/Obj/saadc_pca10040/system_nrf52.o
 .text.uarte_evt_handler
                0x0000000000000d14       0x50 Output/Debug/Obj/saadc_pca10040/nrf_drv_uart.o
 .text.uart_evt_handler
                0x0000000000000d64       0x50 Output/Debug/Obj/saadc_pca10040/nrf_drv_uart.o
 .text.nrf_drv_uart_init
                0x0000000000000db4       0xc0 Output/Debug/Obj/saadc_pca10040/nrf_drv_uart.o
                0x0000000000000db4                nrf_drv_uart_init
 .text.UARTE0_UART0_IRQHandler
                0x0000000000000e74       0x24 Output/Debug/Obj/saadc_pca10040/nrfx_prs.o
                0x0000000000000e74                UARTE0_UART0_IRQHandler
 .text.prs_box_get
                0x0000000000000e98       0x20 Output/Debug/Obj/saadc_pca10040/nrfx_prs.o
 .text.nrfx_prs_acquire
                0x0000000000000eb8       0x74 Output/Debug/Obj/saadc_pca10040/nrfx_prs.o
                0x0000000000000eb8                nrfx_prs_acquire
 .text.nrfx_prs_release
                0x0000000000000f2c       0x3c Output/Debug/Obj/saadc_pca10040/nrfx_prs.o
                0x0000000000000f2c                nrfx_prs_release
 .text.NVIC_EnableIRQ
                0x0000000000000f68       0x2c Output/Debug/Obj/saadc_pca10040/nrfx_saadc.o
 .text.NVIC_ClearPendingIRQ
                0x0000000000000f94       0x30 Output/Debug/Obj/saadc_pca10040/nrfx_saadc.o
 .text.NVIC_SetPriority
                0x0000000000000fc4       0x50 Output/Debug/Obj/saadc_pca10040/nrfx_saadc.o
 .text._NRFX_IRQ_PRIORITY_SET
                0x0000000000001014       0x40 Output/Debug/Obj/saadc_pca10040/nrfx_saadc.o
 .text._NRFX_IRQ_ENABLE
                0x0000000000001054       0x26 Output/Debug/Obj/saadc_pca10040/nrfx_saadc.o
 *fill*         0x000000000000107a        0x2 
 .text.nrfx_coredep_delay_us
                0x000000000000107c       0x30 Output/Debug/Obj/saadc_pca10040/nrfx_saadc.o
 .text.nrf_saadc_task_trigger
                0x00000000000010ac       0x1e Output/Debug/Obj/saadc_pca10040/nrfx_saadc.o
 .text.nrf_saadc_event_check
                0x00000000000010ca       0x26 Output/Debug/Obj/saadc_pca10040/nrfx_saadc.o
 .text.nrf_saadc_event_clear
                0x00000000000010f0       0x30 Output/Debug/Obj/saadc_pca10040/nrfx_saadc.o
 .text.nrf_saadc_channel_input_set
                0x0000000000001120       0x44 Output/Debug/Obj/saadc_pca10040/nrfx_saadc.o
 .text.nrf_saadc_int_enable
                0x0000000000001164       0x18 Output/Debug/Obj/saadc_pca10040/nrfx_saadc.o
 .text.nrf_saadc_int_disable
                0x000000000000117c       0x18 Output/Debug/Obj/saadc_pca10040/nrfx_saadc.o
 .text.nrf_saadc_enable
                0x0000000000001194       0x10 Output/Debug/Obj/saadc_pca10040/nrfx_saadc.o
 .text.nrf_saadc_disable
                0x00000000000011a4       0x10 Output/Debug/Obj/saadc_pca10040/nrfx_saadc.o
 .text.nrf_saadc_buffer_init
                0x00000000000011b4       0x20 Output/Debug/Obj/saadc_pca10040/nrfx_saadc.o
 .text.nrf_saadc_resolution_set
                0x00000000000011d4       0x1c Output/Debug/Obj/saadc_pca10040/nrfx_saadc.o
 .text.nrf_saadc_oversample_set
                0x00000000000011f0       0x1c Output/Debug/Obj/saadc_pca10040/nrfx_saadc.o
 .text.nrf_saadc_oversample_get
                0x000000000000120c       0x10 Output/Debug/Obj/saadc_pca10040/nrfx_saadc.o
 .text.nrf_saadc_channel_init
                0x000000000000121c       0x8c Output/Debug/Obj/saadc_pca10040/nrfx_saadc.o
 .text.SAADC_IRQHandler
                0x00000000000012a8      0x250 Output/Debug/Obj/saadc_pca10040/nrfx_saadc.o
                0x00000000000012a8                SAADC_IRQHandler
 .text.nrfx_saadc_init
                0x00000000000014f8       0xd8 Output/Debug/Obj/saadc_pca10040/nrfx_saadc.o
                0x00000000000014f8                nrfx_saadc_init
 .text.nrfx_saadc_channel_init
                0x00000000000015d0      0x134 Output/Debug/Obj/saadc_pca10040/nrfx_saadc.o
                0x00000000000015d0                nrfx_saadc_channel_init
 .text.nrfx_saadc_sample_convert
                0x0000000000001704      0x158 Output/Debug/Obj/saadc_pca10040/nrfx_saadc.o
                0x0000000000001704                nrfx_saadc_sample_convert
 .text.nrf_timer_event_clear
                0x000000000000185c       0x2a Output/Debug/Obj/saadc_pca10040/nrfx_timer.o
 .text.nrf_timer_event_check
                0x0000000000001886       0x24 Output/Debug/Obj/saadc_pca10040/nrfx_timer.o
 .text.nrf_timer_int_enable_check
                0x00000000000018aa       0x20 Output/Debug/Obj/saadc_pca10040/nrfx_timer.o
 .text.nrf_timer_compare_event_get
                0x00000000000018ca       0x16 Output/Debug/Obj/saadc_pca10040/nrfx_timer.o
 .text.nrf_timer_compare_int_get
                0x00000000000018e0       0x14 Output/Debug/Obj/saadc_pca10040/nrfx_timer.o
 .text.irq_handler
                0x00000000000018f4       0x8e Output/Debug/Obj/saadc_pca10040/nrfx_timer.o
 *fill*         0x0000000000001982        0x2 
 .text.TIMER0_IRQHandler
                0x0000000000001984       0x18 Output/Debug/Obj/saadc_pca10040/nrfx_timer.o
                0x0000000000001984                TIMER0_IRQHandler
 .text.NVIC_EnableIRQ
                0x000000000000199c       0x2c Output/Debug/Obj/saadc_pca10040/nrfx_uart.o
 .text.NVIC_DisableIRQ
                0x00000000000019c8       0x30 Output/Debug/Obj/saadc_pca10040/nrfx_uart.o
 .text.NVIC_ClearPendingIRQ
                0x00000000000019f8       0x30 Output/Debug/Obj/saadc_pca10040/nrfx_uart.o
 .text.NVIC_SetPriority
                0x0000000000001a28       0x50 Output/Debug/Obj/saadc_pca10040/nrfx_uart.o
 .text.nrfx_get_irq_number
                0x0000000000001a78       0x16 Output/Debug/Obj/saadc_pca10040/nrfx_uart.o
 *fill*         0x0000000000001a8e        0x2 
 .text._NRFX_IRQ_PRIORITY_SET
                0x0000000000001a90       0x40 Output/Debug/Obj/saadc_pca10040/nrfx_uart.o
 .text._NRFX_IRQ_ENABLE
                0x0000000000001ad0       0x26 Output/Debug/Obj/saadc_pca10040/nrfx_uart.o
 .text._NRFX_IRQ_DISABLE
                0x0000000000001af6       0x1c Output/Debug/Obj/saadc_pca10040/nrfx_uart.o
 .text.nrf_uart_event_clear
                0x0000000000001b12       0x2a Output/Debug/Obj/saadc_pca10040/nrfx_uart.o
 .text.nrf_uart_event_check
                0x0000000000001b3c       0x24 Output/Debug/Obj/saadc_pca10040/nrfx_uart.o
 .text.nrf_uart_int_enable
                0x0000000000001b60       0x14 Output/Debug/Obj/saadc_pca10040/nrfx_uart.o
 .text.nrf_uart_int_enable_check
                0x0000000000001b74       0x20 Output/Debug/Obj/saadc_pca10040/nrfx_uart.o
 .text.nrf_uart_int_disable
                0x0000000000001b94       0x14 Output/Debug/Obj/saadc_pca10040/nrfx_uart.o
 .text.nrf_uart_errorsrc_get_and_clear
                0x0000000000001ba8       0x1c Output/Debug/Obj/saadc_pca10040/nrfx_uart.o
 .text.nrf_uart_enable
                0x0000000000001bc4       0x12 Output/Debug/Obj/saadc_pca10040/nrfx_uart.o
 .text.nrf_uart_disable
                0x0000000000001bd6       0x12 Output/Debug/Obj/saadc_pca10040/nrfx_uart.o
 .text.nrf_uart_txrx_pins_set
                0x0000000000001be8       0x1e Output/Debug/Obj/saadc_pca10040/nrfx_uart.o
 .text.nrf_uart_txrx_pins_disconnect
                0x0000000000001c06       0x1c Output/Debug/Obj/saadc_pca10040/nrfx_uart.o
 .text.nrf_uart_tx_pin_get
                0x0000000000001c22       0x10 Output/Debug/Obj/saadc_pca10040/nrfx_uart.o
 .text.nrf_uart_rx_pin_get
                0x0000000000001c32       0x10 Output/Debug/Obj/saadc_pca10040/nrfx_uart.o
 .text.nrf_uart_rts_pin_get
                0x0000000000001c42       0x10 Output/Debug/Obj/saadc_pca10040/nrfx_uart.o
 .text.nrf_uart_cts_pin_get
                0x0000000000001c52       0x10 Output/Debug/Obj/saadc_pca10040/nrfx_uart.o
 .text.nrf_uart_hwfc_pins_set
                0x0000000000001c62       0x1e Output/Debug/Obj/saadc_pca10040/nrfx_uart.o
 .text.nrf_uart_hwfc_pins_disconnect
                0x0000000000001c80       0x1c Output/Debug/Obj/saadc_pca10040/nrfx_uart.o
 .text.nrf_uart_rxd_get
                0x0000000000001c9c       0x12 Output/Debug/Obj/saadc_pca10040/nrfx_uart.o
 .text.nrf_uart_txd_set
                0x0000000000001cae       0x1a Output/Debug/Obj/saadc_pca10040/nrfx_uart.o
 .text.nrf_uart_task_trigger
                0x0000000000001cc8       0x1c Output/Debug/Obj/saadc_pca10040/nrfx_uart.o
 .text.nrf_uart_configure
                0x0000000000001ce4       0x2a Output/Debug/Obj/saadc_pca10040/nrfx_uart.o
 .text.nrf_uart_baudrate_set
                0x0000000000001d0e       0x14 Output/Debug/Obj/saadc_pca10040/nrfx_uart.o
 *fill*         0x0000000000001d22        0x2 
 .text.nrf_gpio_pin_port_decode
                0x0000000000001d24       0x28 Output/Debug/Obj/saadc_pca10040/nrfx_uart.o
 .text.nrf_gpio_cfg
                0x0000000000001d4c       0x62 Output/Debug/Obj/saadc_pca10040/nrfx_uart.o
 .text.nrf_gpio_cfg_output
                0x0000000000001dae       0x22 Output/Debug/Obj/saadc_pca10040/nrfx_uart.o
 .text.nrf_gpio_cfg_input
                0x0000000000001dd0       0x2a Output/Debug/Obj/saadc_pca10040/nrfx_uart.o
 .text.nrf_gpio_cfg_default
                0x0000000000001dfa       0x22 Output/Debug/Obj/saadc_pca10040/nrfx_uart.o
 .text.nrf_gpio_pin_set
                0x0000000000001e1c       0x28 Output/Debug/Obj/saadc_pca10040/nrfx_uart.o
 .text.nrf_gpio_port_out_set
                0x0000000000001e44       0x14 Output/Debug/Obj/saadc_pca10040/nrfx_uart.o
 .text.apply_config
                0x0000000000001e58       0xc6 Output/Debug/Obj/saadc_pca10040/nrfx_uart.o
 *fill*         0x0000000000001f1e        0x2 
 .text.interrupts_enable
                0x0000000000001f20       0x6c Output/Debug/Obj/saadc_pca10040/nrfx_uart.o
 .text.interrupts_disable
                0x0000000000001f8c       0x30 Output/Debug/Obj/saadc_pca10040/nrfx_uart.o
 .text.pins_to_default
                0x0000000000001fbc       0x8a Output/Debug/Obj/saadc_pca10040/nrfx_uart.o
 *fill*         0x0000000000002046        0x2 
 .text.nrfx_uart_init
                0x0000000000002048       0xd4 Output/Debug/Obj/saadc_pca10040/nrfx_uart.o
                0x0000000000002048                nrfx_uart_init
 .text.nrfx_uart_uninit
                0x000000000000211c       0x5c Output/Debug/Obj/saadc_pca10040/nrfx_uart.o
                0x000000000000211c                nrfx_uart_uninit
 .text.tx_byte  0x0000000000002178       0x40 Output/Debug/Obj/saadc_pca10040/nrfx_uart.o
 .text.tx_blocking
                0x00000000000021b8       0x4e Output/Debug/Obj/saadc_pca10040/nrfx_uart.o
 *fill*         0x0000000000002206        0x2 
 .text.nrfx_uart_tx
                0x0000000000002208      0x110 Output/Debug/Obj/saadc_pca10040/nrfx_uart.o
                0x0000000000002208                nrfx_uart_tx
 .text.nrfx_uart_tx_in_progress
                0x0000000000002318       0x2c Output/Debug/Obj/saadc_pca10040/nrfx_uart.o
                0x0000000000002318                nrfx_uart_tx_in_progress
 .text.rx_byte  0x0000000000002344       0x4e Output/Debug/Obj/saadc_pca10040/nrfx_uart.o
 .text.rx_done_event
                0x0000000000002392       0x2e Output/Debug/Obj/saadc_pca10040/nrfx_uart.o
 .text.tx_done_event
                0x00000000000023c0       0x34 Output/Debug/Obj/saadc_pca10040/nrfx_uart.o
 .text.uart_irq_handler
                0x00000000000023f4      0x1da Output/Debug/Obj/saadc_pca10040/nrfx_uart.o
 *fill*         0x00000000000025ce        0x2 
 .text.nrfx_uart_0_irq_handler
                0x00000000000025d0       0x18 Output/Debug/Obj/saadc_pca10040/nrfx_uart.o
                0x00000000000025d0                nrfx_uart_0_irq_handler
 .text.NVIC_EnableIRQ
                0x00000000000025e8       0x2c Output/Debug/Obj/saadc_pca10040/nrfx_uarte.o
 .text.NVIC_DisableIRQ
                0x0000000000002614       0x30 Output/Debug/Obj/saadc_pca10040/nrfx_uarte.o
 .text.NVIC_ClearPendingIRQ
                0x0000000000002644       0x30 Output/Debug/Obj/saadc_pca10040/nrfx_uarte.o
 .text.NVIC_SetPriority
                0x0000000000002674       0x50 Output/Debug/Obj/saadc_pca10040/nrfx_uarte.o
 .text.nrfx_is_in_ram
                0x00000000000026c4       0x1c Output/Debug/Obj/saadc_pca10040/nrfx_uarte.o
 .text.nrfx_get_irq_number
                0x00000000000026e0       0x16 Output/Debug/Obj/saadc_pca10040/nrfx_uarte.o
 *fill*         0x00000000000026f6        0x2 
 .text._NRFX_IRQ_PRIORITY_SET
                0x00000000000026f8       0x40 Output/Debug/Obj/saadc_pca10040/nrfx_uarte.o
 .text._NRFX_IRQ_ENABLE
                0x0000000000002738       0x26 Output/Debug/Obj/saadc_pca10040/nrfx_uarte.o
 .text._NRFX_IRQ_DISABLE
                0x000000000000275e       0x1c Output/Debug/Obj/saadc_pca10040/nrfx_uarte.o
 .text.nrf_uarte_event_clear
                0x000000000000277a       0x2a Output/Debug/Obj/saadc_pca10040/nrfx_uarte.o
 .text.nrf_uarte_event_check
                0x00000000000027a4       0x24 Output/Debug/Obj/saadc_pca10040/nrfx_uarte.o
 .text.nrf_uarte_shorts_disable
                0x00000000000027c8       0x1e Output/Debug/Obj/saadc_pca10040/nrfx_uarte.o
 .text.nrf_uarte_int_enable
                0x00000000000027e6       0x14 Output/Debug/Obj/saadc_pca10040/nrfx_uarte.o
 .text.nrf_uarte_int_disable
                0x00000000000027fa       0x14 Output/Debug/Obj/saadc_pca10040/nrfx_uarte.o
 .text.nrf_uarte_errorsrc_get_and_clear
                0x000000000000280e       0x1c Output/Debug/Obj/saadc_pca10040/nrfx_uarte.o
 .text.nrf_uarte_enable
                0x000000000000282a       0x12 Output/Debug/Obj/saadc_pca10040/nrfx_uarte.o
 .text.nrf_uarte_disable
                0x000000000000283c       0x12 Output/Debug/Obj/saadc_pca10040/nrfx_uarte.o
 .text.nrf_uarte_txrx_pins_set
                0x000000000000284e       0x1e Output/Debug/Obj/saadc_pca10040/nrfx_uarte.o
 .text.nrf_uarte_txrx_pins_disconnect
                0x000000000000286c       0x1c Output/Debug/Obj/saadc_pca10040/nrfx_uarte.o
 .text.nrf_uarte_tx_pin_get
                0x0000000000002888       0x10 Output/Debug/Obj/saadc_pca10040/nrfx_uarte.o
 .text.nrf_uarte_rx_pin_get
                0x0000000000002898       0x10 Output/Debug/Obj/saadc_pca10040/nrfx_uarte.o
 .text.nrf_uarte_rts_pin_get
                0x00000000000028a8       0x10 Output/Debug/Obj/saadc_pca10040/nrfx_uarte.o
 .text.nrf_uarte_cts_pin_get
                0x00000000000028b8       0x10 Output/Debug/Obj/saadc_pca10040/nrfx_uarte.o
 .text.nrf_uarte_hwfc_pins_set
                0x00000000000028c8       0x1e Output/Debug/Obj/saadc_pca10040/nrfx_uarte.o
 .text.nrf_uarte_hwfc_pins_disconnect
                0x00000000000028e6       0x1c Output/Debug/Obj/saadc_pca10040/nrfx_uarte.o
 .text.nrf_uarte_task_trigger
                0x0000000000002902       0x1c Output/Debug/Obj/saadc_pca10040/nrfx_uarte.o
 .text.nrf_uarte_configure
                0x000000000000291e       0x2a Output/Debug/Obj/saadc_pca10040/nrfx_uarte.o
 .text.nrf_uarte_baudrate_set
                0x0000000000002948       0x14 Output/Debug/Obj/saadc_pca10040/nrfx_uarte.o
 .text.nrf_uarte_tx_buffer_set
                0x000000000000295c       0x1e Output/Debug/Obj/saadc_pca10040/nrfx_uarte.o
 .text.nrf_uarte_tx_amount_get
                0x000000000000297a       0x10 Output/Debug/Obj/saadc_pca10040/nrfx_uarte.o
 .text.nrf_uarte_rx_amount_get
                0x000000000000298a       0x10 Output/Debug/Obj/saadc_pca10040/nrfx_uarte.o
 *fill*         0x000000000000299a        0x2 
 .text.nrf_gpio_pin_port_decode
                0x000000000000299c       0x28 Output/Debug/Obj/saadc_pca10040/nrfx_uarte.o
 .text.nrf_gpio_cfg
                0x00000000000029c4       0x62 Output/Debug/Obj/saadc_pca10040/nrfx_uarte.o
 .text.nrf_gpio_cfg_output
                0x0000000000002a26       0x22 Output/Debug/Obj/saadc_pca10040/nrfx_uarte.o
 .text.nrf_gpio_cfg_input
                0x0000000000002a48       0x2a Output/Debug/Obj/saadc_pca10040/nrfx_uarte.o
 .text.nrf_gpio_cfg_default
                0x0000000000002a72       0x22 Output/Debug/Obj/saadc_pca10040/nrfx_uarte.o
 .text.nrf_gpio_pin_set
                0x0000000000002a94       0x28 Output/Debug/Obj/saadc_pca10040/nrfx_uarte.o
 .text.nrf_gpio_port_out_set
                0x0000000000002abc       0x14 Output/Debug/Obj/saadc_pca10040/nrfx_uarte.o
 .text.apply_config
                0x0000000000002ad0       0xc6 Output/Debug/Obj/saadc_pca10040/nrfx_uarte.o
 *fill*         0x0000000000002b96        0x2 
 .text.interrupts_enable
                0x0000000000002b98       0x88 Output/Debug/Obj/saadc_pca10040/nrfx_uarte.o
 .text.interrupts_disable
                0x0000000000002c20       0x30 Output/Debug/Obj/saadc_pca10040/nrfx_uarte.o
 .text.pins_to_default
                0x0000000000002c50       0x8a Output/Debug/Obj/saadc_pca10040/nrfx_uarte.o
 *fill*         0x0000000000002cda        0x2 
 .text.nrfx_uarte_init
                0x0000000000002cdc       0xcc Output/Debug/Obj/saadc_pca10040/nrfx_uarte.o
                0x0000000000002cdc                nrfx_uarte_init
 .text.nrfx_uarte_uninit
                0x0000000000002da8       0x5c Output/Debug/Obj/saadc_pca10040/nrfx_uarte.o
                0x0000000000002da8                nrfx_uarte_uninit
 .text.nrfx_uarte_tx
                0x0000000000002e04      0x154 Output/Debug/Obj/saadc_pca10040/nrfx_uarte.o
                0x0000000000002e04                nrfx_uarte_tx
 .text.nrfx_uarte_tx_in_progress
                0x0000000000002f58       0x30 Output/Debug/Obj/saadc_pca10040/nrfx_uarte.o
                0x0000000000002f58                nrfx_uarte_tx_in_progress
 .text.rx_done_event
                0x0000000000002f88       0x32 Output/Debug/Obj/saadc_pca10040/nrfx_uarte.o
 .text.tx_done_event
                0x0000000000002fba       0x38 Output/Debug/Obj/saadc_pca10040/nrfx_uarte.o
 .text.uarte_irq_handler
                0x0000000000002ff2      0x150 Output/Debug/Obj/saadc_pca10040/nrfx_uarte.o
 *fill*         0x0000000000003142        0x2 
 .text.nrfx_uarte_0_irq_handler
                0x0000000000003144       0x18 Output/Debug/Obj/saadc_pca10040/nrfx_uarte.o
                0x0000000000003144                nrfx_uarte_0_irq_handler
 .text.app_error_save_and_stop
                0x000000000000315c       0x9c Output/Debug/Obj/saadc_pca10040/app_error.o
                0x000000000000315c                app_error_save_and_stop
 .text.app_error_handler
                0x00000000000031f8       0x1c Output/Debug/Obj/saadc_pca10040/app_error_handler_gcc.o
                0x00000000000031f8                app_error_handler
 .text.app_error_fault_handler
                0x0000000000003214       0xf4 Output/Debug/Obj/saadc_pca10040/app_error_weak.o
                0x0000000000003214                app_error_fault_handler
 .text.app_util_disable_irq
                0x0000000000003308       0x18 Output/Debug/Obj/saadc_pca10040/app_util_platform.o
                0x0000000000003308                app_util_disable_irq
 .text.app_util_enable_irq
                0x0000000000003320       0x20 Output/Debug/Obj/saadc_pca10040/app_util_platform.o
                0x0000000000003320                app_util_enable_irq
 .text.app_util_critical_region_enter
                0x0000000000003340       0x28 Output/Debug/Obj/saadc_pca10040/app_util_platform.o
                0x0000000000003340                app_util_critical_region_enter
 .text.app_util_critical_region_exit
                0x0000000000003368       0x2c Output/Debug/Obj/saadc_pca10040/app_util_platform.o
                0x0000000000003368                app_util_critical_region_exit
 .text.privilege_level_get
                0x0000000000003394       0x3a Output/Debug/Obj/saadc_pca10040/app_util_platform.o
                0x0000000000003394                privilege_level_get
 .text.assert_nrf_callback
                0x00000000000033ce       0x2e Output/Debug/Obj/saadc_pca10040/nrf_assert.o
                0x00000000000033ce                assert_nrf_callback
 .text.nrf_atomic_u32_fetch_store
                0x00000000000033fc       0x2e Output/Debug/Obj/saadc_pca10040/nrf_atomic.o
                0x00000000000033fc                nrf_atomic_u32_fetch_store
 .text.nrf_atomic_u32_or
                0x000000000000342a       0x30 Output/Debug/Obj/saadc_pca10040/nrf_atomic.o
                0x000000000000342a                nrf_atomic_u32_or
 .text.nrf_atomic_u32_fetch_and
                0x000000000000345a       0x30 Output/Debug/Obj/saadc_pca10040/nrf_atomic.o
                0x000000000000345a                nrf_atomic_u32_fetch_and
 .text.nrf_atomic_u32_add
                0x000000000000348a       0x30 Output/Debug/Obj/saadc_pca10040/nrf_atomic.o
                0x000000000000348a                nrf_atomic_u32_add
 .text.nrf_atomic_u32_sub
                0x00000000000034ba       0x30 Output/Debug/Obj/saadc_pca10040/nrf_atomic.o
                0x00000000000034ba                nrf_atomic_u32_sub
 .text.nrf_atomic_flag_set
                0x00000000000034ea       0x18 Output/Debug/Obj/saadc_pca10040/nrf_atomic.o
                0x00000000000034ea                nrf_atomic_flag_set
 .text.nrf_atomic_flag_clear_fetch
                0x0000000000003502       0x18 Output/Debug/Obj/saadc_pca10040/nrf_atomic.o
                0x0000000000003502                nrf_atomic_flag_clear_fetch
 *fill*         0x000000000000351a        0x2 
 .text.nrf_balloc_idx2block
                0x000000000000351c       0x38 Output/Debug/Obj/saadc_pca10040/nrf_balloc.o
 .text.nrf_balloc_block2idx
                0x0000000000003554       0x34 Output/Debug/Obj/saadc_pca10040/nrf_balloc.o
 .text.nrf_balloc_init
                0x0000000000003588       0xb8 Output/Debug/Obj/saadc_pca10040/nrf_balloc.o
                0x0000000000003588                nrf_balloc_init
 .text.nrf_balloc_alloc
                0x0000000000003640       0x84 Output/Debug/Obj/saadc_pca10040/nrf_balloc.o
                0x0000000000003640                nrf_balloc_alloc
 .text.nrf_balloc_free
                0x00000000000036c4       0x58 Output/Debug/Obj/saadc_pca10040/nrf_balloc.o
                0x00000000000036c4                nrf_balloc_free
 .text.nrf_fprintf_buffer_flush
                0x000000000000371c       0x44 Output/Debug/Obj/saadc_pca10040/nrf_fprintf.o
                0x000000000000371c                nrf_fprintf_buffer_flush
 .text.nrf_fprintf
                0x0000000000003760       0x74 Output/Debug/Obj/saadc_pca10040/nrf_fprintf.o
                0x0000000000003760                nrf_fprintf
 .text.buffer_add
                0x00000000000037d4       0x3c Output/Debug/Obj/saadc_pca10040/nrf_fprintf_format.o
 .text.string_print
                0x0000000000003810       0xc2 Output/Debug/Obj/saadc_pca10040/nrf_fprintf_format.o
 *fill*         0x00000000000038d2        0x2 
 .text.unsigned_print
                0x00000000000038d4      0x130 Output/Debug/Obj/saadc_pca10040/nrf_fprintf_format.o
 .text.int_print
                0x0000000000003a04      0x11c Output/Debug/Obj/saadc_pca10040/nrf_fprintf_format.o
 .text.nrf_fprintf_fmt
                0x0000000000003b20      0x388 Output/Debug/Obj/saadc_pca10040/nrf_fprintf_format.o
                0x0000000000003b20                nrf_fprintf_fmt
 .text.nrf_memobj_pool_init
                0x0000000000003ea8       0x16 Output/Debug/Obj/saadc_pca10040/nrf_memobj.o
                0x0000000000003ea8                nrf_memobj_pool_init
 .text.nrf_memobj_alloc
                0x0000000000003ebe       0xae Output/Debug/Obj/saadc_pca10040/nrf_memobj.o
                0x0000000000003ebe                nrf_memobj_alloc
 .text.nrf_memobj_free
                0x0000000000003f6c       0x74 Output/Debug/Obj/saadc_pca10040/nrf_memobj.o
                0x0000000000003f6c                nrf_memobj_free
 .text.nrf_memobj_get
                0x0000000000003fe0       0x1e Output/Debug/Obj/saadc_pca10040/nrf_memobj.o
                0x0000000000003fe0                nrf_memobj_get
 .text.nrf_memobj_put
                0x0000000000003ffe       0x34 Output/Debug/Obj/saadc_pca10040/nrf_memobj.o
                0x0000000000003ffe                nrf_memobj_put
 *fill*         0x0000000000004032        0x2 
 .text.memobj_op
                0x0000000000004034      0x104 Output/Debug/Obj/saadc_pca10040/nrf_memobj.o
 .text.nrf_memobj_write
                0x0000000000004138       0x24 Output/Debug/Obj/saadc_pca10040/nrf_memobj.o
                0x0000000000004138                nrf_memobj_write
 .text.nrf_memobj_read
                0x000000000000415c       0x24 Output/Debug/Obj/saadc_pca10040/nrf_memobj.o
                0x000000000000415c                nrf_memobj_read
 .text.nrf_strerror_get
                0x0000000000004180       0x28 Output/Debug/Obj/saadc_pca10040/nrf_strerror.o
                0x0000000000004180                nrf_strerror_get
 .text.nrf_strerror_find
                0x00000000000041a8       0x68 Output/Debug/Obj/saadc_pca10040/nrf_strerror.o
                0x00000000000041a8                nrf_strerror_find
 .text.nrf_log_backend_serial_put
                0x0000000000004210      0x124 Output/Debug/Obj/saadc_pca10040/nrf_log_backend_serial.o
                0x0000000000004210                nrf_log_backend_serial_put
 .text.nrf_drv_uart_uninit
                0x0000000000004334       0x44 Output/Debug/Obj/saadc_pca10040/nrf_log_backend_uart.o
 .text.nrf_drv_uart_tx
                0x0000000000004378       0x64 Output/Debug/Obj/saadc_pca10040/nrf_log_backend_uart.o
 .text.uart_evt_handler
                0x00000000000043dc       0x18 Output/Debug/Obj/saadc_pca10040/nrf_log_backend_uart.o
 .text.uart_init
                0x00000000000043f4       0x88 Output/Debug/Obj/saadc_pca10040/nrf_log_backend_uart.o
 .text.nrf_log_backend_uart_init
                0x000000000000447c       0x1c Output/Debug/Obj/saadc_pca10040/nrf_log_backend_uart.o
                0x000000000000447c                nrf_log_backend_uart_init
 .text.serial_tx
                0x0000000000004498       0x6c Output/Debug/Obj/saadc_pca10040/nrf_log_backend_uart.o
 .text.nrf_log_backend_uart_put
                0x0000000000004504       0x28 Output/Debug/Obj/saadc_pca10040/nrf_log_backend_uart.o
 .text.nrf_log_backend_uart_flush
                0x000000000000452c        0xa Output/Debug/Obj/saadc_pca10040/nrf_log_backend_uart.o
 *fill*         0x0000000000004536        0x2 
 .text.nrf_log_backend_uart_panic_set
                0x0000000000004538       0x20 Output/Debug/Obj/saadc_pca10040/nrf_log_backend_uart.o
 .text.nrf_log_backend_enable
                0x0000000000004558       0x10 Output/Debug/Obj/saadc_pca10040/nrf_log_default_backends.o
 .text.nrf_log_default_backends_init
                0x0000000000004568       0x3c Output/Debug/Obj/saadc_pca10040/nrf_log_default_backends.o
                0x0000000000004568                nrf_log_default_backends_init
 .text.nrf_log_backend_put
                0x00000000000045a4       0x1c Output/Debug/Obj/saadc_pca10040/nrf_log_frontend.o
 .text.nrf_log_backend_panic_set
                0x00000000000045c0       0x18 Output/Debug/Obj/saadc_pca10040/nrf_log_frontend.o
 .text.nrf_log_backend_flush
                0x00000000000045d8       0x18 Output/Debug/Obj/saadc_pca10040/nrf_log_frontend.o
 .text.nrf_log_backend_id_set
                0x00000000000045f0       0x18 Output/Debug/Obj/saadc_pca10040/nrf_log_frontend.o
 .text.nrf_log_backend_id_get
                0x0000000000004608        0xe Output/Debug/Obj/saadc_pca10040/nrf_log_frontend.o
 .text.nrf_log_backend_enable
                0x0000000000004616       0x10 Output/Debug/Obj/saadc_pca10040/nrf_log_frontend.o
 .text.nrf_log_backend_is_enabled
                0x0000000000004626        0xe Output/Debug/Obj/saadc_pca10040/nrf_log_frontend.o
 .text.nrf_log_init
                0x0000000000004634       0x94 Output/Debug/Obj/saadc_pca10040/nrf_log_frontend.o
                0x0000000000004634                nrf_log_init
 .text.nrf_log_module_cnt_get
                0x00000000000046c8       0x14 Output/Debug/Obj/saadc_pca10040/nrf_log_frontend.o
                0x00000000000046c8                nrf_log_module_cnt_get
 .text.module_idx_get
                0x00000000000046dc       0x64 Output/Debug/Obj/saadc_pca10040/nrf_log_frontend.o
 .text.nrf_log_module_name_get
                0x0000000000004740       0x40 Output/Debug/Obj/saadc_pca10040/nrf_log_frontend.o
                0x0000000000004740                nrf_log_module_name_get
 .text.nrf_log_color_id_get
                0x0000000000004780       0x70 Output/Debug/Obj/saadc_pca10040/nrf_log_frontend.o
                0x0000000000004780                nrf_log_color_id_get
 .text.invalid_packets_pushed_str_omit
                0x00000000000047f0       0xc4 Output/Debug/Obj/saadc_pca10040/nrf_log_frontend.o
 .text.log_skip
                0x00000000000048b4      0x114 Output/Debug/Obj/saadc_pca10040/nrf_log_frontend.o
 .text.dropped_sat16_get
                0x00000000000049c8       0x28 Output/Debug/Obj/saadc_pca10040/nrf_log_frontend.o
 .text.std_header_set
                0x00000000000049f0       0xb4 Output/Debug/Obj/saadc_pca10040/nrf_log_frontend.o
 .text.buf_prealloc
                0x0000000000004aa4      0x124 Output/Debug/Obj/saadc_pca10040/nrf_log_frontend.o
 .text.std_n    0x0000000000004bc8       0x90 Output/Debug/Obj/saadc_pca10040/nrf_log_frontend.o
 .text.nrf_log_frontend_std_0
                0x0000000000004c58       0x1c Output/Debug/Obj/saadc_pca10040/nrf_log_frontend.o
                0x0000000000004c58                nrf_log_frontend_std_0
 .text.nrf_log_frontend_std_1
                0x0000000000004c74       0x22 Output/Debug/Obj/saadc_pca10040/nrf_log_frontend.o
                0x0000000000004c74                nrf_log_frontend_std_1
 .text.nrf_log_frontend_std_2
                0x0000000000004c96       0x28 Output/Debug/Obj/saadc_pca10040/nrf_log_frontend.o
                0x0000000000004c96                nrf_log_frontend_std_2
 .text.nrf_log_frontend_std_3
                0x0000000000004cbe       0x2c Output/Debug/Obj/saadc_pca10040/nrf_log_frontend.o
                0x0000000000004cbe                nrf_log_frontend_std_3
 .text.nrf_log_frontend_std_5
                0x0000000000004cea       0x34 Output/Debug/Obj/saadc_pca10040/nrf_log_frontend.o
                0x0000000000004cea                nrf_log_frontend_std_5
 *fill*         0x0000000000004d1e        0x2 
 .text.buffer_is_empty
                0x0000000000004d20       0x1c Output/Debug/Obj/saadc_pca10040/nrf_log_frontend.o
                0x0000000000004d20                buffer_is_empty
 .text.nrf_log_frontend_dequeue
                0x0000000000004d3c      0x388 Output/Debug/Obj/saadc_pca10040/nrf_log_frontend.o
                0x0000000000004d3c                nrf_log_frontend_dequeue
 .text.backend_id_assign
                0x00000000000050c4       0x68 Output/Debug/Obj/saadc_pca10040/nrf_log_frontend.o
 .text.nrf_log_backend_add
                0x000000000000512c       0x68 Output/Debug/Obj/saadc_pca10040/nrf_log_frontend.o
                0x000000000000512c                nrf_log_backend_add
 .text.nrf_log_panic
                0x0000000000005194       0x3c Output/Debug/Obj/saadc_pca10040/nrf_log_frontend.o
                0x0000000000005194                nrf_log_panic
 .text.timestamp_print
                0x00000000000051d0        0xc Output/Debug/Obj/saadc_pca10040/nrf_log_str_formatter.o
 .text.prefix_process
                0x00000000000051dc       0xb0 Output/Debug/Obj/saadc_pca10040/nrf_log_str_formatter.o
 .text.postfix_process
                0x000000000000528c       0x60 Output/Debug/Obj/saadc_pca10040/nrf_log_str_formatter.o
 .text.nrf_log_std_entry_process
                0x00000000000052ec      0x144 Output/Debug/Obj/saadc_pca10040/nrf_log_str_formatter.o
                0x00000000000052ec                nrf_log_std_entry_process
 .text.nrf_log_hexdump_entry_process
                0x0000000000005430       0xe8 Output/Debug/Obj/saadc_pca10040/nrf_log_str_formatter.o
                0x0000000000005430                nrf_log_hexdump_entry_process
 .text.libc.__aeabi_dadd
                0x0000000000005518      0x240 C:/Program Files/SEGGER/SEGGER Embedded Studio for ARM 7.10a/lib/libc_v7em_fpv4_sp_d16_hard_t_le_eabi_balanced.a(floatasmops_arm.o)
                0x0000000000005518                __aeabi_dadd
 .text.libc.__aeabi_dsub
                0x0000000000005758        0x8 C:/Program Files/SEGGER/SEGGER Embedded Studio for ARM 7.10a/lib/libc_v7em_fpv4_sp_d16_hard_t_le_eabi_balanced.a(floatasmops_arm.o)
                0x0000000000005758                __aeabi_dsub
 .text.libc.__aeabi_dmul
                0x0000000000005760      0x130 C:/Program Files/SEGGER/SEGGER Embedded Studio for ARM 7.10a/lib/libc_v7em_fpv4_sp_d16_hard_t_le_eabi_balanced.a(floatasmops_arm.o)
                0x0000000000005760                __aeabi_dmul
 .text.libc.__aeabi_ddiv
                0x0000000000005890      0x1c4 C:/Program Files/SEGGER/SEGGER Embedded Studio for ARM 7.10a/lib/libc_v7em_fpv4_sp_d16_hard_t_le_eabi_balanced.a(floatasmops_arm.o)
                0x0000000000005890                __aeabi_ddiv
 .text.libc.__aeabi_dcmpgt
                0x0000000000005a54       0x38 C:/Program Files/SEGGER/SEGGER Embedded Studio for ARM 7.10a/lib/libc_v7em_fpv4_sp_d16_hard_t_le_eabi_balanced.a(floatasmops_arm.o)
                0x0000000000005a54                __aeabi_dcmpgt
 .text.libc.__aeabi_dcmplt
                0x0000000000005a8c       0x38 C:/Program Files/SEGGER/SEGGER Embedded Studio for ARM 7.10a/lib/libc_v7em_fpv4_sp_d16_hard_t_le_eabi_balanced.a(floatasmops_arm.o)
                0x0000000000005a8c                __aeabi_dcmplt
 .text.libc.__aeabi_d2iz
                0x0000000000005ac4       0x4c C:/Program Files/SEGGER/SEGGER Embedded Studio for ARM 7.10a/lib/libc_v7em_fpv4_sp_d16_hard_t_le_eabi_balanced.a(floatasmops_arm.o)
                0x0000000000005ac4                __aeabi_d2iz
 .text.libc.__aeabi_i2d
                0x0000000000005b10       0x24 C:/Program Files/SEGGER/SEGGER Embedded Studio for ARM 7.10a/lib/libc_v7em_fpv4_sp_d16_hard_t_le_eabi_balanced.a(floatasmops_arm.o)
                0x0000000000005b10                __aeabi_i2d
 .text.libc.__SEGGER_RTL_ascii_mbtowc
                0x0000000000005b34       0x30 C:/Program Files/SEGGER/SEGGER Embedded Studio for ARM 7.10a/lib/libc_v7em_fpv4_sp_d16_hard_t_le_eabi_balanced.a(mbops.o)
                0x0000000000005b34                __SEGGER_RTL_ascii_mbtowc
 .text.libc.__SEGGER_RTL_ascii_wctomb
                0x0000000000005b64        0xe C:/Program Files/SEGGER/SEGGER Embedded Studio for ARM 7.10a/lib/libc_v7em_fpv4_sp_d16_hard_t_le_eabi_balanced.a(mbops.o)
                0x0000000000005b64                __SEGGER_RTL_ascii_wctomb
 .text.libc.__SEGGER_RTL_isctype
                0x0000000000005b72       0x20 C:/Program Files/SEGGER/SEGGER Embedded Studio for ARM 7.10a/lib/libc_v7em_fpv4_sp_d16_hard_t_le_eabi_balanced.a(mbops.o)
 .text.libc.isprint
                0x0000000000005b92        0x6 C:/Program Files/SEGGER/SEGGER Embedded Studio for ARM 7.10a/lib/libc_v7em_fpv4_sp_d16_hard_t_le_eabi_balanced.a(mbops.o)
                0x0000000000005b92                isprint
 .text.libc.__SEGGER_RTL_ascii_isctype
                0x0000000000005b98       0x20 C:/Program Files/SEGGER/SEGGER Embedded Studio for ARM 7.10a/lib/libc_v7em_fpv4_sp_d16_hard_t_le_eabi_balanced.a(mbops.o)
 .text.libc.__SEGGER_RTL_ascii_toupper
                0x0000000000005bb8        0xc C:/Program Files/SEGGER/SEGGER Embedded Studio for ARM 7.10a/lib/libc_v7em_fpv4_sp_d16_hard_t_le_eabi_balanced.a(mbops.o)
 .text.libc.__SEGGER_RTL_ascii_tolower
                0x0000000000005bc4        0xc C:/Program Files/SEGGER/SEGGER Embedded Studio for ARM 7.10a/lib/libc_v7em_fpv4_sp_d16_hard_t_le_eabi_balanced.a(mbops.o)
 .text.libc.__SEGGER_RTL_ascii_iswctype
                0x0000000000005bd0       0x20 C:/Program Files/SEGGER/SEGGER Embedded Studio for ARM 7.10a/lib/libc_v7em_fpv4_sp_d16_hard_t_le_eabi_balanced.a(mbops.o)
 .text.libc.__SEGGER_RTL_ascii_towupper
                0x0000000000005bf0        0xc C:/Program Files/SEGGER/SEGGER Embedded Studio for ARM 7.10a/lib/libc_v7em_fpv4_sp_d16_hard_t_le_eabi_balanced.a(mbops.o)
 .text.libc.__SEGGER_RTL_ascii_towlower
                0x0000000000005bfc        0xc C:/Program Files/SEGGER/SEGGER Embedded Studio for ARM 7.10a/lib/libc_v7em_fpv4_sp_d16_hard_t_le_eabi_balanced.a(mbops.o)
 .text.libc.strlen
                0x0000000000005c08       0x60 C:/Program Files/SEGGER/SEGGER Embedded Studio for ARM 7.10a/lib/libc_v7em_fpv4_sp_d16_hard_t_le_eabi_balanced.a(strasmops_arm.o)
                0x0000000000005c08                strlen
 .text.libc.memcpy
                0x0000000000005c68       0x64 C:/Program Files/SEGGER/SEGGER Embedded Studio for ARM 7.10a/lib/libc_v7em_fpv4_sp_d16_hard_t_le_eabi_balanced.a(strasmops_arm.o)
                0x0000000000005c68                __aeabi_memcpy
                0x0000000000005c68                memcpy
                0x0000000000005c8a                __aeabi_memcpy8
                0x0000000000005c8a                __aeabi_memcpy4
 .text.libc.__SEGGER_RTL_init_heap
                0x0000000000005ccc       0x14 C:/Program Files/SEGGER/SEGGER Embedded Studio for ARM 7.10a/lib/heapops_basic_v7em_fpv4_sp_d16_hard_t_le_eabi_balanced.a(heapops_basic.o)
                0x0000000000005ccc                __SEGGER_RTL_init_heap
                0x0000000000005ce0                __text_end__ = (__text_start__ + SIZEOF (.text))
                0x00000000000059f4                __text_size__ = SIZEOF (.text)
                0x0000000000005ce0                __text_load_end__ = __text_end__

.vfp11_veneer   0x0000000100000000        0x0
 .vfp11_veneer  0x0000000100000000        0x0 linker stubs

.v4_bx          0x0000000100000000        0x0
 .v4_bx         0x0000000100000000        0x0 linker stubs

.iplt           0x0000000100000000        0x0
 .iplt          0x0000000100000000        0x0 Output/Debug/Obj/saadc_pca10040/main.o
                0x0000000000000001                . = ASSERT (((__text_start__ == __text_end__) || ((__text_end__ - __FLASH_segment_start__) <= __FLASH_segment_size__)), error: .text is too large to fit in FLASH memory segment)
                0x0000000000005ce0                __pwr_mgmt_data_load_start__ = ALIGN (__text_end__, 0x4)

.pwr_mgmt_data  0x0000000000005ce0        0x0
                0x0000000000005ce0                __pwr_mgmt_data_start__ = .
                0x0000000000005ce0                __start_pwr_mgmt_data = __pwr_mgmt_data_start__
 *(SORT_BY_NAME(.pwr_mgmt_data*))
                0x0000000000005ce0                __pwr_mgmt_data_end__ = (__pwr_mgmt_data_start__ + SIZEOF (.pwr_mgmt_data))
                0x0000000000000000                __pwr_mgmt_data_size__ = SIZEOF (.pwr_mgmt_data)
                0x0000000000005ce0                __stop_pwr_mgmt_data = __pwr_mgmt_data_end__
                0x0000000000005ce0                __pwr_mgmt_data_load_end__ = __pwr_mgmt_data_end__
                0x0000000000000001                . = ASSERT (((__pwr_mgmt_data_start__ == __pwr_mgmt_data_end__) || ((__pwr_mgmt_data_end__ - __FLASH_segment_start__) <= __FLASH_segment_size__)), error: .pwr_mgmt_data is too large to fit in FLASH memory segment)
                0x0000000000005ce0                __log_const_data_load_start__ = ALIGN (__pwr_mgmt_data_end__, 0x4)

.log_const_data
                0x0000000000005ce0       0x40
                0x0000000000005ce0                __log_const_data_start__ = .
                0x0000000000005ce0                __start_log_const_data = __log_const_data_start__
 *(SORT_BY_NAME(.log_const_data*))
 .log_const_data_PRS
                0x0000000000005ce0        0x8 Output/Debug/Obj/saadc_pca10040/nrfx_prs.o
                0x0000000000005ce0                m_nrf_log_PRS_logs_data_const
 .log_const_data_SAADC
                0x0000000000005ce8        0x8 Output/Debug/Obj/saadc_pca10040/nrfx_saadc.o
                0x0000000000005ce8                m_nrf_log_SAADC_logs_data_const
 .log_const_data_TIMER
                0x0000000000005cf0        0x8 Output/Debug/Obj/saadc_pca10040/nrfx_timer.o
                0x0000000000005cf0                m_nrf_log_TIMER_logs_data_const
 .log_const_data_UART
                0x0000000000005cf8        0x8 Output/Debug/Obj/saadc_pca10040/nrfx_uart.o
                0x0000000000005cf8                m_nrf_log_UART_logs_data_const
 .log_const_data_UARTE
                0x0000000000005d00        0x8 Output/Debug/Obj/saadc_pca10040/nrfx_uarte.o
                0x0000000000005d00                m_nrf_log_UARTE_logs_data_const
 .log_const_data_app
                0x0000000000005d08        0x8 Output/Debug/Obj/saadc_pca10040/nrf_log_frontend.o
                0x0000000000005d08                m_nrf_log_app_logs_data_const
 .log_const_data_balloc_log_mempool
                0x0000000000005d10        0x8 Output/Debug/Obj/saadc_pca10040/nrf_log_frontend.o
                0x0000000000005d10                m_nrf_log_balloc_log_mempool_logs_data_const
 .log_const_data_pwr_mgmt
                0x0000000000005d18        0x8 Output/Debug/Obj/saadc_pca10040/nrf_pwr_mgmt.o
                0x0000000000005d18                m_nrf_log_pwr_mgmt_logs_data_const
                0x0000000000005d20                __log_const_data_end__ = (__log_const_data_start__ + SIZEOF (.log_const_data))
                0x0000000000000040                __log_const_data_size__ = SIZEOF (.log_const_data)
                0x0000000000005d20                __stop_log_const_data = __log_const_data_end__
                0x0000000000005d20                __log_const_data_load_end__ = __log_const_data_end__
                0x0000000000000001                . = ASSERT (((__log_const_data_start__ == __log_const_data_end__) || ((__log_const_data_end__ - __FLASH_segment_start__) <= __FLASH_segment_size__)), error: .log_const_data is too large to fit in FLASH memory segment)
                0x0000000000005d20                __nrf_balloc_load_start__ = ALIGN (__log_const_data_end__, 0x4)

.nrf_balloc     0x0000000000005d20       0x18
                0x0000000000005d20                __nrf_balloc_start__ = .
                0x0000000000005d20                __start_nrf_balloc = __nrf_balloc_start__
 *(.nrf_balloc*)
 .nrf_balloc    0x0000000000005d20       0x18 Output/Debug/Obj/saadc_pca10040/nrf_log_frontend.o
                0x0000000000005d20                log_mempool
                0x0000000000005d38                __nrf_balloc_end__ = (__nrf_balloc_start__ + SIZEOF (.nrf_balloc))
                0x0000000000000018                __nrf_balloc_size__ = SIZEOF (.nrf_balloc)
                0x0000000000005d38                __stop_nrf_balloc = __nrf_balloc_end__
                0x0000000000005d38                __nrf_balloc_load_end__ = __nrf_balloc_end__
                0x0000000000000001                . = ASSERT (((__nrf_balloc_start__ == __nrf_balloc_end__) || ((__nrf_balloc_end__ - __FLASH_segment_start__) <= __FLASH_segment_size__)), error: .nrf_balloc is too large to fit in FLASH memory segment)
                0x0000000000005d38                __nrf_sections_load_start__ = ALIGN (__nrf_balloc_end__, 0x4)

.nrf_sections   0x0000000000005d38        0x0
                0x0000000000005d38                __nrf_sections_start__ = .
                0x0000000000005d38                __start_nrf_sections = __nrf_sections_start__
 *(.nrf_sections .nrf_sections.*)
                0x0000000000005d38                __nrf_sections_end__ = (__nrf_sections_start__ + SIZEOF (.nrf_sections))
                0x0000000000000000                __nrf_sections_size__ = SIZEOF (.nrf_sections)
                0x0000000000005d38                __nrf_sections_load_end__ = __nrf_sections_end__
                0x0000000000000001                . = ASSERT (((__nrf_sections_start__ == __nrf_sections_end__) || ((__nrf_sections_end__ - __FLASH_segment_start__) <= __FLASH_segment_size__)), error: .nrf_sections is too large to fit in FLASH memory segment)
                0x0000000000005d38                __log_dynamic_data_load_start__ = ALIGN (__nrf_sections_end__, 0x4)

.log_dynamic_data
                0x0000000020000000       0x20 load address 0x0000000000005d38
                0x0000000020000000                __log_dynamic_data_start__ = .
 *(SORT_BY_NAME(.log_dynamic_data*))
 .log_dynamic_data_PRS
                0x0000000020000000        0x4 Output/Debug/Obj/saadc_pca10040/nrfx_prs.o
                0x0000000020000000                m_nrf_log_PRS_logs_data_dynamic
 .log_dynamic_data_SAADC
                0x0000000020000004        0x4 Output/Debug/Obj/saadc_pca10040/nrfx_saadc.o
                0x0000000020000004                m_nrf_log_SAADC_logs_data_dynamic
 .log_dynamic_data_TIMER
                0x0000000020000008        0x4 Output/Debug/Obj/saadc_pca10040/nrfx_timer.o
                0x0000000020000008                m_nrf_log_TIMER_logs_data_dynamic
 .log_dynamic_data_UART
                0x000000002000000c        0x4 Output/Debug/Obj/saadc_pca10040/nrfx_uart.o
                0x000000002000000c                m_nrf_log_UART_logs_data_dynamic
 .log_dynamic_data_UARTE
                0x0000000020000010        0x4 Output/Debug/Obj/saadc_pca10040/nrfx_uarte.o
                0x0000000020000010                m_nrf_log_UARTE_logs_data_dynamic
 .log_dynamic_data_app
                0x0000000020000014        0x4 Output/Debug/Obj/saadc_pca10040/nrf_log_frontend.o
                0x0000000020000014                m_nrf_log_app_logs_data_dynamic
 .log_dynamic_data_balloc_log_mempool
                0x0000000020000018        0x4 Output/Debug/Obj/saadc_pca10040/nrf_log_frontend.o
                0x0000000020000018                m_nrf_log_balloc_log_mempool_logs_data_dynamic
 .log_dynamic_data_pwr_mgmt
                0x000000002000001c        0x4 Output/Debug/Obj/saadc_pca10040/nrf_pwr_mgmt.o
                0x000000002000001c                m_nrf_log_pwr_mgmt_logs_data_dynamic
                0x0000000020000020                __log_dynamic_data_end__ = (__log_dynamic_data_start__ + SIZEOF (.log_dynamic_data))
                0x0000000000000020                __log_dynamic_data_size__ = SIZEOF (.log_dynamic_data)
                0x0000000000005d58                __log_dynamic_data_load_end__ = (__log_dynamic_data_load_start__ + SIZEOF (.log_dynamic_data))
                0x0000000000000001                . = ASSERT (((__log_dynamic_data_load_start__ == __log_dynamic_data_load_end__) || ((__log_dynamic_data_load_end__ - __FLASH_segment_start__) <= __FLASH_segment_size__)), error: .log_dynamic_data is too large to fit in FLASH memory segment)

.log_dynamic_data_run
                0x0000000020000000        0x0
                0x0000000020000000                __log_dynamic_data_run_start__ = .
                0x0000000020000000                __start_log_dynamic_data = __log_dynamic_data_run_start__
                0x0000000020000020                __log_dynamic_data_run_end__ = (__log_dynamic_data_run_start__ + SIZEOF (.log_dynamic_data))
                0x0000000000000020                __log_dynamic_data_run_size__ = (__log_dynamic_data_run_end__ - __log_dynamic_data_run_start__)
                0x0000000020000020                __stop_log_dynamic_data = __log_dynamic_data_run_end__
                0x0000000020000020                __log_dynamic_data_run_load_end__ = __log_dynamic_data_run_end__
                0x0000000000000001                . = ASSERT (((__log_dynamic_data_run_start__ == __log_dynamic_data_run_end__) || ((__log_dynamic_data_run_end__ - __RAM_segment_start__) <= __RAM_segment_size__)), error: .log_dynamic_data_run is too large to fit in RAM memory segment)
                0x0000000020000020                __nrf_sections_run_end_load_start__ = ALIGN (__log_dynamic_data_run_end__, 0x4)

.nrf_sections_run_end
                0x0000000020000020        0x0
                0x0000000020000020                __nrf_sections_run_end_start__ = .
                0x0000000020000020                __end_nrf_sections_run = __nrf_sections_run_end_start__
 *(.nrf_sections_run_end .nrf_sections_run_end.*)
                0x0000000020000020                __nrf_sections_run_end_end__ = (__nrf_sections_run_end_start__ + SIZEOF (.nrf_sections_run_end))
                0x0000000000000000                __nrf_sections_run_end_size__ = SIZEOF (.nrf_sections_run_end)
                0x0000000020000020                __nrf_sections_run_end_load_end__ = __nrf_sections_run_end_end__
                0x0000000000000001                . = ASSERT (((__nrf_sections_run_end_start__ == __nrf_sections_run_end_end__) || ((__nrf_sections_run_end_end__ - __RAM_segment_start__) <= __RAM_segment_size__)), error: .nrf_sections_run_end is too large to fit in RAM memory segment)
                0x0000000000005d58                __dtors_load_start__ = ALIGN ((__log_dynamic_data_load_start__ + SIZEOF (.log_dynamic_data)), 0x4)

.dtors          0x0000000000005d58        0x0
                0x0000000000005d58                __dtors_start__ = .
 *(SORT_BY_NAME(.dtors.*))
 *(.dtors)
 *(.fini_array)
 *(SORT_BY_NAME(.fini_array.*))
                0x0000000000005d58                __dtors_end__ = (__dtors_start__ + SIZEOF (.dtors))
                0x0000000000000000                __dtors_size__ = SIZEOF (.dtors)
                0x0000000000005d58                __dtors_load_end__ = __dtors_end__
                0x0000000000000001                . = ASSERT (((__dtors_start__ == __dtors_end__) || ((__dtors_end__ - __FLASH_segment_start__) <= __FLASH_segment_size__)), error: .dtors is too large to fit in FLASH memory segment)
                0x0000000000005d58                __ctors_load_start__ = ALIGN (__dtors_end__, 0x4)

.ctors          0x0000000000005d58        0x0
                0x0000000000005d58                __ctors_start__ = .
 *(SORT_BY_NAME(.ctors.*))
 *(.ctors)
 *(.init_array)
 *(SORT_BY_NAME(.init_array.*))
                0x0000000000005d58                __ctors_end__ = (__ctors_start__ + SIZEOF (.ctors))
                0x0000000000000000                __ctors_size__ = SIZEOF (.ctors)
                0x0000000000005d58                __ctors_load_end__ = __ctors_end__
                0x0000000000000001                . = ASSERT (((__ctors_start__ == __ctors_end__) || ((__ctors_end__ - __FLASH_segment_start__) <= __FLASH_segment_size__)), error: .ctors is too large to fit in FLASH memory segment)
                0x0000000000005d58                __rodata_load_start__ = ALIGN (__ctors_end__, 0x4)

.rodata         0x0000000000005d58     0x130d
                0x0000000000005d58                __rodata_start__ = .
 *(.rodata .rodata.* .gnu.linkonce.r.*)
 .rodata        0x0000000000005d58       0xcf Output/Debug/Obj/saadc_pca10040/main.o
 *fill*         0x0000000000005e27        0x1 
 .rodata.default_config.1
                0x0000000000005e28        0x4 Output/Debug/Obj/saadc_pca10040/main.o
 *fill*         0x0000000000005e2c        0x4 
 .rodata.delay_bytecode.0
                0x0000000000005e30        0x6 Output/Debug/Obj/saadc_pca10040/main.o
 *fill*         0x0000000000005e36        0x2 
 .rodata        0x0000000000005e38       0x86 Output/Debug/Obj/saadc_pca10040/nrfx_prs.o
 *fill*         0x0000000000005ebe        0x2 
 .rodata        0x0000000000005ec0       0xe8 Output/Debug/Obj/saadc_pca10040/nrfx_saadc.o
 *fill*         0x0000000000005fa8        0x8 
 .rodata.delay_bytecode.0
                0x0000000000005fb0        0x6 Output/Debug/Obj/saadc_pca10040/nrfx_saadc.o
 *fill*         0x0000000000005fb6        0x2 
 .rodata        0x0000000000005fb8       0xb8 Output/Debug/Obj/saadc_pca10040/nrfx_timer.o
 .rodata        0x0000000000006070       0xe7 Output/Debug/Obj/saadc_pca10040/nrfx_uart.o
 *fill*         0x0000000000006157        0x1 
 .rodata.irq_handlers.0
                0x0000000000006158        0x4 Output/Debug/Obj/saadc_pca10040/nrfx_uart.o
 .rodata        0x000000000000615c       0xe8 Output/Debug/Obj/saadc_pca10040/nrfx_uarte.o
 .rodata.irq_handlers.0
                0x0000000000006244        0x4 Output/Debug/Obj/saadc_pca10040/nrfx_uarte.o
 .rodata        0x0000000000006248       0x70 Output/Debug/Obj/saadc_pca10040/app_error_weak.o
 .rodata        0x00000000000062b8       0x88 Output/Debug/Obj/saadc_pca10040/app_util_platform.o
 .rodata        0x0000000000006340       0x83 Output/Debug/Obj/saadc_pca10040/nrf_balloc.o
 *fill*         0x00000000000063c3        0x1 
 .rodata        0x00000000000063c4       0x79 Output/Debug/Obj/saadc_pca10040/nrf_fprintf.o
 *fill*         0x000000000000643d        0x3 
 .rodata        0x0000000000006440       0x80 Output/Debug/Obj/saadc_pca10040/nrf_fprintf_format.o
 .rodata._aV2C.0
                0x00000000000064c0       0x10 Output/Debug/Obj/saadc_pca10040/nrf_fprintf_format.o
 .rodata        0x00000000000064d0       0x90 Output/Debug/Obj/saadc_pca10040/nrf_memobj.o
 .rodata        0x0000000000006560      0x11f Output/Debug/Obj/saadc_pca10040/nrf_pwr_mgmt.o
 *fill*         0x000000000000667f        0x1 
 .rodata.m_unknown_str
                0x0000000000006680       0x13 Output/Debug/Obj/saadc_pca10040/nrf_strerror.o
 *fill*         0x0000000000006693        0x1 
 .rodata        0x0000000000006694      0x3bd Output/Debug/Obj/saadc_pca10040/nrf_strerror.o
 *fill*         0x0000000000006a51        0x3 
 .rodata.nrf_strerror_array
                0x0000000000006a54      0x118 Output/Debug/Obj/saadc_pca10040/nrf_strerror.o
 .rodata        0x0000000000006b6c       0xbc Output/Debug/Obj/saadc_pca10040/nrf_log_backend_uart.o
 .rodata.nrf_log_backend_uart_api
                0x0000000000006c28        0xc Output/Debug/Obj/saadc_pca10040/nrf_log_backend_uart.o
                0x0000000000006c28                nrf_log_backend_uart_api
 .rodata        0x0000000000006c34       0x9f Output/Debug/Obj/saadc_pca10040/nrf_log_default_backends.o
 *fill*         0x0000000000006cd3        0x1 
 .rodata        0x0000000000006cd4       0xc1 Output/Debug/Obj/saadc_pca10040/nrf_log_frontend.o
 *fill*         0x0000000000006d95        0x3 
 .rodata        0x0000000000006d98       0xaa Output/Debug/Obj/saadc_pca10040/nrf_log_str_formatter.o
 *fill*         0x0000000000006e42        0x2 
 .rodata.libc.__SEGGER_RTL_c_locale
                0x0000000000006e44        0xc C:/Program Files/SEGGER/SEGGER Embedded Studio for ARM 7.10a/lib/libc_v7em_fpv4_sp_d16_hard_t_le_eabi_balanced.a(mbops.o)
                0x0000000000006e44                __SEGGER_RTL_c_locale
 .rodata.libc..L.str
                0x0000000000006e50        0x2 C:/Program Files/SEGGER/SEGGER Embedded Studio for ARM 7.10a/lib/libc_v7em_fpv4_sp_d16_hard_t_le_eabi_balanced.a(mbops.o)
 *fill*         0x0000000000006e52        0x2 
 .rodata.libc.__SEGGER_RTL_codeset_ascii
                0x0000000000006e54       0x20 C:/Program Files/SEGGER/SEGGER Embedded Studio for ARM 7.10a/lib/libc_v7em_fpv4_sp_d16_hard_t_le_eabi_balanced.a(mbops.o)
                0x0000000000006e54                __SEGGER_RTL_codeset_ascii
 .rodata.libc.__SEGGER_RTL_c_locale_abbrev_day_names
                0x0000000000006e74       0x1d C:/Program Files/SEGGER/SEGGER Embedded Studio for ARM 7.10a/lib/libc_v7em_fpv4_sp_d16_hard_t_le_eabi_balanced.a(mbops.o)
                0x0000000000006e74                __SEGGER_RTL_c_locale_abbrev_day_names
 .rodata.libc.__SEGGER_RTL_c_locale_abbrev_month_names
                0x0000000000006e91       0x31 C:/Program Files/SEGGER/SEGGER Embedded Studio for ARM 7.10a/lib/libc_v7em_fpv4_sp_d16_hard_t_le_eabi_balanced.a(mbops.o)
                0x0000000000006e91                __SEGGER_RTL_c_locale_abbrev_month_names
 .rodata.libc.__SEGGER_RTL_data_utf8_period
                0x0000000000006ec2        0x2 C:/Program Files/SEGGER/SEGGER Embedded Studio for ARM 7.10a/lib/libc_v7em_fpv4_sp_d16_hard_t_le_eabi_balanced.a(mbops.o)
                0x0000000000006ec2                __SEGGER_RTL_data_utf8_period
 .rodata.libc.__SEGGER_RTL_data_empty_string
                0x0000000000006ec4        0x1 C:/Program Files/SEGGER/SEGGER Embedded Studio for ARM 7.10a/lib/libc_v7em_fpv4_sp_d16_hard_t_le_eabi_balanced.a(mbops.o)
                0x0000000000006ec4                __SEGGER_RTL_data_empty_string
 .rodata.libc.__SEGGER_RTL_c_locale_day_names
                0x0000000000006ec5       0x3a C:/Program Files/SEGGER/SEGGER Embedded Studio for ARM 7.10a/lib/libc_v7em_fpv4_sp_d16_hard_t_le_eabi_balanced.a(mbops.o)
 .rodata.libc.__SEGGER_RTL_c_locale_month_names
                0x0000000000006eff       0x57 C:/Program Files/SEGGER/SEGGER Embedded Studio for ARM 7.10a/lib/libc_v7em_fpv4_sp_d16_hard_t_le_eabi_balanced.a(mbops.o)
 .rodata.libc.__SEGGER_RTL_c_locale_am_pm_indicator
                0x0000000000006f56        0x7 C:/Program Files/SEGGER/SEGGER Embedded Studio for ARM 7.10a/lib/libc_v7em_fpv4_sp_d16_hard_t_le_eabi_balanced.a(mbops.o)
 .rodata.libc.__SEGGER_RTL_c_locale_date_format
                0x0000000000006f5d        0x9 C:/Program Files/SEGGER/SEGGER Embedded Studio for ARM 7.10a/lib/libc_v7em_fpv4_sp_d16_hard_t_le_eabi_balanced.a(mbops.o)
 .rodata.libc.__SEGGER_RTL_c_locale_time_format
                0x0000000000006f66        0x9 C:/Program Files/SEGGER/SEGGER Embedded Studio for ARM 7.10a/lib/libc_v7em_fpv4_sp_d16_hard_t_le_eabi_balanced.a(mbops.o)
 .rodata.libc.__SEGGER_RTL_c_locale_date_time_format
                0x0000000000006f6f        0xf C:/Program Files/SEGGER/SEGGER Embedded Studio for ARM 7.10a/lib/libc_v7em_fpv4_sp_d16_hard_t_le_eabi_balanced.a(mbops.o)
 *fill*         0x0000000000006f7e        0x2 
 .rodata.libc.__SEGGER_RTL_c_locale_data
                0x0000000000006f80       0x58 C:/Program Files/SEGGER/SEGGER Embedded Studio for ARM 7.10a/lib/libc_v7em_fpv4_sp_d16_hard_t_le_eabi_balanced.a(mbops.o)
                0x0000000000006f80                __SEGGER_RTL_c_locale_data
 .rodata.libc.__SEGGER_RTL_ascii_ctype_map
                0x0000000000006fd8       0x80 C:/Program Files/SEGGER/SEGGER Embedded Studio for ARM 7.10a/lib/libc_v7em_fpv4_sp_d16_hard_t_le_eabi_balanced.a(mbops.o)
 .rodata.libc.__SEGGER_RTL_ascii_ctype_mask
                0x0000000000007058        0xd C:/Program Files/SEGGER/SEGGER Embedded Studio for ARM 7.10a/lib/libc_v7em_fpv4_sp_d16_hard_t_le_eabi_balanced.a(mbops.o)
                0x0000000000007065                __rodata_end__ = (__rodata_start__ + SIZEOF (.rodata))
                0x000000000000130d                __rodata_size__ = SIZEOF (.rodata)
                0x0000000000007065                __rodata_load_end__ = __rodata_end__

.rel.dyn        0x0000000000007068        0x0
 .rel.iplt      0x0000000000007068        0x0 Output/Debug/Obj/saadc_pca10040/main.o
                0x0000000000000001                . = ASSERT (((__rodata_start__ == __rodata_end__) || ((__rodata_end__ - __FLASH_segment_start__) <= __FLASH_segment_size__)), error: .rodata is too large to fit in FLASH memory segment)
                0x0000000000007068                __ARM.exidx_load_start__ = ALIGN (__rodata_end__, 0x4)

.ARM.exidx      0x0000000000007068        0x0
                0x0000000000007068                __ARM.exidx_start__ = .
                0x0000000000007068                __exidx_start = __ARM.exidx_start__
 *(.ARM.exidx .ARM.exidx.*)
                0x0000000000007068                __ARM.exidx_end__ = (__ARM.exidx_start__ + SIZEOF (.ARM.exidx))
                0x0000000000000000                __ARM.exidx_size__ = SIZEOF (.ARM.exidx)
                0x0000000000007068                __exidx_end = __ARM.exidx_end__
                0x0000000000007068                __ARM.exidx_load_end__ = __ARM.exidx_end__
                0x0000000000000001                . = ASSERT (((__ARM.exidx_start__ == __ARM.exidx_end__) || ((__ARM.exidx_end__ - __FLASH_segment_start__) <= __FLASH_segment_size__)), error: .ARM.exidx is too large to fit in FLASH memory segment)
                0x0000000000007068                __fast_load_start__ = ALIGN (__ARM.exidx_end__, 0x4)

.fast           0x0000000020000020        0x0 load address 0x0000000000007068
                0x0000000020000020                __fast_start__ = .
 *(.fast .fast.*)
                0x0000000020000020                __fast_end__ = (__fast_start__ + SIZEOF (.fast))
                0x0000000000000000                __fast_size__ = SIZEOF (.fast)
                0x0000000000007068                __fast_load_end__ = (__fast_load_start__ + SIZEOF (.fast))
                0x0000000000000001                . = ASSERT (((__fast_load_start__ == __fast_load_end__) || ((__fast_load_end__ - __FLASH_segment_start__) <= __FLASH_segment_size__)), error: .fast is too large to fit in FLASH memory segment)

.fast_run       0x0000000020000020        0x0
                0x0000000020000020                __fast_run_start__ = .
                0x0000000020000020                __fast_run_end__ = (__fast_run_start__ + SIZEOF (.fast))
                0x0000000000000000                __fast_run_size__ = (__fast_run_end__ - __fast_run_start__)
                0x0000000020000020                __fast_run_load_end__ = __fast_run_end__
                0x0000000000000001                . = ASSERT (((__fast_run_start__ == __fast_run_end__) || ((__fast_run_end__ - __RAM_segment_start__) <= __RAM_segment_size__)), error: .fast_run is too large to fit in RAM memory segment)
                0x0000000000007068                __data_load_start__ = ALIGN ((__fast_load_start__ + SIZEOF (.fast)), 0x4)

.data           0x0000000020000020       0x70 load address 0x0000000000007068
                0x0000000020000020                __data_start__ = .
 *(.data .data.* .gnu.linkonce.d.*)
 .data.SystemCoreClock
                0x0000000020000020        0x4 Output/Debug/Obj/saadc_pca10040/system_nrf52.o
                0x0000000020000020                SystemCoreClock
 .data.m_uart   0x0000000020000024       0x14 Output/Debug/Obj/saadc_pca10040/nrf_log_backend_uart.o
                0x0000000020000024                m_uart
 .data.uart_log_backend
                0x0000000020000038        0xc Output/Debug/Obj/saadc_pca10040/nrf_log_default_backends.o
 .data.severity_names
                0x0000000020000044       0x14 Output/Debug/Obj/saadc_pca10040/nrf_log_str_formatter.o
 .data.m_colors
                0x0000000020000058       0x24 Output/Debug/Obj/saadc_pca10040/nrf_log_str_formatter.o
 .data.libc.__SEGGER_RTL_global_locale
                0x000000002000007c       0x14 C:/Program Files/SEGGER/SEGGER Embedded Studio for ARM 7.10a/lib/libc_v7em_fpv4_sp_d16_hard_t_le_eabi_balanced.a(mbops.o)
                0x000000002000007c                __SEGGER_RTL_global_locale
                0x000000002000007c                __RAL_global_locale
                0x0000000020000090                __data_end__ = (__data_start__ + SIZEOF (.data))
                0x0000000000000070                __data_size__ = SIZEOF (.data)
                0x00000000000070d8                __data_load_end__ = (__data_load_start__ + SIZEOF (.data))

.igot.plt       0x0000000100000000        0x0
 .igot.plt      0x0000000100000000        0x0 Output/Debug/Obj/saadc_pca10040/main.o
                0x0000000000000001                . = ASSERT (((__data_load_start__ == __data_load_end__) || ((__data_load_end__ - __FLASH_segment_start__) <= __FLASH_segment_size__)), error: .data is too large to fit in FLASH memory segment)

.data_run       0x0000000020000020        0x0
                0x0000000020000020                __data_run_start__ = .
                0x0000000020000090                __data_run_end__ = (__data_run_start__ + SIZEOF (.data))
                0x0000000000000070                __data_run_size__ = (__data_run_end__ - __data_run_start__)
                0x0000000020000090                __data_run_load_end__ = __data_run_end__
                0x0000000000000001                . = ASSERT (((__data_run_start__ == __data_run_end__) || ((__data_run_end__ - __RAM_segment_start__) <= __RAM_segment_size__)), error: .data_run is too large to fit in RAM memory segment)
                0x00000000000070d8                __tdata_load_start__ = ALIGN ((__data_load_start__ + SIZEOF (.data)), 0x4)

.tdata          0x0000000020000090        0x0 load address 0x00000000000070d8
                0x0000000020000090                __tdata_start__ = .
 *(.tdata .tdata.*)
                0x0000000020000090                __tdata_end__ = (__tdata_start__ + SIZEOF (.tdata))
                0x0000000000000000                __tdata_size__ = SIZEOF (.tdata)
                0x00000000000070d8                __tdata_load_end__ = (__tdata_load_start__ + SIZEOF (.tdata))
                0x00000000000070d8                __FLASH_segment_used_end__ = (ALIGN ((__data_load_start__ + SIZEOF (.data)), 0x4) + SIZEOF (.tdata))
                0x00000000000070d8                __FLASH_segment_used_size__ = (__FLASH_segment_used_end__ - __FLASH_segment_start__)
                0x0000000000000001                . = ASSERT (((__tdata_load_start__ == __tdata_load_end__) || ((__tdata_load_end__ - __FLASH_segment_start__) <= __FLASH_segment_size__)), error: .tdata is too large to fit in FLASH memory segment)

.tdata_run      0x0000000020000090        0x0
                0x0000000020000090                __tdata_run_start__ = .
                0x0000000020000090                __tdata_run_end__ = (__tdata_run_start__ + SIZEOF (.tdata))
                0x0000000000000000                __tdata_run_size__ = (__tdata_run_end__ - __tdata_run_start__)
                0x0000000020000090                __tdata_run_load_end__ = __tdata_run_end__
                0x0000000000000001                . = ASSERT (((__tdata_run_start__ == __tdata_run_end__) || ((__tdata_run_end__ - __RAM_segment_start__) <= __RAM_segment_size__)), error: .tdata_run is too large to fit in RAM memory segment)
                0x0000000020000090                __bss_load_start__ = ALIGN (__tdata_run_end__, 0x4)

.bss            0x0000000020000090      0x604
                0x0000000020000090                __bss_start__ = .
 *(.bss .bss.* .gnu.linkonce.b.*)
 .bss.m_handlers
                0x0000000020000090        0x4 Output/Debug/Obj/saadc_pca10040/nrf_drv_uart.o
 .bss.m_contexts
                0x0000000020000094        0x4 Output/Debug/Obj/saadc_pca10040/nrf_drv_uart.o
 .bss.nrf_drv_uart_use_easy_dma
                0x0000000020000098        0x1 Output/Debug/Obj/saadc_pca10040/nrf_drv_uart.o
                0x0000000020000098                nrf_drv_uart_use_easy_dma
 *fill*         0x0000000020000099        0x3 
 .bss.m_prs_box_4
                0x000000002000009c        0x8 Output/Debug/Obj/saadc_pca10040/nrfx_prs.o
 .bss.m_cb      0x00000000200000a4       0x30 Output/Debug/Obj/saadc_pca10040/nrfx_saadc.o
 .bss.m_cb      0x00000000200000d4        0xc Output/Debug/Obj/saadc_pca10040/nrfx_timer.o
 .bss.m_cb      0x00000000200000e0       0x2c Output/Debug/Obj/saadc_pca10040/nrfx_uart.o
 .bss.m_cb      0x000000002000010c       0x24 Output/Debug/Obj/saadc_pca10040/nrfx_uarte.o
 .bss.m_error_data.0
                0x0000000020000130       0x20 Output/Debug/Obj/saadc_pca10040/app_error.o
 .bss.m_in_critical_region
                0x0000000020000150        0x4 Output/Debug/Obj/saadc_pca10040/app_util_platform.o
 .bss.m_string_buff
                0x0000000020000154       0x40 Output/Debug/Obj/saadc_pca10040/nrf_log_backend_uart.o
 .bss.m_xfer_done
                0x0000000020000194        0x1 Output/Debug/Obj/saadc_pca10040/nrf_log_backend_uart.o
 .bss.m_async_mode
                0x0000000020000195        0x1 Output/Debug/Obj/saadc_pca10040/nrf_log_backend_uart.o
 *fill*         0x0000000020000196        0x2 
 .bss.log_mempool_nrf_balloc_pool_stack
                0x0000000020000198        0x8 Output/Debug/Obj/saadc_pca10040/nrf_log_frontend.o
 .bss.log_mempool_nrf_balloc_pool_mem
                0x00000000200001a0       0xc0 Output/Debug/Obj/saadc_pca10040/nrf_log_frontend.o
 .bss.log_mempool_nrf_balloc_cb
                0x0000000020000260        0x8 Output/Debug/Obj/saadc_pca10040/nrf_log_frontend.o
 .bss.m_log_data
                0x0000000020000268      0x424 Output/Debug/Obj/saadc_pca10040/nrf_log_frontend.o
 .bss.libc.__SEGGER_RTL_locale_ptr
                0x000000002000068c        0x4 C:/Program Files/SEGGER/SEGGER Embedded Studio for ARM 7.10a/lib/libc_v7em_fpv4_sp_d16_hard_t_le_eabi_balanced.a(mbops.o)
                0x000000002000068c                __SEGGER_RTL_locale_ptr
 .bss.libc.__SEGGER_RTL_heap_globals
                0x0000000020000690        0x4 C:/Program Files/SEGGER/SEGGER Embedded Studio for ARM 7.10a/lib/heapops_basic_v7em_fpv4_sp_d16_hard_t_le_eabi_balanced.a(heapops_basic.o)
 *(COMMON)
                0x0000000020000694                __bss_end__ = (__bss_start__ + SIZEOF (.bss))
                0x0000000000000604                __bss_size__ = SIZEOF (.bss)
                0x0000000020000694                __bss_load_end__ = __bss_end__
                0x0000000000000001                . = ASSERT (((__bss_start__ == __bss_end__) || ((__bss_end__ - __RAM_segment_start__) <= __RAM_segment_size__)), error: .bss is too large to fit in RAM memory segment)
                0x0000000020000694                __tbss_load_start__ = ALIGN (__bss_end__, 0x4)

.tbss           0x0000000020000694        0x0
                0x0000000020000694                __tbss_start__ = .
 *(.tbss .tbss.*)
                0x0000000020000694                __tbss_end__ = (__tbss_start__ + SIZEOF (.tbss))
                0x0000000000000000                __tbss_size__ = SIZEOF (.tbss)
                0x0000000020000694                __tbss_load_end__ = __tbss_end__
                0x0000000000000001                . = ASSERT (((__tbss_start__ == __tbss_end__) || ((__tbss_end__ - __RAM_segment_start__) <= __RAM_segment_size__)), error: .tbss is too large to fit in RAM memory segment)
                0x0000000020000694                __non_init_load_start__ = ALIGN (__tbss_end__, 0x4)

.non_init       0x0000000020000694        0x0
                0x0000000020000694                __non_init_start__ = .
 *(.non_init .non_init.*)
                0x0000000020000694                __non_init_end__ = (__non_init_start__ + SIZEOF (.non_init))
                0x0000000000000000                __non_init_size__ = SIZEOF (.non_init)
                0x0000000020000694                __non_init_load_end__ = __non_init_end__
                0x0000000000000001                . = ASSERT (((__non_init_start__ == __non_init_end__) || ((__non_init_end__ - __RAM_segment_start__) <= __RAM_segment_size__)), error: .non_init is too large to fit in RAM memory segment)
                0x0000000020000694                __heap_load_start__ = ALIGN (__non_init_end__, 0x4)

.heap           0x0000000020000694     0x2000
                0x0000000020000694                __heap_start__ = .
 *(.heap .heap.*)
                0x0000000020002694                . = ALIGN (MAX ((__heap_start__ + __HEAPSIZE__), .), 0x4)
 *fill*         0x0000000020000694     0x2000 
                0x0000000020002694                __heap_end__ = (__heap_start__ + SIZEOF (.heap))
                0x0000000000002000                __heap_size__ = SIZEOF (.heap)
                0x0000000020002694                __heap_load_end__ = __heap_end__
                0x0000000000000001                . = ASSERT (((__heap_start__ == __heap_end__) || ((__heap_end__ - __RAM_segment_start__) <= __RAM_segment_size__)), error: .heap is too large to fit in RAM memory segment)
                0x0000000000000001                . = ASSERT ((__heap_size__ <= __HEAPSIZE__), error: .heap is larger than specified size)
                0x000000002000e000                __stack_load_start__ = (__RAM_segment_start__ + (__RAM_segment_size__ - 0x2000))

.stack          0x000000002000e000     0x2000
                0x000000002000e000                __stack_start__ = .
                0x000000002000e000                __StackLimit = __stack_start__
 *(.stack .stack.*)
                0x0000000020010000                . = ALIGN (MAX ((__stack_start__ + __STACKSIZE__), .), 0x8)
 *fill*         0x000000002000e000     0x2000 
                0x0000000020010000                __stack_end__ = (__stack_start__ + SIZEOF (.stack))
                0x0000000000002000                __stack_size__ = SIZEOF (.stack)
                0x0000000020010000                __StackTop = __stack_end__
                0x0000000020010000                __stack_load_end__ = __stack_end__
                0x0000000000000001                . = ASSERT (((__stack_start__ == __stack_end__) || ((__stack_end__ - __RAM_segment_start__) <= __RAM_segment_size__)), error: .stack is too large to fit in RAM memory segment)
                0x0000000000000001                . = ASSERT ((__heap_end__ <= __stack_start__), error: section .heap overlaps absolute placed section .stack)
                0x0000000000000001                . = ASSERT ((__stack_size__ <= __STACKSIZE__), error: .stack is larger than specified size)
                0x0000000020010000                __stack_process_load_start__ = ALIGN (__stack_end__, 0x8)

.stack_process  0x0000000020010000        0x0
                0x0000000020010000                __stack_process_start__ = .
 *(.stack_process .stack_process.*)
                0x0000000020010000                . = ALIGN (MAX ((__stack_process_start__ + __STACKSIZE_PROCESS__), .), 0x8)
                0x0000000020010000                __stack_process_end__ = (__stack_process_start__ + SIZEOF (.stack_process))
                0x0000000000000000                __stack_process_size__ = SIZEOF (.stack_process)
                0x0000000020010000                __stack_process_load_end__ = __stack_process_end__
                0x0000000020010000                __RAM_segment_used_end__ = (ALIGN (__stack_end__, 0x8) + SIZEOF (.stack_process))
                0x0000000000010000                __RAM_segment_used_size__ = (__RAM_segment_used_end__ - __RAM_segment_start__)
                0x0000000000000001                . = ASSERT (((__stack_process_start__ == __stack_process_end__) || ((__stack_process_end__ - __RAM_segment_start__) <= __RAM_segment_size__)), error: .stack_process is too large to fit in RAM memory segment)
                0x0000000000000001                . = ASSERT ((__stack_process_size__ <= __STACKSIZE_PROCESS__), error: .stack_process is larger than specified size)
START GROUP
LOAD Output/Debug/Obj/saadc_pca10040/main.o
LOAD Output/Debug/Obj/saadc_pca10040/boards.o
LOAD Output/Debug/Obj/saadc_pca10040/ses_nRF_Startup.o
LOAD Output/Debug/Obj/saadc_pca10040/ses_nrf52_Vectors.o
LOAD Output/Debug/Obj/saadc_pca10040/system_nrf52.o
LOAD Output/Debug/Obj/saadc_pca10040/thumb_crt0.o
LOAD Output/Debug/Obj/saadc_pca10040/nrf_drv_ppi.o
LOAD Output/Debug/Obj/saadc_pca10040/nrf_drv_uart.o
LOAD Output/Debug/Obj/saadc_pca10040/nrfx_ppi.o
LOAD Output/Debug/Obj/saadc_pca10040/nrfx_prs.o
LOAD Output/Debug/Obj/saadc_pca10040/nrfx_saadc.o
LOAD Output/Debug/Obj/saadc_pca10040/nrfx_timer.o
LOAD Output/Debug/Obj/saadc_pca10040/nrfx_uart.o
LOAD Output/Debug/Obj/saadc_pca10040/nrfx_uarte.o
LOAD Output/Debug/Obj/saadc_pca10040/app_error.o
LOAD Output/Debug/Obj/saadc_pca10040/app_error_handler_gcc.o
LOAD Output/Debug/Obj/saadc_pca10040/app_error_weak.o
LOAD Output/Debug/Obj/saadc_pca10040/app_util_platform.o
LOAD Output/Debug/Obj/saadc_pca10040/nrf_assert.o
LOAD Output/Debug/Obj/saadc_pca10040/nrf_atomic.o
LOAD Output/Debug/Obj/saadc_pca10040/nrf_balloc.o
LOAD Output/Debug/Obj/saadc_pca10040/nrf_fprintf.o
LOAD Output/Debug/Obj/saadc_pca10040/nrf_fprintf_format.o
LOAD Output/Debug/Obj/saadc_pca10040/nrf_memobj.o
LOAD Output/Debug/Obj/saadc_pca10040/nrf_pwr_mgmt.o
LOAD Output/Debug/Obj/saadc_pca10040/nrf_section_iter.o
LOAD Output/Debug/Obj/saadc_pca10040/nrf_strerror.o
LOAD Output/Debug/Obj/saadc_pca10040/nrf_log_backend_rtt.o
LOAD Output/Debug/Obj/saadc_pca10040/nrf_log_backend_serial.o
LOAD Output/Debug/Obj/saadc_pca10040/nrf_log_backend_uart.o
LOAD Output/Debug/Obj/saadc_pca10040/nrf_log_default_backends.o
LOAD Output/Debug/Obj/saadc_pca10040/nrf_log_frontend.o
LOAD Output/Debug/Obj/saadc_pca10040/nrf_log_str_formatter.o
LOAD Output/Debug/Obj/saadc_pca10040/SEGGER_RTT.o
LOAD Output/Debug/Obj/saadc_pca10040/SEGGER_RTT_printf.o
LOAD C:/Program Files/SEGGER/SEGGER Embedded Studio for ARM 7.10a/lib/libc_v7em_fpv4_sp_d16_hard_t_le_eabi_balanced.a
LOAD C:/Program Files/SEGGER/SEGGER Embedded Studio for ARM 7.10a/lib/heapops_basic_v7em_fpv4_sp_d16_hard_t_le_eabi_balanced.a
LOAD C:/Program Files/SEGGER/SEGGER Embedded Studio for ARM 7.10a/lib/heapops_disable_interrupts_locking_v7em_fpv4_sp_d16_hard_t_le_eabi_balanced.a
END GROUP
OUTPUT(C:/Users/admin/Desktop/research/DeviceDownload/nRF5SDK1500a53641a/nRF5_SDK_15.0.0_a53641a/examples/MyProjects/saadc_one_pin/pca10040/blank/ses/Output/Debug/Exe/saadc_pca10040.elf elf32-littlearm)
LOAD linker stubs

.debug_frame    0x0000000000000000     0x3204
 .debug_frame   0x0000000000000000      0x124 Output/Debug/Obj/saadc_pca10040/main.o
 .debug_frame   0x0000000000000124       0xfc Output/Debug/Obj/saadc_pca10040/system_nrf52.o
 .debug_frame   0x0000000000000220       0x8c Output/Debug/Obj/saadc_pca10040/nrf_drv_uart.o
 .debug_frame   0x00000000000002ac       0x9c Output/Debug/Obj/saadc_pca10040/nrfx_prs.o
 .debug_frame   0x0000000000000348      0x4f4 Output/Debug/Obj/saadc_pca10040/nrfx_saadc.o
 .debug_frame   0x000000000000083c      0x5d0 Output/Debug/Obj/saadc_pca10040/nrfx_timer.o
 .debug_frame   0x0000000000000e0c      0x870 Output/Debug/Obj/saadc_pca10040/nrfx_uart.o
 .debug_frame   0x000000000000167c      0x7fc Output/Debug/Obj/saadc_pca10040/nrfx_uarte.o
 .debug_frame   0x0000000000001e78       0x58 Output/Debug/Obj/saadc_pca10040/app_error.o
 .debug_frame   0x0000000000001ed0       0x20 Output/Debug/Obj/saadc_pca10040/app_error_handler_gcc.o
 .debug_frame   0x0000000000001ef0       0x3c Output/Debug/Obj/saadc_pca10040/app_error_weak.o
 .debug_frame   0x0000000000001f2c       0xe8 Output/Debug/Obj/saadc_pca10040/app_util_platform.o
 .debug_frame   0x0000000000002014       0x38 Output/Debug/Obj/saadc_pca10040/nrf_assert.o
 .debug_frame   0x000000000000204c      0x3b0 Output/Debug/Obj/saadc_pca10040/nrf_atomic.o
 .debug_frame   0x00000000000023fc       0xdc Output/Debug/Obj/saadc_pca10040/nrf_balloc.o
 .debug_frame   0x00000000000024d8       0x80 Output/Debug/Obj/saadc_pca10040/nrf_fprintf.o
 .debug_frame   0x0000000000002558       0xd8 Output/Debug/Obj/saadc_pca10040/nrf_fprintf_format.o
 .debug_frame   0x0000000000002630      0x150 Output/Debug/Obj/saadc_pca10040/nrf_memobj.o
 .debug_frame   0x0000000000002780      0x1b0 Output/Debug/Obj/saadc_pca10040/nrf_pwr_mgmt.o
 .debug_frame   0x0000000000002930       0x58 Output/Debug/Obj/saadc_pca10040/nrf_strerror.o
 .debug_frame   0x0000000000002988       0x38 Output/Debug/Obj/saadc_pca10040/nrf_log_backend_serial.o
 .debug_frame   0x00000000000029c0      0x16c Output/Debug/Obj/saadc_pca10040/nrf_log_backend_uart.o
 .debug_frame   0x0000000000002b2c       0x58 Output/Debug/Obj/saadc_pca10040/nrf_log_default_backends.o
 .debug_frame   0x0000000000002b84      0x588 Output/Debug/Obj/saadc_pca10040/nrf_log_frontend.o
 .debug_frame   0x000000000000310c       0xf8 Output/Debug/Obj/saadc_pca10040/nrf_log_str_formatter.o

.debug_info     0x0000000000000000    0x113fc
 .debug_info    0x0000000000000000      0x8b4 Output/Debug/Obj/saadc_pca10040/main.o
 .debug_info    0x00000000000008b4       0x23 Output/Debug/Obj/saadc_pca10040/ses_nRF_Startup.o
 .debug_info    0x00000000000008d7       0x23 Output/Debug/Obj/saadc_pca10040/ses_nrf52_Vectors.o
 .debug_info    0x00000000000008fa     0x117a Output/Debug/Obj/saadc_pca10040/system_nrf52.o
 .debug_info    0x0000000000001a74       0x22 Output/Debug/Obj/saadc_pca10040/thumb_crt0.o
 .debug_info    0x0000000000001a96     0x115a Output/Debug/Obj/saadc_pca10040/nrf_drv_uart.o
 .debug_info    0x0000000000002bf0      0x7a7 Output/Debug/Obj/saadc_pca10040/nrfx_prs.o
 .debug_info    0x0000000000003397     0x1a2a Output/Debug/Obj/saadc_pca10040/nrfx_saadc.o
 .debug_info    0x0000000000004dc1     0x14ad Output/Debug/Obj/saadc_pca10040/nrfx_timer.o
 .debug_info    0x000000000000626e     0x1e37 Output/Debug/Obj/saadc_pca10040/nrfx_uart.o
 .debug_info    0x00000000000080a5     0x1f6a Output/Debug/Obj/saadc_pca10040/nrfx_uarte.o
 .debug_info    0x000000000000a00f      0x28c Output/Debug/Obj/saadc_pca10040/app_error.o
 .debug_info    0x000000000000a29b       0xf8 Output/Debug/Obj/saadc_pca10040/app_error_handler_gcc.o
 .debug_info    0x000000000000a393      0x363 Output/Debug/Obj/saadc_pca10040/app_error_weak.o
 .debug_info    0x000000000000a6f6      0x73c Output/Debug/Obj/saadc_pca10040/app_util_platform.o
 .debug_info    0x000000000000ae32      0x12b Output/Debug/Obj/saadc_pca10040/nrf_assert.o
 .debug_info    0x000000000000af5d      0x86a Output/Debug/Obj/saadc_pca10040/nrf_atomic.o
 .debug_info    0x000000000000b7c7      0x354 Output/Debug/Obj/saadc_pca10040/nrf_balloc.o
 .debug_info    0x000000000000bb1b      0x225 Output/Debug/Obj/saadc_pca10040/nrf_fprintf.o
 .debug_info    0x000000000000bd40      0x4a8 Output/Debug/Obj/saadc_pca10040/nrf_fprintf_format.o
 .debug_info    0x000000000000c1e8      0x73f Output/Debug/Obj/saadc_pca10040/nrf_memobj.o
 .debug_info    0x000000000000c927      0xfd5 Output/Debug/Obj/saadc_pca10040/nrf_pwr_mgmt.o
 .debug_info    0x000000000000d8fc      0x1ba Output/Debug/Obj/saadc_pca10040/nrf_strerror.o
 .debug_info    0x000000000000dab6      0x719 Output/Debug/Obj/saadc_pca10040/nrf_log_backend_serial.o
 .debug_info    0x000000000000e1cf     0x1035 Output/Debug/Obj/saadc_pca10040/nrf_log_backend_uart.o
 .debug_info    0x000000000000f204      0x295 Output/Debug/Obj/saadc_pca10040/nrf_log_default_backends.o
 .debug_info    0x000000000000f499     0x1a61 Output/Debug/Obj/saadc_pca10040/nrf_log_frontend.o
 .debug_info    0x0000000000010efa      0x502 Output/Debug/Obj/saadc_pca10040/nrf_log_str_formatter.o

.debug_abbrev   0x0000000000000000     0x3644
 .debug_abbrev  0x0000000000000000      0x247 Output/Debug/Obj/saadc_pca10040/main.o
 .debug_abbrev  0x0000000000000247       0x14 Output/Debug/Obj/saadc_pca10040/ses_nRF_Startup.o
 .debug_abbrev  0x000000000000025b       0x14 Output/Debug/Obj/saadc_pca10040/ses_nrf52_Vectors.o
 .debug_abbrev  0x000000000000026f      0x201 Output/Debug/Obj/saadc_pca10040/system_nrf52.o